<?xml version="1.0"?>
<!DOCTYPE BlastOutput PUBLIC "-//NCBI//NCBI BlastOutput/EN" "http://www.ncbi.nlm.nih.gov/dtd/NCBI_BlastOutput.dtd">
<BlastOutput>
  <BlastOutput_program>blastn</BlastOutput_program>
  <BlastOutput_version>BLASTN 2.13.0+</BlastOutput_version>
  <BlastOutput_reference>Stephen F. Altschul, Thomas L. Madden, Alejandro A. Sch&amp;auml;ffer, Jinghui Zhang, Zheng Zhang, Webb Miller, and David J. Lipman (1997), &quot;Gapped BLAST and PSI-BLAST: a new generation of protein database search programs&quot;, Nucleic Acids Res. 25:3389-3402.</BlastOutput_reference>
  <BlastOutput_db>nt</BlastOutput_db>
  <BlastOutput_query-ID>Query_11138</BlastOutput_query-ID>
  <BlastOutput_query-def>forward</BlastOutput_query-def>
  <BlastOutput_query-len>280</BlastOutput_query-len>
  <BlastOutput_param>
    <Parameters>
      <Parameters_expect>10</Parameters_expect>
      <Parameters_sc-match>2</Parameters_sc-match>
      <Parameters_sc-mismatch>-3</Parameters_sc-mismatch>
      <Parameters_gap-open>5</Parameters_gap-open>
      <Parameters_gap-extend>2</Parameters_gap-extend>
      <Parameters_filter>L;m;</Parameters_filter>
    </Parameters>
  </BlastOutput_param>
<BlastOutput_iterations>
<Iteration>
  <Iteration_iter-num>1</Iteration_iter-num>
  <Iteration_query-ID>Query_11138</Iteration_query-ID>
  <Iteration_query-def>forward</Iteration_query-def>
  <Iteration_query-len>280</Iteration_query-len>
<Iteration_hits>
<Hit>
  <Hit_num>1</Hit_num>
  <Hit_id>gi|2308283195|gb|OP510064.1|</Hit_id>
  <Hit_def>Bifidobacterium adolescentis strain CLD22002 16S ribosomal RNA gene, partial sequence</Hit_def>
  <Hit_accession>OP510064</Hit_accession>
  <Hit_len>1393</Hit_len>
  <Hit_hsps>
    <Hsp>
      <Hsp_num>1</Hsp_num>
      <Hsp_bit-score>379.092</Hsp_bit-score>
      <Hsp_score>419</Hsp_score>
      <Hsp_evalue>3.03505e-100</Hsp_evalue>
      <Hsp_query-from>2</Hsp_query-from>
      <Hsp_query-to>278</Hsp_query-to>
      <Hsp_hit-from>274</Hsp_hit-from>
      <Hsp_hit-to>550</Hsp_hit-to>
      <Hsp_query-frame>1</Hsp_query-frame>
      <Hsp_hit-frame>1</Hsp_hit-frame>
      <Hsp_identity>250</Hsp_identity>
      <Hsp_positive>250</Hsp_positive>
      <Hsp_gaps>0</Hsp_gaps>
      <Hsp_align-len>277</Hsp_align-len>
      <Hsp_qseq>CTACGGGAGGCTGCAGTGGGGAATATTGCACAATGGGCGCAAGCCTGATGCAGCGACGCCGCGTGCGGGATGTCGGCCTTCGGGTTGTAAACCGCTTTTGTCTGGGAGCTAGCCCTTCGGGGTTAGTCTCCCTTCCGCATATGCACCGGCTACCTACGTCCCAGCCGCCGCGGTAATACGTAGGGTGCCAGCGTTATCCGGTATTTTTGGGCGTAACGTGCTCTTAGGCGGTTCGTCGCGTCCGGTTTGCATTTCCTTCCCTTAACCGTGTATCCGC</Hsp_qseq>
      <Hsp_hseq>CTACGGGAGGCAGCAGTGGGGAATATTGCACAATGGGCGCAAGCCTGATGCAGCGACGCCGCGTGCGGGATGACGGCCTTCGGGTTGTAAACCGCTTTTGACTGGGAGCAAGCCCTTCGGGGTGAGTGTACCTTTCGAATAAGCACCGGCTAACTACGTGCCAGCAGCCGCGGTAATACGTAGGGTGCAAGCGTTATCCGGAATTATTGGGCGTAAAGGGCTCGTAGGCGGTTCGTCGCGTCCGGTGTGAAAGTCCATCGCTTAACGGTGGATCCGC</Hsp_hseq>
      <Hsp_midline>||||||||||| |||||||||||||||||||||||||||||||||||||||||||||||||||||||||||| ||||||||||||||||||||||||||| |||||||| ||||||||||||| ||| | |||| || ||| |||||||||| |||||| ||||| |||||||||||||||||||||| |||||||||||| ||| |||||||||| | |||| |||||||||||||||||||||| || |  ||| || |||||| ||| ||||||</Hsp_midline>
    </Hsp>
  </Hit_hsps>
</Hit>
<Hit>
  <Hit_num>2</Hit_num>
  <Hit_id>gi|2292649523|dbj|LC726256.1|</Hit_id>
  <Hit_def>Bifidobacterium adolescentis ShW6-4 gene for 16S ribosomal RNA, partial sequence</Hit_def>
  <Hit_accession>LC726256</Hit_accession>
  <Hit_len>1465</Hit_len>
  <Hit_hsps>
    <Hsp>
      <Hsp_num>1</Hsp_num>
      <Hsp_bit-score>379.092</Hsp_bit-score>
      <Hsp_score>419</Hsp_score>
      <Hsp_evalue>3.03505e-100</Hsp_evalue>
      <Hsp_query-from>2</Hsp_query-from>
      <Hsp_query-to>278</Hsp_query-to>
      <Hsp_hit-from>329</Hsp_hit-from>
      <Hsp_hit-to>605</Hsp_hit-to>
      <Hsp_query-frame>1</Hsp_query-frame>
      <Hsp_hit-frame>1</Hsp_hit-frame>
      <Hsp_identity>250</Hsp_identity>
      <Hsp_positive>250</Hsp_positive>
      <Hsp_gaps>0</Hsp_gaps>
      <Hsp_align-len>277</Hsp_align-len>
      <Hsp_qseq>CTACGGGAGGCTGCAGTGGGGAATATTGCACAATGGGCGCAAGCCTGATGCAGCGACGCCGCGTGCGGGATGTCGGCCTTCGGGTTGTAAACCGCTTTTGTCTGGGAGCTAGCCCTTCGGGGTTAGTCTCCCTTCCGCATATGCACCGGCTACCTACGTCCCAGCCGCCGCGGTAATACGTAGGGTGCCAGCGTTATCCGGTATTTTTGGGCGTAACGTGCTCTTAGGCGGTTCGTCGCGTCCGGTTTGCATTTCCTTCCCTTAACCGTGTATCCGC</Hsp_qseq>
      <Hsp_hseq>CTACGGGAGGCAGCAGTGGGGAATATTGCACAATGGGCGCAAGCCTGATGCAGCGACGCCGCGTGCGGGATGACGGCCTTCGGGTTGTAAACCGCTTTTGACTGGGAGCAAGCCCTTCGGGGTGAGTGTACCTTTCGAATAAGCACCGGCTAACTACGTGCCAGCAGCCGCGGTAATACGTAGGGTGCAAGCGTTATCCGGAATTATTGGGCGTAAAGGGCTCGTAGGCGGTTCGTCGCGTCCGGTGTGAAAGTCCATCGCTTAACGGTGGATCCGC</Hsp_hseq>
      <Hsp_midline>||||||||||| |||||||||||||||||||||||||||||||||||||||||||||||||||||||||||| ||||||||||||||||||||||||||| |||||||| ||||||||||||| ||| | |||| || ||| |||||||||| |||||| ||||| |||||||||||||||||||||| |||||||||||| ||| |||||||||| | |||| |||||||||||||||||||||| || |  ||| || |||||| ||| ||||||</Hsp_midline>
    </Hsp>
  </Hit_hsps>
</Hit>
<Hit>
  <Hit_num>3</Hit_num>
  <Hit_id>gi|2292649522|dbj|LC726255.1|</Hit_id>
  <Hit_def>Bifidobacterium adolescentis SjH6-2 gene for 16S ribosomal RNA, partial sequence</Hit_def>
  <Hit_accession>LC726255</Hit_accession>
  <Hit_len>1450</Hit_len>
  <Hit_hsps>
    <Hsp>
      <Hsp_num>1</Hsp_num>
      <Hsp_bit-score>379.092</Hsp_bit-score>
      <Hsp_score>419</Hsp_score>
      <Hsp_evalue>3.03505e-100</Hsp_evalue>
      <Hsp_query-from>2</Hsp_query-from>
      <Hsp_query-to>278</Hsp_query-to>
      <Hsp_hit-from>317</Hsp_hit-from>
      <Hsp_hit-to>593</Hsp_hit-to>
      <Hsp_query-frame>1</Hsp_query-frame>
      <Hsp_hit-frame>1</Hsp_hit-frame>
      <Hsp_identity>250</Hsp_identity>
      <Hsp_positive>250</Hsp_positive>
      <Hsp_gaps>0</Hsp_gaps>
      <Hsp_align-len>277</Hsp_align-len>
      <Hsp_qseq>CTACGGGAGGCTGCAGTGGGGAATATTGCACAATGGGCGCAAGCCTGATGCAGCGACGCCGCGTGCGGGATGTCGGCCTTCGGGTTGTAAACCGCTTTTGTCTGGGAGCTAGCCCTTCGGGGTTAGTCTCCCTTCCGCATATGCACCGGCTACCTACGTCCCAGCCGCCGCGGTAATACGTAGGGTGCCAGCGTTATCCGGTATTTTTGGGCGTAACGTGCTCTTAGGCGGTTCGTCGCGTCCGGTTTGCATTTCCTTCCCTTAACCGTGTATCCGC</Hsp_qseq>
      <Hsp_hseq>CTACGGGAGGCAGCAGTGGGGAATATTGCACAATGGGCGCAAGCCTGATGCAGCGACGCCGCGTGCGGGATGACGGCCTTCGGGTTGTAAACCGCTTTTGACTGGGAGCAAGCCCTTCGGGGTGAGTGTACCTTTCGAATAAGCACCGGCTAACTACGTGCCAGCAGCCGCGGTAATACGTAGGGTGCAAGCGTTATCCGGAATTATTGGGCGTAAAGGGCTCGTAGGCGGTTCGTCGCGTCCGGTGTGAAAGTCCATCGCTTAACGGTGGATCCGC</Hsp_hseq>
      <Hsp_midline>||||||||||| |||||||||||||||||||||||||||||||||||||||||||||||||||||||||||| ||||||||||||||||||||||||||| |||||||| ||||||||||||| ||| | |||| || ||| |||||||||| |||||| ||||| |||||||||||||||||||||| |||||||||||| ||| |||||||||| | |||| |||||||||||||||||||||| || |  ||| || |||||| ||| ||||||</Hsp_midline>
    </Hsp>
  </Hit_hsps>
</Hit>
<Hit>
  <Hit_num>4</Hit_num>
  <Hit_id>gi|2292649520|dbj|LC726253.1|</Hit_id>
  <Hit_def>Bifidobacterium adolescentis Sh4-6 gene for 16S ribosomal RNA, partial sequence</Hit_def>
  <Hit_accession>LC726253</Hit_accession>
  <Hit_len>1451</Hit_len>
  <Hit_hsps>
    <Hsp>
      <Hsp_num>1</Hsp_num>
      <Hsp_bit-score>379.092</Hsp_bit-score>
      <Hsp_score>419</Hsp_score>
      <Hsp_evalue>3.03505e-100</Hsp_evalue>
      <Hsp_query-from>2</Hsp_query-from>
      <Hsp_query-to>278</Hsp_query-to>
      <Hsp_hit-from>317</Hsp_hit-from>
      <Hsp_hit-to>593</Hsp_hit-to>
      <Hsp_query-frame>1</Hsp_query-frame>
      <Hsp_hit-frame>1</Hsp_hit-frame>
      <Hsp_identity>250</Hsp_identity>
      <Hsp_positive>250</Hsp_positive>
      <Hsp_gaps>0</Hsp_gaps>
      <Hsp_align-len>277</Hsp_align-len>
      <Hsp_qseq>CTACGGGAGGCTGCAGTGGGGAATATTGCACAATGGGCGCAAGCCTGATGCAGCGACGCCGCGTGCGGGATGTCGGCCTTCGGGTTGTAAACCGCTTTTGTCTGGGAGCTAGCCCTTCGGGGTTAGTCTCCCTTCCGCATATGCACCGGCTACCTACGTCCCAGCCGCCGCGGTAATACGTAGGGTGCCAGCGTTATCCGGTATTTTTGGGCGTAACGTGCTCTTAGGCGGTTCGTCGCGTCCGGTTTGCATTTCCTTCCCTTAACCGTGTATCCGC</Hsp_qseq>
      <Hsp_hseq>CTACGGGAGGCAGCAGTGGGGAATATTGCACAATGGGCGCAAGCCTGATGCAGCGACGCCGCGTGCGGGATGACGGCCTTCGGGTTGTAAACCGCTTTTGACTGGGAGCAAGCCCTTCGGGGTGAGTGTACCTTTCGAATAAGCACCGGCTAACTACGTGCCAGCAGCCGCGGTAATACGTAGGGTGCAAGCGTTATCCGGAATTATTGGGCGTAAAGGGCTCGTAGGCGGTTCGTCGCGTCCGGTGTGAAAGTCCATCGCTTAACGGTGGATCCGC</Hsp_hseq>
      <Hsp_midline>||||||||||| |||||||||||||||||||||||||||||||||||||||||||||||||||||||||||| ||||||||||||||||||||||||||| |||||||| ||||||||||||| ||| | |||| || ||| |||||||||| |||||| ||||| |||||||||||||||||||||| |||||||||||| ||| |||||||||| | |||| |||||||||||||||||||||| || |  ||| || |||||| ||| ||||||</Hsp_midline>
    </Hsp>
  </Hit_hsps>
</Hit>
<Hit>
  <Hit_num>5</Hit_num>
  <Hit_id>gi|2292649517|dbj|LC726250.1|</Hit_id>
  <Hit_def>Bifidobacterium adolescentis C6-5 gene for 16S ribosomal RNA, partial sequence</Hit_def>
  <Hit_accession>LC726250</Hit_accession>
  <Hit_len>1472</Hit_len>
  <Hit_hsps>
    <Hsp>
      <Hsp_num>1</Hsp_num>
      <Hsp_bit-score>379.092</Hsp_bit-score>
      <Hsp_score>419</Hsp_score>
      <Hsp_evalue>3.03505e-100</Hsp_evalue>
      <Hsp_query-from>2</Hsp_query-from>
      <Hsp_query-to>278</Hsp_query-to>
      <Hsp_hit-from>329</Hsp_hit-from>
      <Hsp_hit-to>605</Hsp_hit-to>
      <Hsp_query-frame>1</Hsp_query-frame>
      <Hsp_hit-frame>1</Hsp_hit-frame>
      <Hsp_identity>250</Hsp_identity>
      <Hsp_positive>250</Hsp_positive>
      <Hsp_gaps>0</Hsp_gaps>
      <Hsp_align-len>277</Hsp_align-len>
      <Hsp_qseq>CTACGGGAGGCTGCAGTGGGGAATATTGCACAATGGGCGCAAGCCTGATGCAGCGACGCCGCGTGCGGGATGTCGGCCTTCGGGTTGTAAACCGCTTTTGTCTGGGAGCTAGCCCTTCGGGGTTAGTCTCCCTTCCGCATATGCACCGGCTACCTACGTCCCAGCCGCCGCGGTAATACGTAGGGTGCCAGCGTTATCCGGTATTTTTGGGCGTAACGTGCTCTTAGGCGGTTCGTCGCGTCCGGTTTGCATTTCCTTCCCTTAACCGTGTATCCGC</Hsp_qseq>
      <Hsp_hseq>CTACGGGAGGCAGCAGTGGGGAATATTGCACAATGGGCGCAAGCCTGATGCAGCGACGCCGCGTGCGGGATGACGGCCTTCGGGTTGTAAACCGCTTTTGACTGGGAGCAAGCCCTTCGGGGTGAGTGTACCTTTCGAATAAGCACCGGCTAACTACGTGCCAGCAGCCGCGGTAATACGTAGGGTGCAAGCGTTATCCGGAATTATTGGGCGTAAAGGGCTCGTAGGCGGTTCGTCGCGTCCGGTGTGAAAGTCCATCGCTTAACGGTGGATCCGC</Hsp_hseq>
      <Hsp_midline>||||||||||| |||||||||||||||||||||||||||||||||||||||||||||||||||||||||||| ||||||||||||||||||||||||||| |||||||| ||||||||||||| ||| | |||| || ||| |||||||||| |||||| ||||| |||||||||||||||||||||| |||||||||||| ||| |||||||||| | |||| |||||||||||||||||||||| || |  ||| || |||||| ||| ||||||</Hsp_midline>
    </Hsp>
  </Hit_hsps>
</Hit>
<Hit>
  <Hit_num>6</Hit_num>
  <Hit_id>gi|2240214207|gb|CP097281.1|</Hit_id>
  <Hit_def>Bifidobacterium adolescentis strain NB2B-16-TSAB chromosome</Hit_def>
  <Hit_accession>CP097281</Hit_accession>
  <Hit_len>2492529</Hit_len>
  <Hit_hsps>
    <Hsp>
      <Hsp_num>1</Hsp_num>
      <Hsp_bit-score>379.092</Hsp_bit-score>
      <Hsp_score>419</Hsp_score>
      <Hsp_evalue>3.03505e-100</Hsp_evalue>
      <Hsp_query-from>2</Hsp_query-from>
      <Hsp_query-to>278</Hsp_query-to>
      <Hsp_hit-from>4883</Hsp_hit-from>
      <Hsp_hit-to>4607</Hsp_hit-to>
      <Hsp_query-frame>1</Hsp_query-frame>
      <Hsp_hit-frame>-1</Hsp_hit-frame>
      <Hsp_identity>250</Hsp_identity>
      <Hsp_positive>250</Hsp_positive>
      <Hsp_gaps>0</Hsp_gaps>
      <Hsp_align-len>277</Hsp_align-len>
      <Hsp_qseq>CTACGGGAGGCTGCAGTGGGGAATATTGCACAATGGGCGCAAGCCTGATGCAGCGACGCCGCGTGCGGGATGTCGGCCTTCGGGTTGTAAACCGCTTTTGTCTGGGAGCTAGCCCTTCGGGGTTAGTCTCCCTTCCGCATATGCACCGGCTACCTACGTCCCAGCCGCCGCGGTAATACGTAGGGTGCCAGCGTTATCCGGTATTTTTGGGCGTAACGTGCTCTTAGGCGGTTCGTCGCGTCCGGTTTGCATTTCCTTCCCTTAACCGTGTATCCGC</Hsp_qseq>
      <Hsp_hseq>CTACGGGAGGCAGCAGTGGGGAATATTGCACAATGGGCGCAAGCCTGATGCAGCGACGCCGCGTGCGGGATGACGGCCTTCGGGTTGTAAACCGCTTTTGACTGGGAGCAAGCCCTTCGGGGTGAGTGTACCTTTCGAATAAGCACCGGCTAACTACGTGCCAGCAGCCGCGGTAATACGTAGGGTGCAAGCGTTATCCGGAATTATTGGGCGTAAAGGGCTCGTAGGCGGTTCGTCGCGTCCGGTGTGAAAGTCCATCGCTTAACGGTGGATCCGC</Hsp_hseq>
      <Hsp_midline>||||||||||| |||||||||||||||||||||||||||||||||||||||||||||||||||||||||||| ||||||||||||||||||||||||||| |||||||| ||||||||||||| ||| | |||| || ||| |||||||||| |||||| ||||| |||||||||||||||||||||| |||||||||||| ||| |||||||||| | |||| |||||||||||||||||||||| || |  ||| || |||||| ||| ||||||</Hsp_midline>
    </Hsp>
    <Hsp>
      <Hsp_num>2</Hsp_num>
      <Hsp_bit-score>379.092</Hsp_bit-score>
      <Hsp_score>419</Hsp_score>
      <Hsp_evalue>3.03505e-100</Hsp_evalue>
      <Hsp_query-from>2</Hsp_query-from>
      <Hsp_query-to>278</Hsp_query-to>
      <Hsp_hit-from>1511852</Hsp_hit-from>
      <Hsp_hit-to>1511576</Hsp_hit-to>
      <Hsp_query-frame>1</Hsp_query-frame>
      <Hsp_hit-frame>-1</Hsp_hit-frame>
      <Hsp_identity>250</Hsp_identity>
      <Hsp_positive>250</Hsp_positive>
      <Hsp_gaps>0</Hsp_gaps>
      <Hsp_align-len>277</Hsp_align-len>
      <Hsp_qseq>CTACGGGAGGCTGCAGTGGGGAATATTGCACAATGGGCGCAAGCCTGATGCAGCGACGCCGCGTGCGGGATGTCGGCCTTCGGGTTGTAAACCGCTTTTGTCTGGGAGCTAGCCCTTCGGGGTTAGTCTCCCTTCCGCATATGCACCGGCTACCTACGTCCCAGCCGCCGCGGTAATACGTAGGGTGCCAGCGTTATCCGGTATTTTTGGGCGTAACGTGCTCTTAGGCGGTTCGTCGCGTCCGGTTTGCATTTCCTTCCCTTAACCGTGTATCCGC</Hsp_qseq>
      <Hsp_hseq>CTACGGGAGGCAGCAGTGGGGAATATTGCACAATGGGCGCAAGCCTGATGCAGCGACGCCGCGTGCGGGATGACGGCCTTCGGGTTGTAAACCGCTTTTGACTGGGAGCAAGCCCTTCGGGGTGAGTGTACCTTTCGAATAAGCACCGGCTAACTACGTGCCAGCAGCCGCGGTAATACGTAGGGTGCAAGCGTTATCCGGAATTATTGGGCGTAAAGGGCTCGTAGGCGGTTCGTCGCGTCCGGTGTGAAAGTCCATCGCTTAACGGTGGATCCGC</Hsp_hseq>
      <Hsp_midline>||||||||||| |||||||||||||||||||||||||||||||||||||||||||||||||||||||||||| ||||||||||||||||||||||||||| |||||||| ||||||||||||| ||| | |||| || ||| |||||||||| |||||| ||||| |||||||||||||||||||||| |||||||||||| ||| |||||||||| | |||| |||||||||||||||||||||| || |  ||| || |||||| ||| ||||||</Hsp_midline>
    </Hsp>
    <Hsp>
      <Hsp_num>3</Hsp_num>
      <Hsp_bit-score>379.092</Hsp_bit-score>
      <Hsp_score>419</Hsp_score>
      <Hsp_evalue>3.03505e-100</Hsp_evalue>
      <Hsp_query-from>2</Hsp_query-from>
      <Hsp_query-to>278</Hsp_query-to>
      <Hsp_hit-from>1997586</Hsp_hit-from>
      <Hsp_hit-to>1997310</Hsp_hit-to>
      <Hsp_query-frame>1</Hsp_query-frame>
      <Hsp_hit-frame>-1</Hsp_hit-frame>
      <Hsp_identity>250</Hsp_identity>
      <Hsp_positive>250</Hsp_positive>
      <Hsp_gaps>0</Hsp_gaps>
      <Hsp_align-len>277</Hsp_align-len>
      <Hsp_qseq>CTACGGGAGGCTGCAGTGGGGAATATTGCACAATGGGCGCAAGCCTGATGCAGCGACGCCGCGTGCGGGATGTCGGCCTTCGGGTTGTAAACCGCTTTTGTCTGGGAGCTAGCCCTTCGGGGTTAGTCTCCCTTCCGCATATGCACCGGCTACCTACGTCCCAGCCGCCGCGGTAATACGTAGGGTGCCAGCGTTATCCGGTATTTTTGGGCGTAACGTGCTCTTAGGCGGTTCGTCGCGTCCGGTTTGCATTTCCTTCCCTTAACCGTGTATCCGC</Hsp_qseq>
      <Hsp_hseq>CTACGGGAGGCAGCAGTGGGGAATATTGCACAATGGGCGCAAGCCTGATGCAGCGACGCCGCGTGCGGGATGACGGCCTTCGGGTTGTAAACCGCTTTTGACTGGGAGCAAGCCCTTCGGGGTGAGTGTACCTTTCGAATAAGCACCGGCTAACTACGTGCCAGCAGCCGCGGTAATACGTAGGGTGCAAGCGTTATCCGGAATTATTGGGCGTAAAGGGCTCGTAGGCGGTTCGTCGCGTCCGGTGTGAAAGTCCATCGCTTAACGGTGGATCCGC</Hsp_hseq>
      <Hsp_midline>||||||||||| |||||||||||||||||||||||||||||||||||||||||||||||||||||||||||| ||||||||||||||||||||||||||| |||||||| ||||||||||||| ||| | |||| || ||| |||||||||| |||||| ||||| |||||||||||||||||||||| |||||||||||| ||| |||||||||| | |||| |||||||||||||||||||||| || |  ||| || |||||| ||| ||||||</Hsp_midline>
    </Hsp>
    <Hsp>
      <Hsp_num>4</Hsp_num>
      <Hsp_bit-score>379.092</Hsp_bit-score>
      <Hsp_score>419</Hsp_score>
      <Hsp_evalue>3.03505e-100</Hsp_evalue>
      <Hsp_query-from>2</Hsp_query-from>
      <Hsp_query-to>278</Hsp_query-to>
      <Hsp_hit-from>2324570</Hsp_hit-from>
      <Hsp_hit-to>2324294</Hsp_hit-to>
      <Hsp_query-frame>1</Hsp_query-frame>
      <Hsp_hit-frame>-1</Hsp_hit-frame>
      <Hsp_identity>250</Hsp_identity>
      <Hsp_positive>250</Hsp_positive>
      <Hsp_gaps>0</Hsp_gaps>
      <Hsp_align-len>277</Hsp_align-len>
      <Hsp_qseq>CTACGGGAGGCTGCAGTGGGGAATATTGCACAATGGGCGCAAGCCTGATGCAGCGACGCCGCGTGCGGGATGTCGGCCTTCGGGTTGTAAACCGCTTTTGTCTGGGAGCTAGCCCTTCGGGGTTAGTCTCCCTTCCGCATATGCACCGGCTACCTACGTCCCAGCCGCCGCGGTAATACGTAGGGTGCCAGCGTTATCCGGTATTTTTGGGCGTAACGTGCTCTTAGGCGGTTCGTCGCGTCCGGTTTGCATTTCCTTCCCTTAACCGTGTATCCGC</Hsp_qseq>
      <Hsp_hseq>CTACGGGAGGCAGCAGTGGGGAATATTGCACAATGGGCGCAAGCCTGATGCAGCGACGCCGCGTGCGGGATGACGGCCTTCGGGTTGTAAACCGCTTTTGACTGGGAGCAAGCCCTTCGGGGTGAGTGTACCTTTCGAATAAGCACCGGCTAACTACGTGCCAGCAGCCGCGGTAATACGTAGGGTGCAAGCGTTATCCGGAATTATTGGGCGTAAAGGGCTCGTAGGCGGTTCGTCGCGTCCGGTGTGAAAGTCCATCGCTTAACGGTGGATCCGC</Hsp_hseq>
      <Hsp_midline>||||||||||| |||||||||||||||||||||||||||||||||||||||||||||||||||||||||||| ||||||||||||||||||||||||||| |||||||| ||||||||||||| ||| | |||| || ||| |||||||||| |||||| ||||| |||||||||||||||||||||| |||||||||||| ||| |||||||||| | |||| |||||||||||||||||||||| || |  ||| || |||||| ||| ||||||</Hsp_midline>
    </Hsp>
    <Hsp>
      <Hsp_num>5</Hsp_num>
      <Hsp_bit-score>379.092</Hsp_bit-score>
      <Hsp_score>419</Hsp_score>
      <Hsp_evalue>3.03505e-100</Hsp_evalue>
      <Hsp_query-from>2</Hsp_query-from>
      <Hsp_query-to>278</Hsp_query-to>
      <Hsp_hit-from>2416026</Hsp_hit-from>
      <Hsp_hit-to>2415750</Hsp_hit-to>
      <Hsp_query-frame>1</Hsp_query-frame>
      <Hsp_hit-frame>-1</Hsp_hit-frame>
      <Hsp_identity>250</Hsp_identity>
      <Hsp_positive>250</Hsp_positive>
      <Hsp_gaps>0</Hsp_gaps>
      <Hsp_align-len>277</Hsp_align-len>
      <Hsp_qseq>CTACGGGAGGCTGCAGTGGGGAATATTGCACAATGGGCGCAAGCCTGATGCAGCGACGCCGCGTGCGGGATGTCGGCCTTCGGGTTGTAAACCGCTTTTGTCTGGGAGCTAGCCCTTCGGGGTTAGTCTCCCTTCCGCATATGCACCGGCTACCTACGTCCCAGCCGCCGCGGTAATACGTAGGGTGCCAGCGTTATCCGGTATTTTTGGGCGTAACGTGCTCTTAGGCGGTTCGTCGCGTCCGGTTTGCATTTCCTTCCCTTAACCGTGTATCCGC</Hsp_qseq>
      <Hsp_hseq>CTACGGGAGGCAGCAGTGGGGAATATTGCACAATGGGCGCAAGCCTGATGCAGCGACGCCGCGTGCGGGATGACGGCCTTCGGGTTGTAAACCGCTTTTGACTGGGAGCAAGCCCTTCGGGGTGAGTGTACCTTTCGAATAAGCACCGGCTAACTACGTGCCAGCAGCCGCGGTAATACGTAGGGTGCAAGCGTTATCCGGAATTATTGGGCGTAAAGGGCTCGTAGGCGGTTCGTCGCGTCCGGTGTGAAAGTCCATCGCTTAACGGTGGATCCGC</Hsp_hseq>
      <Hsp_midline>||||||||||| |||||||||||||||||||||||||||||||||||||||||||||||||||||||||||| ||||||||||||||||||||||||||| |||||||| ||||||||||||| ||| | |||| || ||| |||||||||| |||||| ||||| |||||||||||||||||||||| |||||||||||| ||| |||||||||| | |||| |||||||||||||||||||||| || |  ||| || |||||| ||| ||||||</Hsp_midline>
    </Hsp>
  </Hit_hsps>
</Hit>
<Hit>
  <Hit_num>7</Hit_num>
  <Hit_id>gi|2214409043|gb|OK325779.2|</Hit_id>
  <Hit_def>Bifidobacterium sp. strain B2-Q-108 16S ribosomal RNA gene, partial sequence</Hit_def>
  <Hit_accession>OK325779</Hit_accession>
  <Hit_len>1419</Hit_len>
  <Hit_hsps>
    <Hsp>
      <Hsp_num>1</Hsp_num>
      <Hsp_bit-score>379.092</Hsp_bit-score>
      <Hsp_score>419</Hsp_score>
      <Hsp_evalue>3.03505e-100</Hsp_evalue>
      <Hsp_query-from>2</Hsp_query-from>
      <Hsp_query-to>278</Hsp_query-to>
      <Hsp_hit-from>317</Hsp_hit-from>
      <Hsp_hit-to>593</Hsp_hit-to>
      <Hsp_query-frame>1</Hsp_query-frame>
      <Hsp_hit-frame>1</Hsp_hit-frame>
      <Hsp_identity>250</Hsp_identity>
      <Hsp_positive>250</Hsp_positive>
      <Hsp_gaps>0</Hsp_gaps>
      <Hsp_align-len>277</Hsp_align-len>
      <Hsp_qseq>CTACGGGAGGCTGCAGTGGGGAATATTGCACAATGGGCGCAAGCCTGATGCAGCGACGCCGCGTGCGGGATGTCGGCCTTCGGGTTGTAAACCGCTTTTGTCTGGGAGCTAGCCCTTCGGGGTTAGTCTCCCTTCCGCATATGCACCGGCTACCTACGTCCCAGCCGCCGCGGTAATACGTAGGGTGCCAGCGTTATCCGGTATTTTTGGGCGTAACGTGCTCTTAGGCGGTTCGTCGCGTCCGGTTTGCATTTCCTTCCCTTAACCGTGTATCCGC</Hsp_qseq>
      <Hsp_hseq>CTACGGGAGGCAGCAGTGGGGAATATTGCACAATGGGCGCAAGCCTGATGCAGCGACGCCGCGTGCGGGATGACGGCCTTCGGGTTGTAAACCGCTTTTGACTGGGAGCAAGCCCTTCGGGGTGAGTGTACCTTTCGAATAAGCACCGGCTAACTACGTGCCAGCAGCCGCGGTAATACGTAGGGTGCAAGCGTTATCCGGAATTATTGGGCGTAAAGGGCTCGTAGGCGGTTCGTCGCGTCCGGTGTGAAAGTCCATCGCTTAACGGTGGATCCGC</Hsp_hseq>
      <Hsp_midline>||||||||||| |||||||||||||||||||||||||||||||||||||||||||||||||||||||||||| ||||||||||||||||||||||||||| |||||||| ||||||||||||| ||| | |||| || ||| |||||||||| |||||| ||||| |||||||||||||||||||||| |||||||||||| ||| |||||||||| | |||| |||||||||||||||||||||| || |  ||| || |||||| ||| ||||||</Hsp_midline>
    </Hsp>
  </Hit_hsps>
</Hit>
<Hit>
  <Hit_num>8</Hit_num>
  <Hit_id>gi|2204435299|gb|OM920821.1|</Hit_id>
  <Hit_def>Bifidobacterium adolescentis strain 21428 16S ribosomal RNA gene, partial sequence</Hit_def>
  <Hit_accession>OM920821</Hit_accession>
  <Hit_len>542</Hit_len>
  <Hit_hsps>
    <Hsp>
      <Hsp_num>1</Hsp_num>
      <Hsp_bit-score>379.092</Hsp_bit-score>
      <Hsp_score>419</Hsp_score>
      <Hsp_evalue>3.03505e-100</Hsp_evalue>
      <Hsp_query-from>2</Hsp_query-from>
      <Hsp_query-to>278</Hsp_query-to>
      <Hsp_hit-from>176</Hsp_hit-from>
      <Hsp_hit-to>452</Hsp_hit-to>
      <Hsp_query-frame>1</Hsp_query-frame>
      <Hsp_hit-frame>1</Hsp_hit-frame>
      <Hsp_identity>250</Hsp_identity>
      <Hsp_positive>250</Hsp_positive>
      <Hsp_gaps>0</Hsp_gaps>
      <Hsp_align-len>277</Hsp_align-len>
      <Hsp_qseq>CTACGGGAGGCTGCAGTGGGGAATATTGCACAATGGGCGCAAGCCTGATGCAGCGACGCCGCGTGCGGGATGTCGGCCTTCGGGTTGTAAACCGCTTTTGTCTGGGAGCTAGCCCTTCGGGGTTAGTCTCCCTTCCGCATATGCACCGGCTACCTACGTCCCAGCCGCCGCGGTAATACGTAGGGTGCCAGCGTTATCCGGTATTTTTGGGCGTAACGTGCTCTTAGGCGGTTCGTCGCGTCCGGTTTGCATTTCCTTCCCTTAACCGTGTATCCGC</Hsp_qseq>
      <Hsp_hseq>CTACGGGAGGCAGCAGTGGGGAATATTGCACAATGGGCGCAAGCCTGATGCAGCGACGCCGCGTGCGGGATGACGGCCTTCGGGTTGTAAACCGCTTTTGACTGGGAGCAAGCCCTTCGGGGTGAGTGTACCTTTCGAATAAGCACCGGCTAACTACGTGCCAGCAGCCGCGGTAATACGTAGGGTGCAAGCGTTATCCGGAATTATTGGGCGTAAAGGGCTCGTAGGCGGTTCGTCGCGTCCGGTGTGAAAGTCCATCGCTTAACGGTGGATCCGC</Hsp_hseq>
      <Hsp_midline>||||||||||| |||||||||||||||||||||||||||||||||||||||||||||||||||||||||||| ||||||||||||||||||||||||||| |||||||| ||||||||||||| ||| | |||| || ||| |||||||||| |||||| ||||| |||||||||||||||||||||| |||||||||||| ||| |||||||||| | |||| |||||||||||||||||||||| || |  ||| || |||||| ||| ||||||</Hsp_midline>
    </Hsp>
  </Hit_hsps>
</Hit>
<Hit>
  <Hit_num>9</Hit_num>
  <Hit_id>gi|2204435298|gb|OM920820.1|</Hit_id>
  <Hit_def>Bifidobacterium adolescentis strain 20981 16S ribosomal RNA gene, partial sequence</Hit_def>
  <Hit_accession>OM920820</Hit_accession>
  <Hit_len>424</Hit_len>
  <Hit_hsps>
    <Hsp>
      <Hsp_num>1</Hsp_num>
      <Hsp_bit-score>379.092</Hsp_bit-score>
      <Hsp_score>419</Hsp_score>
      <Hsp_evalue>3.03505e-100</Hsp_evalue>
      <Hsp_query-from>2</Hsp_query-from>
      <Hsp_query-to>278</Hsp_query-to>
      <Hsp_hit-from>109</Hsp_hit-from>
      <Hsp_hit-to>385</Hsp_hit-to>
      <Hsp_query-frame>1</Hsp_query-frame>
      <Hsp_hit-frame>1</Hsp_hit-frame>
      <Hsp_identity>250</Hsp_identity>
      <Hsp_positive>250</Hsp_positive>
      <Hsp_gaps>0</Hsp_gaps>
      <Hsp_align-len>277</Hsp_align-len>
      <Hsp_qseq>CTACGGGAGGCTGCAGTGGGGAATATTGCACAATGGGCGCAAGCCTGATGCAGCGACGCCGCGTGCGGGATGTCGGCCTTCGGGTTGTAAACCGCTTTTGTCTGGGAGCTAGCCCTTCGGGGTTAGTCTCCCTTCCGCATATGCACCGGCTACCTACGTCCCAGCCGCCGCGGTAATACGTAGGGTGCCAGCGTTATCCGGTATTTTTGGGCGTAACGTGCTCTTAGGCGGTTCGTCGCGTCCGGTTTGCATTTCCTTCCCTTAACCGTGTATCCGC</Hsp_qseq>
      <Hsp_hseq>CTACGGGAGGCAGCAGTGGGGAATATTGCACAATGGGCGCAAGCCTGATGCAGCGACGCCGCGTGCGGGATGACGGCCTTCGGGTTGTAAACCGCTTTTGACTGGGAGCAAGCCCTTCGGGGTGAGTGTACCTTTCGAATAAGCACCGGCTAACTACGTGCCAGCAGCCGCGGTAATACGTAGGGTGCAAGCGTTATCCGGAATTATTGGGCGTAAAGGGCTCGTAGGCGGTTCGTCGCGTCCGGTGTGAAAGTCCATCGCTTAACGGTGGATCCGC</Hsp_hseq>
      <Hsp_midline>||||||||||| |||||||||||||||||||||||||||||||||||||||||||||||||||||||||||| ||||||||||||||||||||||||||| |||||||| ||||||||||||| ||| | |||| || ||| |||||||||| |||||| ||||| |||||||||||||||||||||| |||||||||||| ||| |||||||||| | |||| |||||||||||||||||||||| || |  ||| || |||||| ||| ||||||</Hsp_midline>
    </Hsp>
  </Hit_hsps>
</Hit>
<Hit>
  <Hit_num>10</Hit_num>
  <Hit_id>gi|2204435297|gb|OM920819.1|</Hit_id>
  <Hit_def>Bifidobacterium adolescentis strain 20955 16S ribosomal RNA gene, partial sequence</Hit_def>
  <Hit_accession>OM920819</Hit_accession>
  <Hit_len>426</Hit_len>
  <Hit_hsps>
    <Hsp>
      <Hsp_num>1</Hsp_num>
      <Hsp_bit-score>379.092</Hsp_bit-score>
      <Hsp_score>419</Hsp_score>
      <Hsp_evalue>3.03505e-100</Hsp_evalue>
      <Hsp_query-from>2</Hsp_query-from>
      <Hsp_query-to>278</Hsp_query-to>
      <Hsp_hit-from>109</Hsp_hit-from>
      <Hsp_hit-to>385</Hsp_hit-to>
      <Hsp_query-frame>1</Hsp_query-frame>
      <Hsp_hit-frame>1</Hsp_hit-frame>
      <Hsp_identity>250</Hsp_identity>
      <Hsp_positive>250</Hsp_positive>
      <Hsp_gaps>0</Hsp_gaps>
      <Hsp_align-len>277</Hsp_align-len>
      <Hsp_qseq>CTACGGGAGGCTGCAGTGGGGAATATTGCACAATGGGCGCAAGCCTGATGCAGCGACGCCGCGTGCGGGATGTCGGCCTTCGGGTTGTAAACCGCTTTTGTCTGGGAGCTAGCCCTTCGGGGTTAGTCTCCCTTCCGCATATGCACCGGCTACCTACGTCCCAGCCGCCGCGGTAATACGTAGGGTGCCAGCGTTATCCGGTATTTTTGGGCGTAACGTGCTCTTAGGCGGTTCGTCGCGTCCGGTTTGCATTTCCTTCCCTTAACCGTGTATCCGC</Hsp_qseq>
      <Hsp_hseq>CTACGGGAGGCAGCAGTGGGGAATATTGCACAATGGGCGCAAGCCTGATGCAGCGACGCCGCGTGCGGGATGACGGCCTTCGGGTTGTAAACCGCTTTTGACTGGGAGCAAGCCCTTCGGGGTGAGTGTACCTTTCGAATAAGCACCGGCTAACTACGTGCCAGCAGCCGCGGTAATACGTAGGGTGCAAGCGTTATCCGGAATTATTGGGCGTAAAGGGCTCGTAGGCGGTTCGTCGCGTCCGGTGTGAAAGTCCATCGCTTAACGGTGGATCCGC</Hsp_hseq>
      <Hsp_midline>||||||||||| |||||||||||||||||||||||||||||||||||||||||||||||||||||||||||| ||||||||||||||||||||||||||| |||||||| ||||||||||||| ||| | |||| || ||| |||||||||| |||||| ||||| |||||||||||||||||||||| |||||||||||| ||| |||||||||| | |||| |||||||||||||||||||||| || |  ||| || |||||| ||| ||||||</Hsp_midline>
    </Hsp>
  </Hit_hsps>
</Hit>
<Hit>
  <Hit_num>11</Hit_num>
  <Hit_id>gi|2204435296|gb|OM920818.1|</Hit_id>
  <Hit_def>Bifidobacterium adolescentis strain 20954 16S ribosomal RNA gene, partial sequence</Hit_def>
  <Hit_accession>OM920818</Hit_accession>
  <Hit_len>432</Hit_len>
  <Hit_hsps>
    <Hsp>
      <Hsp_num>1</Hsp_num>
      <Hsp_bit-score>379.092</Hsp_bit-score>
      <Hsp_score>419</Hsp_score>
      <Hsp_evalue>3.03505e-100</Hsp_evalue>
      <Hsp_query-from>2</Hsp_query-from>
      <Hsp_query-to>278</Hsp_query-to>
      <Hsp_hit-from>117</Hsp_hit-from>
      <Hsp_hit-to>393</Hsp_hit-to>
      <Hsp_query-frame>1</Hsp_query-frame>
      <Hsp_hit-frame>1</Hsp_hit-frame>
      <Hsp_identity>250</Hsp_identity>
      <Hsp_positive>250</Hsp_positive>
      <Hsp_gaps>0</Hsp_gaps>
      <Hsp_align-len>277</Hsp_align-len>
      <Hsp_qseq>CTACGGGAGGCTGCAGTGGGGAATATTGCACAATGGGCGCAAGCCTGATGCAGCGACGCCGCGTGCGGGATGTCGGCCTTCGGGTTGTAAACCGCTTTTGTCTGGGAGCTAGCCCTTCGGGGTTAGTCTCCCTTCCGCATATGCACCGGCTACCTACGTCCCAGCCGCCGCGGTAATACGTAGGGTGCCAGCGTTATCCGGTATTTTTGGGCGTAACGTGCTCTTAGGCGGTTCGTCGCGTCCGGTTTGCATTTCCTTCCCTTAACCGTGTATCCGC</Hsp_qseq>
      <Hsp_hseq>CTACGGGAGGCAGCAGTGGGGAATATTGCACAATGGGCGCAAGCCTGATGCAGCGACGCCGCGTGCGGGATGACGGCCTTCGGGTTGTAAACCGCTTTTGACTGGGAGCAAGCCCTTCGGGGTGAGTGTACCTTTCGAATAAGCACCGGCTAACTACGTGCCAGCAGCCGCGGTAATACGTAGGGTGCAAGCGTTATCCGGAATTATTGGGCGTAAAGGGCTCGTAGGCGGTTCGTCGCGTCCGGTGTGAAAGTCCATCGCTTAACGGTGGATCCGC</Hsp_hseq>
      <Hsp_midline>||||||||||| |||||||||||||||||||||||||||||||||||||||||||||||||||||||||||| ||||||||||||||||||||||||||| |||||||| ||||||||||||| ||| | |||| || ||| |||||||||| |||||| ||||| |||||||||||||||||||||| |||||||||||| ||| |||||||||| | |||| |||||||||||||||||||||| || |  ||| || |||||| ||| ||||||</Hsp_midline>
    </Hsp>
  </Hit_hsps>
</Hit>
<Hit>
  <Hit_num>12</Hit_num>
  <Hit_id>gi|2202690279|gb|OM899620.1|</Hit_id>
  <Hit_def>Bifidobacterium adolescentis strain 21586 16S ribosomal RNA gene, partial sequence</Hit_def>
  <Hit_accession>OM899620</Hit_accession>
  <Hit_len>393</Hit_len>
  <Hit_hsps>
    <Hsp>
      <Hsp_num>1</Hsp_num>
      <Hsp_bit-score>379.092</Hsp_bit-score>
      <Hsp_score>419</Hsp_score>
      <Hsp_evalue>3.03505e-100</Hsp_evalue>
      <Hsp_query-from>2</Hsp_query-from>
      <Hsp_query-to>278</Hsp_query-to>
      <Hsp_hit-from>113</Hsp_hit-from>
      <Hsp_hit-to>389</Hsp_hit-to>
      <Hsp_query-frame>1</Hsp_query-frame>
      <Hsp_hit-frame>1</Hsp_hit-frame>
      <Hsp_identity>250</Hsp_identity>
      <Hsp_positive>250</Hsp_positive>
      <Hsp_gaps>0</Hsp_gaps>
      <Hsp_align-len>277</Hsp_align-len>
      <Hsp_qseq>CTACGGGAGGCTGCAGTGGGGAATATTGCACAATGGGCGCAAGCCTGATGCAGCGACGCCGCGTGCGGGATGTCGGCCTTCGGGTTGTAAACCGCTTTTGTCTGGGAGCTAGCCCTTCGGGGTTAGTCTCCCTTCCGCATATGCACCGGCTACCTACGTCCCAGCCGCCGCGGTAATACGTAGGGTGCCAGCGTTATCCGGTATTTTTGGGCGTAACGTGCTCTTAGGCGGTTCGTCGCGTCCGGTTTGCATTTCCTTCCCTTAACCGTGTATCCGC</Hsp_qseq>
      <Hsp_hseq>CTACGGGAGGCAGCAGTGGGGAATATTGCACAATGGGCGCAAGCCTGATGCAGCGACGCCGCGTGCGGGATGACGGCCTTCGGGTTGTAAACCGCTTTTGACTGGGAGCAAGCCCTTCGGGGTGAGTGTACCTTTCGAATAAGCACCGGCTAACTACGTGCCAGCAGCCGCGGTAATACGTAGGGTGCAAGCGTTATCCGGAATTATTGGGCGTAAAGGGCTCGTAGGCGGTTCGTCGCGTCCGGTGTGAAAGTCCATCGCTTAACGGTGGATCCGC</Hsp_hseq>
      <Hsp_midline>||||||||||| |||||||||||||||||||||||||||||||||||||||||||||||||||||||||||| ||||||||||||||||||||||||||| |||||||| ||||||||||||| ||| | |||| || ||| |||||||||| |||||| ||||| |||||||||||||||||||||| |||||||||||| ||| |||||||||| | |||| |||||||||||||||||||||| || |  ||| || |||||| ||| ||||||</Hsp_midline>
    </Hsp>
  </Hit_hsps>
</Hit>
<Hit>
  <Hit_num>13</Hit_num>
  <Hit_id>gi|2202690278|gb|OM899619.1|</Hit_id>
  <Hit_def>Bifidobacterium adolescentis strain 21585 16S ribosomal RNA gene, partial sequence</Hit_def>
  <Hit_accession>OM899619</Hit_accession>
  <Hit_len>390</Hit_len>
  <Hit_hsps>
    <Hsp>
      <Hsp_num>1</Hsp_num>
      <Hsp_bit-score>379.092</Hsp_bit-score>
      <Hsp_score>419</Hsp_score>
      <Hsp_evalue>3.03505e-100</Hsp_evalue>
      <Hsp_query-from>2</Hsp_query-from>
      <Hsp_query-to>278</Hsp_query-to>
      <Hsp_hit-from>109</Hsp_hit-from>
      <Hsp_hit-to>385</Hsp_hit-to>
      <Hsp_query-frame>1</Hsp_query-frame>
      <Hsp_hit-frame>1</Hsp_hit-frame>
      <Hsp_identity>250</Hsp_identity>
      <Hsp_positive>250</Hsp_positive>
      <Hsp_gaps>0</Hsp_gaps>
      <Hsp_align-len>277</Hsp_align-len>
      <Hsp_qseq>CTACGGGAGGCTGCAGTGGGGAATATTGCACAATGGGCGCAAGCCTGATGCAGCGACGCCGCGTGCGGGATGTCGGCCTTCGGGTTGTAAACCGCTTTTGTCTGGGAGCTAGCCCTTCGGGGTTAGTCTCCCTTCCGCATATGCACCGGCTACCTACGTCCCAGCCGCCGCGGTAATACGTAGGGTGCCAGCGTTATCCGGTATTTTTGGGCGTAACGTGCTCTTAGGCGGTTCGTCGCGTCCGGTTTGCATTTCCTTCCCTTAACCGTGTATCCGC</Hsp_qseq>
      <Hsp_hseq>CTACGGGAGGCAGCAGTGGGGAATATTGCACAATGGGCGCAAGCCTGATGCAGCGACGCCGCGTGCGGGATGACGGCCTTCGGGTTGTAAACCGCTTTTGACTGGGAGCAAGCCCTTCGGGGTGAGTGTACCTTTCGAATAAGCACCGGCTAACTACGTGCCAGCAGCCGCGGTAATACGTAGGGTGCAAGCGTTATCCGGAATTATTGGGCGTAAAGGGCTCGTAGGCGGTTCGTCGCGTCCGGTGTGAAAGTCCATCGCTTAACGGTGGATCCGC</Hsp_hseq>
      <Hsp_midline>||||||||||| |||||||||||||||||||||||||||||||||||||||||||||||||||||||||||| ||||||||||||||||||||||||||| |||||||| ||||||||||||| ||| | |||| || ||| |||||||||| |||||| ||||| |||||||||||||||||||||| |||||||||||| ||| |||||||||| | |||| |||||||||||||||||||||| || |  ||| || |||||| ||| ||||||</Hsp_midline>
    </Hsp>
  </Hit_hsps>
</Hit>
<Hit>
  <Hit_num>14</Hit_num>
  <Hit_id>gi|2202690277|gb|OM899618.1|</Hit_id>
  <Hit_def>Bifidobacterium adolescentis strain 21567 16S ribosomal RNA gene, partial sequence</Hit_def>
  <Hit_accession>OM899618</Hit_accession>
  <Hit_len>392</Hit_len>
  <Hit_hsps>
    <Hsp>
      <Hsp_num>1</Hsp_num>
      <Hsp_bit-score>379.092</Hsp_bit-score>
      <Hsp_score>419</Hsp_score>
      <Hsp_evalue>3.03505e-100</Hsp_evalue>
      <Hsp_query-from>2</Hsp_query-from>
      <Hsp_query-to>278</Hsp_query-to>
      <Hsp_hit-from>112</Hsp_hit-from>
      <Hsp_hit-to>388</Hsp_hit-to>
      <Hsp_query-frame>1</Hsp_query-frame>
      <Hsp_hit-frame>1</Hsp_hit-frame>
      <Hsp_identity>250</Hsp_identity>
      <Hsp_positive>250</Hsp_positive>
      <Hsp_gaps>0</Hsp_gaps>
      <Hsp_align-len>277</Hsp_align-len>
      <Hsp_qseq>CTACGGGAGGCTGCAGTGGGGAATATTGCACAATGGGCGCAAGCCTGATGCAGCGACGCCGCGTGCGGGATGTCGGCCTTCGGGTTGTAAACCGCTTTTGTCTGGGAGCTAGCCCTTCGGGGTTAGTCTCCCTTCCGCATATGCACCGGCTACCTACGTCCCAGCCGCCGCGGTAATACGTAGGGTGCCAGCGTTATCCGGTATTTTTGGGCGTAACGTGCTCTTAGGCGGTTCGTCGCGTCCGGTTTGCATTTCCTTCCCTTAACCGTGTATCCGC</Hsp_qseq>
      <Hsp_hseq>CTACGGGAGGCAGCAGTGGGGAATATTGCACAATGGGCGCAAGCCTGATGCAGCGACGCCGCGTGCGGGATGACGGCCTTCGGGTTGTAAACCGCTTTTGACTGGGAGCAAGCCCTTCGGGGTGAGTGTACCTTTCGAATAAGCACCGGCTAACTACGTGCCAGCAGCCGCGGTAATACGTAGGGTGCAAGCGTTATCCGGAATTATTGGGCGTAAAGGGCTCGTAGGCGGTTCGTCGCGTCCGGTGTGAAAGTCCATCGCTTAACGGTGGATCCGC</Hsp_hseq>
      <Hsp_midline>||||||||||| |||||||||||||||||||||||||||||||||||||||||||||||||||||||||||| ||||||||||||||||||||||||||| |||||||| ||||||||||||| ||| | |||| || ||| |||||||||| |||||| ||||| |||||||||||||||||||||| |||||||||||| ||| |||||||||| | |||| |||||||||||||||||||||| || |  ||| || |||||| ||| ||||||</Hsp_midline>
    </Hsp>
  </Hit_hsps>
</Hit>
<Hit>
  <Hit_num>15</Hit_num>
  <Hit_id>gi|2199652972|gb|OM838308.1|</Hit_id>
  <Hit_def>Bifidobacterium adolescentis strain 21601 16S ribosomal RNA gene, partial sequence</Hit_def>
  <Hit_accession>OM838308</Hit_accession>
  <Hit_len>446</Hit_len>
  <Hit_hsps>
    <Hsp>
      <Hsp_num>1</Hsp_num>
      <Hsp_bit-score>379.092</Hsp_bit-score>
      <Hsp_score>419</Hsp_score>
      <Hsp_evalue>3.03505e-100</Hsp_evalue>
      <Hsp_query-from>2</Hsp_query-from>
      <Hsp_query-to>278</Hsp_query-to>
      <Hsp_hit-from>132</Hsp_hit-from>
      <Hsp_hit-to>408</Hsp_hit-to>
      <Hsp_query-frame>1</Hsp_query-frame>
      <Hsp_hit-frame>1</Hsp_hit-frame>
      <Hsp_identity>250</Hsp_identity>
      <Hsp_positive>250</Hsp_positive>
      <Hsp_gaps>0</Hsp_gaps>
      <Hsp_align-len>277</Hsp_align-len>
      <Hsp_qseq>CTACGGGAGGCTGCAGTGGGGAATATTGCACAATGGGCGCAAGCCTGATGCAGCGACGCCGCGTGCGGGATGTCGGCCTTCGGGTTGTAAACCGCTTTTGTCTGGGAGCTAGCCCTTCGGGGTTAGTCTCCCTTCCGCATATGCACCGGCTACCTACGTCCCAGCCGCCGCGGTAATACGTAGGGTGCCAGCGTTATCCGGTATTTTTGGGCGTAACGTGCTCTTAGGCGGTTCGTCGCGTCCGGTTTGCATTTCCTTCCCTTAACCGTGTATCCGC</Hsp_qseq>
      <Hsp_hseq>CTACGGGAGGCAGCAGTGGGGAATATTGCACAATGGGCGCAAGCCTGATGCAGCGACGCCGCGTGCGGGATGACGGCCTTCGGGTTGTAAACCGCTTTTGACTGGGAGCAAGCCCTTCGGGGTGAGTGTACCTTTCGAATAAGCACCGGCTAACTACGTGCCAGCAGCCGCGGTAATACGTAGGGTGCAAGCGTTATCCGGAATTATTGGGCGTAAAGGGCTCGTAGGCGGTTCGTCGCGTCCGGTGTGAAAGTCCATCGCTTAACGGTGGATCCGC</Hsp_hseq>
      <Hsp_midline>||||||||||| |||||||||||||||||||||||||||||||||||||||||||||||||||||||||||| ||||||||||||||||||||||||||| |||||||| ||||||||||||| ||| | |||| || ||| |||||||||| |||||| ||||| |||||||||||||||||||||| |||||||||||| ||| |||||||||| | |||| |||||||||||||||||||||| || |  ||| || |||||| ||| ||||||</Hsp_midline>
    </Hsp>
  </Hit_hsps>
</Hit>
<Hit>
  <Hit_num>16</Hit_num>
  <Hit_id>gi|2199652962|gb|OM838301.1|</Hit_id>
  <Hit_def>Bifidobacterium adolescentis strain 21599 16S ribosomal RNA gene, partial sequence</Hit_def>
  <Hit_accession>OM838301</Hit_accession>
  <Hit_len>458</Hit_len>
  <Hit_hsps>
    <Hsp>
      <Hsp_num>1</Hsp_num>
      <Hsp_bit-score>379.092</Hsp_bit-score>
      <Hsp_score>419</Hsp_score>
      <Hsp_evalue>3.03505e-100</Hsp_evalue>
      <Hsp_query-from>2</Hsp_query-from>
      <Hsp_query-to>278</Hsp_query-to>
      <Hsp_hit-from>142</Hsp_hit-from>
      <Hsp_hit-to>418</Hsp_hit-to>
      <Hsp_query-frame>1</Hsp_query-frame>
      <Hsp_hit-frame>1</Hsp_hit-frame>
      <Hsp_identity>250</Hsp_identity>
      <Hsp_positive>250</Hsp_positive>
      <Hsp_gaps>0</Hsp_gaps>
      <Hsp_align-len>277</Hsp_align-len>
      <Hsp_qseq>CTACGGGAGGCTGCAGTGGGGAATATTGCACAATGGGCGCAAGCCTGATGCAGCGACGCCGCGTGCGGGATGTCGGCCTTCGGGTTGTAAACCGCTTTTGTCTGGGAGCTAGCCCTTCGGGGTTAGTCTCCCTTCCGCATATGCACCGGCTACCTACGTCCCAGCCGCCGCGGTAATACGTAGGGTGCCAGCGTTATCCGGTATTTTTGGGCGTAACGTGCTCTTAGGCGGTTCGTCGCGTCCGGTTTGCATTTCCTTCCCTTAACCGTGTATCCGC</Hsp_qseq>
      <Hsp_hseq>CTACGGGAGGCAGCAGTGGGGAATATTGCACAATGGGCGCAAGCCTGATGCAGCGACGCCGCGTGCGGGATGACGGCCTTCGGGTTGTAAACCGCTTTTGACTGGGAGCAAGCCCTTCGGGGTGAGTGTACCTTTCGAATAAGCACCGGCTAACTACGTGCCAGCAGCCGCGGTAATACGTAGGGTGCAAGCGTTATCCGGAATTATTGGGCGTAAAGGGCTCGTAGGCGGTTCGTCGCGTCCGGTGTGAAAGTCCATCGCTTAACGGTGGATCCGC</Hsp_hseq>
      <Hsp_midline>||||||||||| |||||||||||||||||||||||||||||||||||||||||||||||||||||||||||| ||||||||||||||||||||||||||| |||||||| ||||||||||||| ||| | |||| || ||| |||||||||| |||||| ||||| |||||||||||||||||||||| |||||||||||| ||| |||||||||| | |||| |||||||||||||||||||||| || |  ||| || |||||| ||| ||||||</Hsp_midline>
    </Hsp>
  </Hit_hsps>
</Hit>
<Hit>
  <Hit_num>17</Hit_num>
  <Hit_id>gi|2199652961|gb|OM838300.1|</Hit_id>
  <Hit_def>Bifidobacterium adolescentis strain 21598 16S ribosomal RNA gene, partial sequence</Hit_def>
  <Hit_accession>OM838300</Hit_accession>
  <Hit_len>450</Hit_len>
  <Hit_hsps>
    <Hsp>
      <Hsp_num>1</Hsp_num>
      <Hsp_bit-score>379.092</Hsp_bit-score>
      <Hsp_score>419</Hsp_score>
      <Hsp_evalue>3.03505e-100</Hsp_evalue>
      <Hsp_query-from>2</Hsp_query-from>
      <Hsp_query-to>278</Hsp_query-to>
      <Hsp_hit-from>131</Hsp_hit-from>
      <Hsp_hit-to>407</Hsp_hit-to>
      <Hsp_query-frame>1</Hsp_query-frame>
      <Hsp_hit-frame>1</Hsp_hit-frame>
      <Hsp_identity>250</Hsp_identity>
      <Hsp_positive>250</Hsp_positive>
      <Hsp_gaps>0</Hsp_gaps>
      <Hsp_align-len>277</Hsp_align-len>
      <Hsp_qseq>CTACGGGAGGCTGCAGTGGGGAATATTGCACAATGGGCGCAAGCCTGATGCAGCGACGCCGCGTGCGGGATGTCGGCCTTCGGGTTGTAAACCGCTTTTGTCTGGGAGCTAGCCCTTCGGGGTTAGTCTCCCTTCCGCATATGCACCGGCTACCTACGTCCCAGCCGCCGCGGTAATACGTAGGGTGCCAGCGTTATCCGGTATTTTTGGGCGTAACGTGCTCTTAGGCGGTTCGTCGCGTCCGGTTTGCATTTCCTTCCCTTAACCGTGTATCCGC</Hsp_qseq>
      <Hsp_hseq>CTACGGGAGGCAGCAGTGGGGAATATTGCACAATGGGCGCAAGCCTGATGCAGCGACGCCGCGTGCGGGATGACGGCCTTCGGGTTGTAAACCGCTTTTGACTGGGAGCAAGCCCTTCGGGGTGAGTGTACCTTTCGAATAAGCACCGGCTAACTACGTGCCAGCAGCCGCGGTAATACGTAGGGTGCAAGCGTTATCCGGAATTATTGGGCGTAAAGGGCTCGTAGGCGGTTCGTCGCGTCCGGTGTGAAAGTCCATCGCTTAACGGTGGATCCGC</Hsp_hseq>
      <Hsp_midline>||||||||||| |||||||||||||||||||||||||||||||||||||||||||||||||||||||||||| ||||||||||||||||||||||||||| |||||||| ||||||||||||| ||| | |||| || ||| |||||||||| |||||| ||||| |||||||||||||||||||||| |||||||||||| ||| |||||||||| | |||| |||||||||||||||||||||| || |  ||| || |||||| ||| ||||||</Hsp_midline>
    </Hsp>
  </Hit_hsps>
</Hit>
<Hit>
  <Hit_num>18</Hit_num>
  <Hit_id>gi|2199652959|gb|OM838298.1|</Hit_id>
  <Hit_def>Bifidobacterium adolescentis strain 21566 16S ribosomal RNA gene, partial sequence</Hit_def>
  <Hit_accession>OM838298</Hit_accession>
  <Hit_len>446</Hit_len>
  <Hit_hsps>
    <Hsp>
      <Hsp_num>1</Hsp_num>
      <Hsp_bit-score>379.092</Hsp_bit-score>
      <Hsp_score>419</Hsp_score>
      <Hsp_evalue>3.03505e-100</Hsp_evalue>
      <Hsp_query-from>2</Hsp_query-from>
      <Hsp_query-to>278</Hsp_query-to>
      <Hsp_hit-from>130</Hsp_hit-from>
      <Hsp_hit-to>406</Hsp_hit-to>
      <Hsp_query-frame>1</Hsp_query-frame>
      <Hsp_hit-frame>1</Hsp_hit-frame>
      <Hsp_identity>250</Hsp_identity>
      <Hsp_positive>250</Hsp_positive>
      <Hsp_gaps>0</Hsp_gaps>
      <Hsp_align-len>277</Hsp_align-len>
      <Hsp_qseq>CTACGGGAGGCTGCAGTGGGGAATATTGCACAATGGGCGCAAGCCTGATGCAGCGACGCCGCGTGCGGGATGTCGGCCTTCGGGTTGTAAACCGCTTTTGTCTGGGAGCTAGCCCTTCGGGGTTAGTCTCCCTTCCGCATATGCACCGGCTACCTACGTCCCAGCCGCCGCGGTAATACGTAGGGTGCCAGCGTTATCCGGTATTTTTGGGCGTAACGTGCTCTTAGGCGGTTCGTCGCGTCCGGTTTGCATTTCCTTCCCTTAACCGTGTATCCGC</Hsp_qseq>
      <Hsp_hseq>CTACGGGAGGCAGCAGTGGGGAATATTGCACAATGGGCGCAAGCCTGATGCAGCGACGCCGCGTGCGGGATGACGGCCTTCGGGTTGTAAACCGCTTTTGACTGGGAGCAAGCCCTTCGGGGTGAGTGTACCTTTCGAATAAGCACCGGCTAACTACGTGCCAGCAGCCGCGGTAATACGTAGGGTGCAAGCGTTATCCGGAATTATTGGGCGTAAAGGGCTCGTAGGCGGTTCGTCGCGTCCGGTGTGAAAGTCCATCGCTTAACGGTGGATCCGC</Hsp_hseq>
      <Hsp_midline>||||||||||| |||||||||||||||||||||||||||||||||||||||||||||||||||||||||||| ||||||||||||||||||||||||||| |||||||| ||||||||||||| ||| | |||| || ||| |||||||||| |||||| ||||| |||||||||||||||||||||| |||||||||||| ||| |||||||||| | |||| |||||||||||||||||||||| || |  ||| || |||||| ||| ||||||</Hsp_midline>
    </Hsp>
  </Hit_hsps>
</Hit>
<Hit>
  <Hit_num>19</Hit_num>
  <Hit_id>gi|2198972433|gb|OM802685.1|</Hit_id>
  <Hit_def>Bifidobacterium adolescentis strain 21193 16S ribosomal RNA gene, partial sequence</Hit_def>
  <Hit_accession>OM802685</Hit_accession>
  <Hit_len>447</Hit_len>
  <Hit_hsps>
    <Hsp>
      <Hsp_num>1</Hsp_num>
      <Hsp_bit-score>379.092</Hsp_bit-score>
      <Hsp_score>419</Hsp_score>
      <Hsp_evalue>3.03505e-100</Hsp_evalue>
      <Hsp_query-from>2</Hsp_query-from>
      <Hsp_query-to>278</Hsp_query-to>
      <Hsp_hit-from>130</Hsp_hit-from>
      <Hsp_hit-to>406</Hsp_hit-to>
      <Hsp_query-frame>1</Hsp_query-frame>
      <Hsp_hit-frame>1</Hsp_hit-frame>
      <Hsp_identity>250</Hsp_identity>
      <Hsp_positive>250</Hsp_positive>
      <Hsp_gaps>0</Hsp_gaps>
      <Hsp_align-len>277</Hsp_align-len>
      <Hsp_qseq>CTACGGGAGGCTGCAGTGGGGAATATTGCACAATGGGCGCAAGCCTGATGCAGCGACGCCGCGTGCGGGATGTCGGCCTTCGGGTTGTAAACCGCTTTTGTCTGGGAGCTAGCCCTTCGGGGTTAGTCTCCCTTCCGCATATGCACCGGCTACCTACGTCCCAGCCGCCGCGGTAATACGTAGGGTGCCAGCGTTATCCGGTATTTTTGGGCGTAACGTGCTCTTAGGCGGTTCGTCGCGTCCGGTTTGCATTTCCTTCCCTTAACCGTGTATCCGC</Hsp_qseq>
      <Hsp_hseq>CTACGGGAGGCAGCAGTGGGGAATATTGCACAATGGGCGCAAGCCTGATGCAGCGACGCCGCGTGCGGGATGACGGCCTTCGGGTTGTAAACCGCTTTTGACTGGGAGCAAGCCCTTCGGGGTGAGTGTACCTTTCGAATAAGCACCGGCTAACTACGTGCCAGCAGCCGCGGTAATACGTAGGGTGCAAGCGTTATCCGGAATTATTGGGCGTAAAGGGCTCGTAGGCGGTTCGTCGCGTCCGGTGTGAAAGTCCATCGCTTAACGGTGGATCCGC</Hsp_hseq>
      <Hsp_midline>||||||||||| |||||||||||||||||||||||||||||||||||||||||||||||||||||||||||| ||||||||||||||||||||||||||| |||||||| ||||||||||||| ||| | |||| || ||| |||||||||| |||||| ||||| |||||||||||||||||||||| |||||||||||| ||| |||||||||| | |||| |||||||||||||||||||||| || |  ||| || |||||| ||| ||||||</Hsp_midline>
    </Hsp>
  </Hit_hsps>
</Hit>
<Hit>
  <Hit_num>20</Hit_num>
  <Hit_id>gi|2197865458|gb|OM763952.1|</Hit_id>
  <Hit_def>Bifidobacterium faecale strain 21506 16S ribosomal RNA gene, partial sequence</Hit_def>
  <Hit_accession>OM763952</Hit_accession>
  <Hit_len>528</Hit_len>
  <Hit_hsps>
    <Hsp>
      <Hsp_num>1</Hsp_num>
      <Hsp_bit-score>379.092</Hsp_bit-score>
      <Hsp_score>419</Hsp_score>
      <Hsp_evalue>3.03505e-100</Hsp_evalue>
      <Hsp_query-from>2</Hsp_query-from>
      <Hsp_query-to>278</Hsp_query-to>
      <Hsp_hit-from>179</Hsp_hit-from>
      <Hsp_hit-to>455</Hsp_hit-to>
      <Hsp_query-frame>1</Hsp_query-frame>
      <Hsp_hit-frame>1</Hsp_hit-frame>
      <Hsp_identity>250</Hsp_identity>
      <Hsp_positive>250</Hsp_positive>
      <Hsp_gaps>0</Hsp_gaps>
      <Hsp_align-len>277</Hsp_align-len>
      <Hsp_qseq>CTACGGGAGGCTGCAGTGGGGAATATTGCACAATGGGCGCAAGCCTGATGCAGCGACGCCGCGTGCGGGATGTCGGCCTTCGGGTTGTAAACCGCTTTTGTCTGGGAGCTAGCCCTTCGGGGTTAGTCTCCCTTCCGCATATGCACCGGCTACCTACGTCCCAGCCGCCGCGGTAATACGTAGGGTGCCAGCGTTATCCGGTATTTTTGGGCGTAACGTGCTCTTAGGCGGTTCGTCGCGTCCGGTTTGCATTTCCTTCCCTTAACCGTGTATCCGC</Hsp_qseq>
      <Hsp_hseq>CTACGGGAGGCAGCAGTGGGGAATATTGCACAATGGGCGCAAGCCTGATGCAGCGACGCCGCGTGCGGGATGACGGCCTTCGGGTTGTAAACCGCTTTTGACTGGGAGCAAGCCCTTCGGGGTGAGTGTACCTTTCGAATAAGCACCGGCTAACTACGTGCCAGCAGCCGCGGTAATACGTAGGGTGCAAGCGTTATCCGGAATTATTGGGCGTAAAGGGCTCGTAGGCGGTTCGTCGCGTCCGGTGTGAAAGTCCATCGCTTAACGGTGGATCCGC</Hsp_hseq>
      <Hsp_midline>||||||||||| |||||||||||||||||||||||||||||||||||||||||||||||||||||||||||| ||||||||||||||||||||||||||| |||||||| ||||||||||||| ||| | |||| || ||| |||||||||| |||||| ||||| |||||||||||||||||||||| |||||||||||| ||| |||||||||| | |||| |||||||||||||||||||||| || |  ||| || |||||| ||| ||||||</Hsp_midline>
    </Hsp>
  </Hit_hsps>
</Hit>
<Hit>
  <Hit_num>21</Hit_num>
  <Hit_id>gi|2197865438|gb|OM763932.1|</Hit_id>
  <Hit_def>Bifidobacterium adolescentis strain 21483 16S ribosomal RNA gene, partial sequence</Hit_def>
  <Hit_accession>OM763932</Hit_accession>
  <Hit_len>542</Hit_len>
  <Hit_hsps>
    <Hsp>
      <Hsp_num>1</Hsp_num>
      <Hsp_bit-score>379.092</Hsp_bit-score>
      <Hsp_score>419</Hsp_score>
      <Hsp_evalue>3.03505e-100</Hsp_evalue>
      <Hsp_query-from>2</Hsp_query-from>
      <Hsp_query-to>278</Hsp_query-to>
      <Hsp_hit-from>177</Hsp_hit-from>
      <Hsp_hit-to>453</Hsp_hit-to>
      <Hsp_query-frame>1</Hsp_query-frame>
      <Hsp_hit-frame>1</Hsp_hit-frame>
      <Hsp_identity>250</Hsp_identity>
      <Hsp_positive>250</Hsp_positive>
      <Hsp_gaps>0</Hsp_gaps>
      <Hsp_align-len>277</Hsp_align-len>
      <Hsp_qseq>CTACGGGAGGCTGCAGTGGGGAATATTGCACAATGGGCGCAAGCCTGATGCAGCGACGCCGCGTGCGGGATGTCGGCCTTCGGGTTGTAAACCGCTTTTGTCTGGGAGCTAGCCCTTCGGGGTTAGTCTCCCTTCCGCATATGCACCGGCTACCTACGTCCCAGCCGCCGCGGTAATACGTAGGGTGCCAGCGTTATCCGGTATTTTTGGGCGTAACGTGCTCTTAGGCGGTTCGTCGCGTCCGGTTTGCATTTCCTTCCCTTAACCGTGTATCCGC</Hsp_qseq>
      <Hsp_hseq>CTACGGGAGGCAGCAGTGGGGAATATTGCACAATGGGCGCAAGCCTGATGCAGCGACGCCGCGTGCGGGATGACGGCCTTCGGGTTGTAAACCGCTTTTGACTGGGAGCAAGCCCTTCGGGGTGAGTGTACCTTTCGAATAAGCACCGGCTAACTACGTGCCAGCAGCCGCGGTAATACGTAGGGTGCAAGCGTTATCCGGAATTATTGGGCGTAAAGGGCTCGTAGGCGGTTCGTCGCGTCCGGTGTGAAAGTCCATCGCTTAACGGTGGATCCGC</Hsp_hseq>
      <Hsp_midline>||||||||||| |||||||||||||||||||||||||||||||||||||||||||||||||||||||||||| ||||||||||||||||||||||||||| |||||||| ||||||||||||| ||| | |||| || ||| |||||||||| |||||| ||||| |||||||||||||||||||||| |||||||||||| ||| |||||||||| | |||| |||||||||||||||||||||| || |  ||| || |||||| ||| ||||||</Hsp_midline>
    </Hsp>
  </Hit_hsps>
</Hit>
<Hit>
  <Hit_num>22</Hit_num>
  <Hit_id>gi|2197865437|gb|OM763931.1|</Hit_id>
  <Hit_def>Bifidobacterium adolescentis strain 21482 16S ribosomal RNA gene, partial sequence</Hit_def>
  <Hit_accession>OM763931</Hit_accession>
  <Hit_len>485</Hit_len>
  <Hit_hsps>
    <Hsp>
      <Hsp_num>1</Hsp_num>
      <Hsp_bit-score>379.092</Hsp_bit-score>
      <Hsp_score>419</Hsp_score>
      <Hsp_evalue>3.03505e-100</Hsp_evalue>
      <Hsp_query-from>2</Hsp_query-from>
      <Hsp_query-to>278</Hsp_query-to>
      <Hsp_hit-from>137</Hsp_hit-from>
      <Hsp_hit-to>413</Hsp_hit-to>
      <Hsp_query-frame>1</Hsp_query-frame>
      <Hsp_hit-frame>1</Hsp_hit-frame>
      <Hsp_identity>250</Hsp_identity>
      <Hsp_positive>250</Hsp_positive>
      <Hsp_gaps>0</Hsp_gaps>
      <Hsp_align-len>277</Hsp_align-len>
      <Hsp_qseq>CTACGGGAGGCTGCAGTGGGGAATATTGCACAATGGGCGCAAGCCTGATGCAGCGACGCCGCGTGCGGGATGTCGGCCTTCGGGTTGTAAACCGCTTTTGTCTGGGAGCTAGCCCTTCGGGGTTAGTCTCCCTTCCGCATATGCACCGGCTACCTACGTCCCAGCCGCCGCGGTAATACGTAGGGTGCCAGCGTTATCCGGTATTTTTGGGCGTAACGTGCTCTTAGGCGGTTCGTCGCGTCCGGTTTGCATTTCCTTCCCTTAACCGTGTATCCGC</Hsp_qseq>
      <Hsp_hseq>CTACGGGAGGCAGCAGTGGGGAATATTGCACAATGGGCGCAAGCCTGATGCAGCGACGCCGCGTGCGGGATGACGGCCTTCGGGTTGTAAACCGCTTTTGACTGGGAGCAAGCCCTTCGGGGTGAGTGTACCTTTCGAATAAGCACCGGCTAACTACGTGCCAGCAGCCGCGGTAATACGTAGGGTGCAAGCGTTATCCGGAATTATTGGGCGTAAAGGGCTCGTAGGCGGTTCGTCGCGTCCGGTGTGAAAGTCCATCGCTTAACGGTGGATCCGC</Hsp_hseq>
      <Hsp_midline>||||||||||| |||||||||||||||||||||||||||||||||||||||||||||||||||||||||||| ||||||||||||||||||||||||||| |||||||| ||||||||||||| ||| | |||| || ||| |||||||||| |||||| ||||| |||||||||||||||||||||| |||||||||||| ||| |||||||||| | |||| |||||||||||||||||||||| || |  ||| || |||||| ||| ||||||</Hsp_midline>
    </Hsp>
  </Hit_hsps>
</Hit>
<Hit>
  <Hit_num>23</Hit_num>
  <Hit_id>gi|2197865408|gb|OM763902.1|</Hit_id>
  <Hit_def>Bifidobacterium faecale strain 21426 16S ribosomal RNA gene, partial sequence</Hit_def>
  <Hit_accession>OM763902</Hit_accession>
  <Hit_len>526</Hit_len>
  <Hit_hsps>
    <Hsp>
      <Hsp_num>1</Hsp_num>
      <Hsp_bit-score>379.092</Hsp_bit-score>
      <Hsp_score>419</Hsp_score>
      <Hsp_evalue>3.03505e-100</Hsp_evalue>
      <Hsp_query-from>2</Hsp_query-from>
      <Hsp_query-to>278</Hsp_query-to>
      <Hsp_hit-from>176</Hsp_hit-from>
      <Hsp_hit-to>452</Hsp_hit-to>
      <Hsp_query-frame>1</Hsp_query-frame>
      <Hsp_hit-frame>1</Hsp_hit-frame>
      <Hsp_identity>250</Hsp_identity>
      <Hsp_positive>250</Hsp_positive>
      <Hsp_gaps>0</Hsp_gaps>
      <Hsp_align-len>277</Hsp_align-len>
      <Hsp_qseq>CTACGGGAGGCTGCAGTGGGGAATATTGCACAATGGGCGCAAGCCTGATGCAGCGACGCCGCGTGCGGGATGTCGGCCTTCGGGTTGTAAACCGCTTTTGTCTGGGAGCTAGCCCTTCGGGGTTAGTCTCCCTTCCGCATATGCACCGGCTACCTACGTCCCAGCCGCCGCGGTAATACGTAGGGTGCCAGCGTTATCCGGTATTTTTGGGCGTAACGTGCTCTTAGGCGGTTCGTCGCGTCCGGTTTGCATTTCCTTCCCTTAACCGTGTATCCGC</Hsp_qseq>
      <Hsp_hseq>CTACGGGAGGCAGCAGTGGGGAATATTGCACAATGGGCGCAAGCCTGATGCAGCGACGCCGCGTGCGGGATGACGGCCTTCGGGTTGTAAACCGCTTTTGACTGGGAGCAAGCCCTTCGGGGTGAGTGTACCTTTCGAATAAGCACCGGCTAACTACGTGCCAGCAGCCGCGGTAATACGTAGGGTGCAAGCGTTATCCGGAATTATTGGGCGTAAAGGGCTCGTAGGCGGTTCGTCGCGTCCGGTGTGAAAGTCCATCGCTTAACGGTGGATCCGC</Hsp_hseq>
      <Hsp_midline>||||||||||| |||||||||||||||||||||||||||||||||||||||||||||||||||||||||||| ||||||||||||||||||||||||||| |||||||| ||||||||||||| ||| | |||| || ||| |||||||||| |||||| ||||| |||||||||||||||||||||| |||||||||||| ||| |||||||||| | |||| |||||||||||||||||||||| || |  ||| || |||||| ||| ||||||</Hsp_midline>
    </Hsp>
  </Hit_hsps>
</Hit>
<Hit>
  <Hit_num>24</Hit_num>
  <Hit_id>gi|2197865407|gb|OM763901.1|</Hit_id>
  <Hit_def>Bifidobacterium faecale strain 21424 16S ribosomal RNA gene, partial sequence</Hit_def>
  <Hit_accession>OM763901</Hit_accession>
  <Hit_len>524</Hit_len>
  <Hit_hsps>
    <Hsp>
      <Hsp_num>1</Hsp_num>
      <Hsp_bit-score>379.092</Hsp_bit-score>
      <Hsp_score>419</Hsp_score>
      <Hsp_evalue>3.03505e-100</Hsp_evalue>
      <Hsp_query-from>2</Hsp_query-from>
      <Hsp_query-to>278</Hsp_query-to>
      <Hsp_hit-from>176</Hsp_hit-from>
      <Hsp_hit-to>452</Hsp_hit-to>
      <Hsp_query-frame>1</Hsp_query-frame>
      <Hsp_hit-frame>1</Hsp_hit-frame>
      <Hsp_identity>250</Hsp_identity>
      <Hsp_positive>250</Hsp_positive>
      <Hsp_gaps>0</Hsp_gaps>
      <Hsp_align-len>277</Hsp_align-len>
      <Hsp_qseq>CTACGGGAGGCTGCAGTGGGGAATATTGCACAATGGGCGCAAGCCTGATGCAGCGACGCCGCGTGCGGGATGTCGGCCTTCGGGTTGTAAACCGCTTTTGTCTGGGAGCTAGCCCTTCGGGGTTAGTCTCCCTTCCGCATATGCACCGGCTACCTACGTCCCAGCCGCCGCGGTAATACGTAGGGTGCCAGCGTTATCCGGTATTTTTGGGCGTAACGTGCTCTTAGGCGGTTCGTCGCGTCCGGTTTGCATTTCCTTCCCTTAACCGTGTATCCGC</Hsp_qseq>
      <Hsp_hseq>CTACGGGAGGCAGCAGTGGGGAATATTGCACAATGGGCGCAAGCCTGATGCAGCGACGCCGCGTGCGGGATGACGGCCTTCGGGTTGTAAACCGCTTTTGACTGGGAGCAAGCCCTTCGGGGTGAGTGTACCTTTCGAATAAGCACCGGCTAACTACGTGCCAGCAGCCGCGGTAATACGTAGGGTGCAAGCGTTATCCGGAATTATTGGGCGTAAAGGGCTCGTAGGCGGTTCGTCGCGTCCGGTGTGAAAGTCCATCGCTTAACGGTGGATCCGC</Hsp_hseq>
      <Hsp_midline>||||||||||| |||||||||||||||||||||||||||||||||||||||||||||||||||||||||||| ||||||||||||||||||||||||||| |||||||| ||||||||||||| ||| | |||| || ||| |||||||||| |||||| ||||| |||||||||||||||||||||| |||||||||||| ||| |||||||||| | |||| |||||||||||||||||||||| || |  ||| || |||||| ||| ||||||</Hsp_midline>
    </Hsp>
  </Hit_hsps>
</Hit>
<Hit>
  <Hit_num>25</Hit_num>
  <Hit_id>gi|2197865406|gb|OM763900.1|</Hit_id>
  <Hit_def>Bifidobacterium adolescentis strain 21423 16S ribosomal RNA gene, partial sequence</Hit_def>
  <Hit_accession>OM763900</Hit_accession>
  <Hit_len>523</Hit_len>
  <Hit_hsps>
    <Hsp>
      <Hsp_num>1</Hsp_num>
      <Hsp_bit-score>379.092</Hsp_bit-score>
      <Hsp_score>419</Hsp_score>
      <Hsp_evalue>3.03505e-100</Hsp_evalue>
      <Hsp_query-from>2</Hsp_query-from>
      <Hsp_query-to>278</Hsp_query-to>
      <Hsp_hit-from>175</Hsp_hit-from>
      <Hsp_hit-to>451</Hsp_hit-to>
      <Hsp_query-frame>1</Hsp_query-frame>
      <Hsp_hit-frame>1</Hsp_hit-frame>
      <Hsp_identity>250</Hsp_identity>
      <Hsp_positive>250</Hsp_positive>
      <Hsp_gaps>0</Hsp_gaps>
      <Hsp_align-len>277</Hsp_align-len>
      <Hsp_qseq>CTACGGGAGGCTGCAGTGGGGAATATTGCACAATGGGCGCAAGCCTGATGCAGCGACGCCGCGTGCGGGATGTCGGCCTTCGGGTTGTAAACCGCTTTTGTCTGGGAGCTAGCCCTTCGGGGTTAGTCTCCCTTCCGCATATGCACCGGCTACCTACGTCCCAGCCGCCGCGGTAATACGTAGGGTGCCAGCGTTATCCGGTATTTTTGGGCGTAACGTGCTCTTAGGCGGTTCGTCGCGTCCGGTTTGCATTTCCTTCCCTTAACCGTGTATCCGC</Hsp_qseq>
      <Hsp_hseq>CTACGGGAGGCAGCAGTGGGGAATATTGCACAATGGGCGCAAGCCTGATGCAGCGACGCCGCGTGCGGGATGACGGCCTTCGGGTTGTAAACCGCTTTTGACTGGGAGCAAGCCCTTCGGGGTGAGTGTACCTTTCGAATAAGCACCGGCTAACTACGTGCCAGCAGCCGCGGTAATACGTAGGGTGCAAGCGTTATCCGGAATTATTGGGCGTAAAGGGCTCGTAGGCGGTTCGTCGCGTCCGGTGTGAAAGTCCATCGCTTAACGGTGGATCCGC</Hsp_hseq>
      <Hsp_midline>||||||||||| |||||||||||||||||||||||||||||||||||||||||||||||||||||||||||| ||||||||||||||||||||||||||| |||||||| ||||||||||||| ||| | |||| || ||| |||||||||| |||||| ||||| |||||||||||||||||||||| |||||||||||| ||| |||||||||| | |||| |||||||||||||||||||||| || |  ||| || |||||| ||| ||||||</Hsp_midline>
    </Hsp>
  </Hit_hsps>
</Hit>
<Hit>
  <Hit_num>26</Hit_num>
  <Hit_id>gi|2197865384|gb|OM763878.1|</Hit_id>
  <Hit_def>Bifidobacterium faecale strain 21269 16S ribosomal RNA gene, partial sequence</Hit_def>
  <Hit_accession>OM763878</Hit_accession>
  <Hit_len>525</Hit_len>
  <Hit_hsps>
    <Hsp>
      <Hsp_num>1</Hsp_num>
      <Hsp_bit-score>379.092</Hsp_bit-score>
      <Hsp_score>419</Hsp_score>
      <Hsp_evalue>3.03505e-100</Hsp_evalue>
      <Hsp_query-from>2</Hsp_query-from>
      <Hsp_query-to>278</Hsp_query-to>
      <Hsp_hit-from>177</Hsp_hit-from>
      <Hsp_hit-to>453</Hsp_hit-to>
      <Hsp_query-frame>1</Hsp_query-frame>
      <Hsp_hit-frame>1</Hsp_hit-frame>
      <Hsp_identity>250</Hsp_identity>
      <Hsp_positive>250</Hsp_positive>
      <Hsp_gaps>0</Hsp_gaps>
      <Hsp_align-len>277</Hsp_align-len>
      <Hsp_qseq>CTACGGGAGGCTGCAGTGGGGAATATTGCACAATGGGCGCAAGCCTGATGCAGCGACGCCGCGTGCGGGATGTCGGCCTTCGGGTTGTAAACCGCTTTTGTCTGGGAGCTAGCCCTTCGGGGTTAGTCTCCCTTCCGCATATGCACCGGCTACCTACGTCCCAGCCGCCGCGGTAATACGTAGGGTGCCAGCGTTATCCGGTATTTTTGGGCGTAACGTGCTCTTAGGCGGTTCGTCGCGTCCGGTTTGCATTTCCTTCCCTTAACCGTGTATCCGC</Hsp_qseq>
      <Hsp_hseq>CTACGGGAGGCAGCAGTGGGGAATATTGCACAATGGGCGCAAGCCTGATGCAGCGACGCCGCGTGCGGGATGACGGCCTTCGGGTTGTAAACCGCTTTTGACTGGGAGCAAGCCCTTCGGGGTGAGTGTACCTTTCGAATAAGCACCGGCTAACTACGTGCCAGCAGCCGCGGTAATACGTAGGGTGCAAGCGTTATCCGGAATTATTGGGCGTAAAGGGCTCGTAGGCGGTTCGTCGCGTCCGGTGTGAAAGTCCATCGCTTAACGGTGGATCCGC</Hsp_hseq>
      <Hsp_midline>||||||||||| |||||||||||||||||||||||||||||||||||||||||||||||||||||||||||| ||||||||||||||||||||||||||| |||||||| ||||||||||||| ||| | |||| || ||| |||||||||| |||||| ||||| |||||||||||||||||||||| |||||||||||| ||| |||||||||| | |||| |||||||||||||||||||||| || |  ||| || |||||| ||| ||||||</Hsp_midline>
    </Hsp>
  </Hit_hsps>
</Hit>
<Hit>
  <Hit_num>27</Hit_num>
  <Hit_id>gi|2183996650|gb|OM406280.1|</Hit_id>
  <Hit_def>Bifidobacterium faecale strain 20836 16S ribosomal RNA gene, partial sequence</Hit_def>
  <Hit_accession>OM406280</Hit_accession>
  <Hit_len>527</Hit_len>
  <Hit_hsps>
    <Hsp>
      <Hsp_num>1</Hsp_num>
      <Hsp_bit-score>379.092</Hsp_bit-score>
      <Hsp_score>419</Hsp_score>
      <Hsp_evalue>3.03505e-100</Hsp_evalue>
      <Hsp_query-from>2</Hsp_query-from>
      <Hsp_query-to>278</Hsp_query-to>
      <Hsp_hit-from>177</Hsp_hit-from>
      <Hsp_hit-to>453</Hsp_hit-to>
      <Hsp_query-frame>1</Hsp_query-frame>
      <Hsp_hit-frame>1</Hsp_hit-frame>
      <Hsp_identity>250</Hsp_identity>
      <Hsp_positive>250</Hsp_positive>
      <Hsp_gaps>0</Hsp_gaps>
      <Hsp_align-len>277</Hsp_align-len>
      <Hsp_qseq>CTACGGGAGGCTGCAGTGGGGAATATTGCACAATGGGCGCAAGCCTGATGCAGCGACGCCGCGTGCGGGATGTCGGCCTTCGGGTTGTAAACCGCTTTTGTCTGGGAGCTAGCCCTTCGGGGTTAGTCTCCCTTCCGCATATGCACCGGCTACCTACGTCCCAGCCGCCGCGGTAATACGTAGGGTGCCAGCGTTATCCGGTATTTTTGGGCGTAACGTGCTCTTAGGCGGTTCGTCGCGTCCGGTTTGCATTTCCTTCCCTTAACCGTGTATCCGC</Hsp_qseq>
      <Hsp_hseq>CTACGGGAGGCAGCAGTGGGGAATATTGCACAATGGGCGCAAGCCTGATGCAGCGACGCCGCGTGCGGGATGACGGCCTTCGGGTTGTAAACCGCTTTTGACTGGGAGCAAGCCCTTCGGGGTGAGTGTACCTTTCGAATAAGCACCGGCTAACTACGTGCCAGCAGCCGCGGTAATACGTAGGGTGCAAGCGTTATCCGGAATTATTGGGCGTAAAGGGCTCGTAGGCGGTTCGTCGCGTCCGGTGTGAAAGTCCATCGCTTAACGGTGGATCCGC</Hsp_hseq>
      <Hsp_midline>||||||||||| |||||||||||||||||||||||||||||||||||||||||||||||||||||||||||| ||||||||||||||||||||||||||| |||||||| ||||||||||||| ||| | |||| || ||| |||||||||| |||||| ||||| |||||||||||||||||||||| |||||||||||| ||| |||||||||| | |||| |||||||||||||||||||||| || |  ||| || |||||| ||| ||||||</Hsp_midline>
    </Hsp>
  </Hit_hsps>
</Hit>
<Hit>
  <Hit_num>28</Hit_num>
  <Hit_id>gi|2183864701|gb|OM403619.1|</Hit_id>
  <Hit_def>Bifidobacterium faecale strain 21410 16S ribosomal RNA gene, partial sequence</Hit_def>
  <Hit_accession>OM403619</Hit_accession>
  <Hit_len>535</Hit_len>
  <Hit_hsps>
    <Hsp>
      <Hsp_num>1</Hsp_num>
      <Hsp_bit-score>379.092</Hsp_bit-score>
      <Hsp_score>419</Hsp_score>
      <Hsp_evalue>3.03505e-100</Hsp_evalue>
      <Hsp_query-from>2</Hsp_query-from>
      <Hsp_query-to>278</Hsp_query-to>
      <Hsp_hit-from>180</Hsp_hit-from>
      <Hsp_hit-to>456</Hsp_hit-to>
      <Hsp_query-frame>1</Hsp_query-frame>
      <Hsp_hit-frame>1</Hsp_hit-frame>
      <Hsp_identity>250</Hsp_identity>
      <Hsp_positive>250</Hsp_positive>
      <Hsp_gaps>0</Hsp_gaps>
      <Hsp_align-len>277</Hsp_align-len>
      <Hsp_qseq>CTACGGGAGGCTGCAGTGGGGAATATTGCACAATGGGCGCAAGCCTGATGCAGCGACGCCGCGTGCGGGATGTCGGCCTTCGGGTTGTAAACCGCTTTTGTCTGGGAGCTAGCCCTTCGGGGTTAGTCTCCCTTCCGCATATGCACCGGCTACCTACGTCCCAGCCGCCGCGGTAATACGTAGGGTGCCAGCGTTATCCGGTATTTTTGGGCGTAACGTGCTCTTAGGCGGTTCGTCGCGTCCGGTTTGCATTTCCTTCCCTTAACCGTGTATCCGC</Hsp_qseq>
      <Hsp_hseq>CTACGGGAGGCAGCAGTGGGGAATATTGCACAATGGGCGCAAGCCTGATGCAGCGACGCCGCGTGCGGGATGACGGCCTTCGGGTTGTAAACCGCTTTTGACTGGGAGCAAGCCCTTCGGGGTGAGTGTACCTTTCGAATAAGCACCGGCTAACTACGTGCCAGCAGCCGCGGTAATACGTAGGGTGCAAGCGTTATCCGGAATTATTGGGCGTAAAGGGCTCGTAGGCGGTTCGTCGCGTCCGGTGTGAAAGTCCATCGCTTAACGGTGGATCCGC</Hsp_hseq>
      <Hsp_midline>||||||||||| |||||||||||||||||||||||||||||||||||||||||||||||||||||||||||| ||||||||||||||||||||||||||| |||||||| ||||||||||||| ||| | |||| || ||| |||||||||| |||||| ||||| |||||||||||||||||||||| |||||||||||| ||| |||||||||| | |||| |||||||||||||||||||||| || |  ||| || |||||| ||| ||||||</Hsp_midline>
    </Hsp>
  </Hit_hsps>
</Hit>
<Hit>
  <Hit_num>29</Hit_num>
  <Hit_id>gi|2183864700|gb|OM403618.1|</Hit_id>
  <Hit_def>Bifidobacterium faecale strain 21409 16S ribosomal RNA gene, partial sequence</Hit_def>
  <Hit_accession>OM403618</Hit_accession>
  <Hit_len>433</Hit_len>
  <Hit_hsps>
    <Hsp>
      <Hsp_num>1</Hsp_num>
      <Hsp_bit-score>379.092</Hsp_bit-score>
      <Hsp_score>419</Hsp_score>
      <Hsp_evalue>3.03505e-100</Hsp_evalue>
      <Hsp_query-from>2</Hsp_query-from>
      <Hsp_query-to>278</Hsp_query-to>
      <Hsp_hit-from>131</Hsp_hit-from>
      <Hsp_hit-to>407</Hsp_hit-to>
      <Hsp_query-frame>1</Hsp_query-frame>
      <Hsp_hit-frame>1</Hsp_hit-frame>
      <Hsp_identity>250</Hsp_identity>
      <Hsp_positive>250</Hsp_positive>
      <Hsp_gaps>0</Hsp_gaps>
      <Hsp_align-len>277</Hsp_align-len>
      <Hsp_qseq>CTACGGGAGGCTGCAGTGGGGAATATTGCACAATGGGCGCAAGCCTGATGCAGCGACGCCGCGTGCGGGATGTCGGCCTTCGGGTTGTAAACCGCTTTTGTCTGGGAGCTAGCCCTTCGGGGTTAGTCTCCCTTCCGCATATGCACCGGCTACCTACGTCCCAGCCGCCGCGGTAATACGTAGGGTGCCAGCGTTATCCGGTATTTTTGGGCGTAACGTGCTCTTAGGCGGTTCGTCGCGTCCGGTTTGCATTTCCTTCCCTTAACCGTGTATCCGC</Hsp_qseq>
      <Hsp_hseq>CTACGGGAGGCAGCAGTGGGGAATATTGCACAATGGGCGCAAGCCTGATGCAGCGACGCCGCGTGCGGGATGACGGCCTTCGGGTTGTAAACCGCTTTTGACTGGGAGCAAGCCCTTCGGGGTGAGTGTACCTTTCGAATAAGCACCGGCTAACTACGTGCCAGCAGCCGCGGTAATACGTAGGGTGCAAGCGTTATCCGGAATTATTGGGCGTAAAGGGCTCGTAGGCGGTTCGTCGCGTCCGGTGTGAAAGTCCATCGCTTAACGGTGGATCCGC</Hsp_hseq>
      <Hsp_midline>||||||||||| |||||||||||||||||||||||||||||||||||||||||||||||||||||||||||| ||||||||||||||||||||||||||| |||||||| ||||||||||||| ||| | |||| || ||| |||||||||| |||||| ||||| |||||||||||||||||||||| |||||||||||| ||| |||||||||| | |||| |||||||||||||||||||||| || |  ||| || |||||| ||| ||||||</Hsp_midline>
    </Hsp>
  </Hit_hsps>
</Hit>
<Hit>
  <Hit_num>30</Hit_num>
  <Hit_id>gi|2183864698|gb|OM403616.1|</Hit_id>
  <Hit_def>Bifidobacterium faecale strain 21407 16S ribosomal RNA gene, partial sequence</Hit_def>
  <Hit_accession>OM403616</Hit_accession>
  <Hit_len>434</Hit_len>
  <Hit_hsps>
    <Hsp>
      <Hsp_num>1</Hsp_num>
      <Hsp_bit-score>379.092</Hsp_bit-score>
      <Hsp_score>419</Hsp_score>
      <Hsp_evalue>3.03505e-100</Hsp_evalue>
      <Hsp_query-from>2</Hsp_query-from>
      <Hsp_query-to>278</Hsp_query-to>
      <Hsp_hit-from>132</Hsp_hit-from>
      <Hsp_hit-to>408</Hsp_hit-to>
      <Hsp_query-frame>1</Hsp_query-frame>
      <Hsp_hit-frame>1</Hsp_hit-frame>
      <Hsp_identity>250</Hsp_identity>
      <Hsp_positive>250</Hsp_positive>
      <Hsp_gaps>0</Hsp_gaps>
      <Hsp_align-len>277</Hsp_align-len>
      <Hsp_qseq>CTACGGGAGGCTGCAGTGGGGAATATTGCACAATGGGCGCAAGCCTGATGCAGCGACGCCGCGTGCGGGATGTCGGCCTTCGGGTTGTAAACCGCTTTTGTCTGGGAGCTAGCCCTTCGGGGTTAGTCTCCCTTCCGCATATGCACCGGCTACCTACGTCCCAGCCGCCGCGGTAATACGTAGGGTGCCAGCGTTATCCGGTATTTTTGGGCGTAACGTGCTCTTAGGCGGTTCGTCGCGTCCGGTTTGCATTTCCTTCCCTTAACCGTGTATCCGC</Hsp_qseq>
      <Hsp_hseq>CTACGGGAGGCAGCAGTGGGGAATATTGCACAATGGGCGCAAGCCTGATGCAGCGACGCCGCGTGCGGGATGACGGCCTTCGGGTTGTAAACCGCTTTTGACTGGGAGCAAGCCCTTCGGGGTGAGTGTACCTTTCGAATAAGCACCGGCTAACTACGTGCCAGCAGCCGCGGTAATACGTAGGGTGCAAGCGTTATCCGGAATTATTGGGCGTAAAGGGCTCGTAGGCGGTTCGTCGCGTCCGGTGTGAAAGTCCATCGCTTAACGGTGGATCCGC</Hsp_hseq>
      <Hsp_midline>||||||||||| |||||||||||||||||||||||||||||||||||||||||||||||||||||||||||| ||||||||||||||||||||||||||| |||||||| ||||||||||||| ||| | |||| || ||| |||||||||| |||||| ||||| |||||||||||||||||||||| |||||||||||| ||| |||||||||| | |||| |||||||||||||||||||||| || |  ||| || |||||| ||| ||||||</Hsp_midline>
    </Hsp>
  </Hit_hsps>
</Hit>
<Hit>
  <Hit_num>31</Hit_num>
  <Hit_id>gi|2183864673|gb|OM403602.1|</Hit_id>
  <Hit_def>Bifidobacterium adolescentis strain 20938 16S ribosomal RNA gene, partial sequence</Hit_def>
  <Hit_accession>OM403602</Hit_accession>
  <Hit_len>435</Hit_len>
  <Hit_hsps>
    <Hsp>
      <Hsp_num>1</Hsp_num>
      <Hsp_bit-score>379.092</Hsp_bit-score>
      <Hsp_score>419</Hsp_score>
      <Hsp_evalue>3.03505e-100</Hsp_evalue>
      <Hsp_query-from>2</Hsp_query-from>
      <Hsp_query-to>278</Hsp_query-to>
      <Hsp_hit-from>133</Hsp_hit-from>
      <Hsp_hit-to>409</Hsp_hit-to>
      <Hsp_query-frame>1</Hsp_query-frame>
      <Hsp_hit-frame>1</Hsp_hit-frame>
      <Hsp_identity>250</Hsp_identity>
      <Hsp_positive>250</Hsp_positive>
      <Hsp_gaps>0</Hsp_gaps>
      <Hsp_align-len>277</Hsp_align-len>
      <Hsp_qseq>CTACGGGAGGCTGCAGTGGGGAATATTGCACAATGGGCGCAAGCCTGATGCAGCGACGCCGCGTGCGGGATGTCGGCCTTCGGGTTGTAAACCGCTTTTGTCTGGGAGCTAGCCCTTCGGGGTTAGTCTCCCTTCCGCATATGCACCGGCTACCTACGTCCCAGCCGCCGCGGTAATACGTAGGGTGCCAGCGTTATCCGGTATTTTTGGGCGTAACGTGCTCTTAGGCGGTTCGTCGCGTCCGGTTTGCATTTCCTTCCCTTAACCGTGTATCCGC</Hsp_qseq>
      <Hsp_hseq>CTACGGGAGGCAGCAGTGGGGAATATTGCACAATGGGCGCAAGCCTGATGCAGCGACGCCGCGTGCGGGATGACGGCCTTCGGGTTGTAAACCGCTTTTGACTGGGAGCAAGCCCTTCGGGGTGAGTGTACCTTTCGAATAAGCACCGGCTAACTACGTGCCAGCAGCCGCGGTAATACGTAGGGTGCAAGCGTTATCCGGAATTATTGGGCGTAAAGGGCTCGTAGGCGGTTCGTCGCGTCCGGTGTGAAAGTCCATCGCTTAACGGTGGATCCGC</Hsp_hseq>
      <Hsp_midline>||||||||||| |||||||||||||||||||||||||||||||||||||||||||||||||||||||||||| ||||||||||||||||||||||||||| |||||||| ||||||||||||| ||| | |||| || ||| |||||||||| |||||| ||||| |||||||||||||||||||||| |||||||||||| ||| |||||||||| | |||| |||||||||||||||||||||| || |  ||| || |||||| ||| ||||||</Hsp_midline>
    </Hsp>
  </Hit_hsps>
</Hit>
<Hit>
  <Hit_num>32</Hit_num>
  <Hit_id>gi|2183842547|gb|OM403588.1|</Hit_id>
  <Hit_def>Bifidobacterium faecale strain 21376 16S ribosomal RNA gene, partial sequence</Hit_def>
  <Hit_accession>OM403588</Hit_accession>
  <Hit_len>432</Hit_len>
  <Hit_hsps>
    <Hsp>
      <Hsp_num>1</Hsp_num>
      <Hsp_bit-score>379.092</Hsp_bit-score>
      <Hsp_score>419</Hsp_score>
      <Hsp_evalue>3.03505e-100</Hsp_evalue>
      <Hsp_query-from>2</Hsp_query-from>
      <Hsp_query-to>278</Hsp_query-to>
      <Hsp_hit-from>130</Hsp_hit-from>
      <Hsp_hit-to>406</Hsp_hit-to>
      <Hsp_query-frame>1</Hsp_query-frame>
      <Hsp_hit-frame>1</Hsp_hit-frame>
      <Hsp_identity>250</Hsp_identity>
      <Hsp_positive>250</Hsp_positive>
      <Hsp_gaps>0</Hsp_gaps>
      <Hsp_align-len>277</Hsp_align-len>
      <Hsp_qseq>CTACGGGAGGCTGCAGTGGGGAATATTGCACAATGGGCGCAAGCCTGATGCAGCGACGCCGCGTGCGGGATGTCGGCCTTCGGGTTGTAAACCGCTTTTGTCTGGGAGCTAGCCCTTCGGGGTTAGTCTCCCTTCCGCATATGCACCGGCTACCTACGTCCCAGCCGCCGCGGTAATACGTAGGGTGCCAGCGTTATCCGGTATTTTTGGGCGTAACGTGCTCTTAGGCGGTTCGTCGCGTCCGGTTTGCATTTCCTTCCCTTAACCGTGTATCCGC</Hsp_qseq>
      <Hsp_hseq>CTACGGGAGGCAGCAGTGGGGAATATTGCACAATGGGCGCAAGCCTGATGCAGCGACGCCGCGTGCGGGATGACGGCCTTCGGGTTGTAAACCGCTTTTGACTGGGAGCAAGCCCTTCGGGGTGAGTGTACCTTTCGAATAAGCACCGGCTAACTACGTGCCAGCAGCCGCGGTAATACGTAGGGTGCAAGCGTTATCCGGAATTATTGGGCGTAAAGGGCTCGTAGGCGGTTCGTCGCGTCCGGTGTGAAAGTCCATCGCTTAACGGTGGATCCGC</Hsp_hseq>
      <Hsp_midline>||||||||||| |||||||||||||||||||||||||||||||||||||||||||||||||||||||||||| ||||||||||||||||||||||||||| |||||||| ||||||||||||| ||| | |||| || ||| |||||||||| |||||| ||||| |||||||||||||||||||||| |||||||||||| ||| |||||||||| | |||| |||||||||||||||||||||| || |  ||| || |||||| ||| ||||||</Hsp_midline>
    </Hsp>
  </Hit_hsps>
</Hit>
<Hit>
  <Hit_num>33</Hit_num>
  <Hit_id>gi|2183842546|gb|OM403587.1|</Hit_id>
  <Hit_def>Bifidobacterium faecale strain 21375 16S ribosomal RNA gene, partial sequence</Hit_def>
  <Hit_accession>OM403587</Hit_accession>
  <Hit_len>431</Hit_len>
  <Hit_hsps>
    <Hsp>
      <Hsp_num>1</Hsp_num>
      <Hsp_bit-score>379.092</Hsp_bit-score>
      <Hsp_score>419</Hsp_score>
      <Hsp_evalue>3.03505e-100</Hsp_evalue>
      <Hsp_query-from>2</Hsp_query-from>
      <Hsp_query-to>278</Hsp_query-to>
      <Hsp_hit-from>129</Hsp_hit-from>
      <Hsp_hit-to>405</Hsp_hit-to>
      <Hsp_query-frame>1</Hsp_query-frame>
      <Hsp_hit-frame>1</Hsp_hit-frame>
      <Hsp_identity>250</Hsp_identity>
      <Hsp_positive>250</Hsp_positive>
      <Hsp_gaps>0</Hsp_gaps>
      <Hsp_align-len>277</Hsp_align-len>
      <Hsp_qseq>CTACGGGAGGCTGCAGTGGGGAATATTGCACAATGGGCGCAAGCCTGATGCAGCGACGCCGCGTGCGGGATGTCGGCCTTCGGGTTGTAAACCGCTTTTGTCTGGGAGCTAGCCCTTCGGGGTTAGTCTCCCTTCCGCATATGCACCGGCTACCTACGTCCCAGCCGCCGCGGTAATACGTAGGGTGCCAGCGTTATCCGGTATTTTTGGGCGTAACGTGCTCTTAGGCGGTTCGTCGCGTCCGGTTTGCATTTCCTTCCCTTAACCGTGTATCCGC</Hsp_qseq>
      <Hsp_hseq>CTACGGGAGGCAGCAGTGGGGAATATTGCACAATGGGCGCAAGCCTGATGCAGCGACGCCGCGTGCGGGATGACGGCCTTCGGGTTGTAAACCGCTTTTGACTGGGAGCAAGCCCTTCGGGGTGAGTGTACCTTTCGAATAAGCACCGGCTAACTACGTGCCAGCAGCCGCGGTAATACGTAGGGTGCAAGCGTTATCCGGAATTATTGGGCGTAAAGGGCTCGTAGGCGGTTCGTCGCGTCCGGTGTGAAAGTCCATCGCTTAACGGTGGATCCGC</Hsp_hseq>
      <Hsp_midline>||||||||||| |||||||||||||||||||||||||||||||||||||||||||||||||||||||||||| ||||||||||||||||||||||||||| |||||||| ||||||||||||| ||| | |||| || ||| |||||||||| |||||| ||||| |||||||||||||||||||||| |||||||||||| ||| |||||||||| | |||| |||||||||||||||||||||| || |  ||| || |||||| ||| ||||||</Hsp_midline>
    </Hsp>
  </Hit_hsps>
</Hit>
<Hit>
  <Hit_num>34</Hit_num>
  <Hit_id>gi|2183842545|gb|OM403586.1|</Hit_id>
  <Hit_def>Bifidobacterium faecale strain 21374 16S ribosomal RNA gene, partial sequence</Hit_def>
  <Hit_accession>OM403586</Hit_accession>
  <Hit_len>452</Hit_len>
  <Hit_hsps>
    <Hsp>
      <Hsp_num>1</Hsp_num>
      <Hsp_bit-score>379.092</Hsp_bit-score>
      <Hsp_score>419</Hsp_score>
      <Hsp_evalue>3.03505e-100</Hsp_evalue>
      <Hsp_query-from>2</Hsp_query-from>
      <Hsp_query-to>278</Hsp_query-to>
      <Hsp_hit-from>134</Hsp_hit-from>
      <Hsp_hit-to>410</Hsp_hit-to>
      <Hsp_query-frame>1</Hsp_query-frame>
      <Hsp_hit-frame>1</Hsp_hit-frame>
      <Hsp_identity>250</Hsp_identity>
      <Hsp_positive>250</Hsp_positive>
      <Hsp_gaps>0</Hsp_gaps>
      <Hsp_align-len>277</Hsp_align-len>
      <Hsp_qseq>CTACGGGAGGCTGCAGTGGGGAATATTGCACAATGGGCGCAAGCCTGATGCAGCGACGCCGCGTGCGGGATGTCGGCCTTCGGGTTGTAAACCGCTTTTGTCTGGGAGCTAGCCCTTCGGGGTTAGTCTCCCTTCCGCATATGCACCGGCTACCTACGTCCCAGCCGCCGCGGTAATACGTAGGGTGCCAGCGTTATCCGGTATTTTTGGGCGTAACGTGCTCTTAGGCGGTTCGTCGCGTCCGGTTTGCATTTCCTTCCCTTAACCGTGTATCCGC</Hsp_qseq>
      <Hsp_hseq>CTACGGGAGGCAGCAGTGGGGAATATTGCACAATGGGCGCAAGCCTGATGCAGCGACGCCGCGTGCGGGATGACGGCCTTCGGGTTGTAAACCGCTTTTGACTGGGAGCAAGCCCTTCGGGGTGAGTGTACCTTTCGAATAAGCACCGGCTAACTACGTGCCAGCAGCCGCGGTAATACGTAGGGTGCAAGCGTTATCCGGAATTATTGGGCGTAAAGGGCTCGTAGGCGGTTCGTCGCGTCCGGTGTGAAAGTCCATCGCTTAACGGTGGATCCGC</Hsp_hseq>
      <Hsp_midline>||||||||||| |||||||||||||||||||||||||||||||||||||||||||||||||||||||||||| ||||||||||||||||||||||||||| |||||||| ||||||||||||| ||| | |||| || ||| |||||||||| |||||| ||||| |||||||||||||||||||||| |||||||||||| ||| |||||||||| | |||| |||||||||||||||||||||| || |  ||| || |||||| ||| ||||||</Hsp_midline>
    </Hsp>
  </Hit_hsps>
</Hit>
<Hit>
  <Hit_num>35</Hit_num>
  <Hit_id>gi|2183842544|gb|OM403585.1|</Hit_id>
  <Hit_def>Bifidobacterium faecale strain 21373 16S ribosomal RNA gene, partial sequence</Hit_def>
  <Hit_accession>OM403585</Hit_accession>
  <Hit_len>461</Hit_len>
  <Hit_hsps>
    <Hsp>
      <Hsp_num>1</Hsp_num>
      <Hsp_bit-score>379.092</Hsp_bit-score>
      <Hsp_score>419</Hsp_score>
      <Hsp_evalue>3.03505e-100</Hsp_evalue>
      <Hsp_query-from>2</Hsp_query-from>
      <Hsp_query-to>278</Hsp_query-to>
      <Hsp_hit-from>142</Hsp_hit-from>
      <Hsp_hit-to>418</Hsp_hit-to>
      <Hsp_query-frame>1</Hsp_query-frame>
      <Hsp_hit-frame>1</Hsp_hit-frame>
      <Hsp_identity>250</Hsp_identity>
      <Hsp_positive>250</Hsp_positive>
      <Hsp_gaps>0</Hsp_gaps>
      <Hsp_align-len>277</Hsp_align-len>
      <Hsp_qseq>CTACGGGAGGCTGCAGTGGGGAATATTGCACAATGGGCGCAAGCCTGATGCAGCGACGCCGCGTGCGGGATGTCGGCCTTCGGGTTGTAAACCGCTTTTGTCTGGGAGCTAGCCCTTCGGGGTTAGTCTCCCTTCCGCATATGCACCGGCTACCTACGTCCCAGCCGCCGCGGTAATACGTAGGGTGCCAGCGTTATCCGGTATTTTTGGGCGTAACGTGCTCTTAGGCGGTTCGTCGCGTCCGGTTTGCATTTCCTTCCCTTAACCGTGTATCCGC</Hsp_qseq>
      <Hsp_hseq>CTACGGGAGGCAGCAGTGGGGAATATTGCACAATGGGCGCAAGCCTGATGCAGCGACGCCGCGTGCGGGATGACGGCCTTCGGGTTGTAAACCGCTTTTGACTGGGAGCAAGCCCTTCGGGGTGAGTGTACCTTTCGAATAAGCACCGGCTAACTACGTGCCAGCAGCCGCGGTAATACGTAGGGTGCAAGCGTTATCCGGAATTATTGGGCGTAAAGGGCTCGTAGGCGGTTCGTCGCGTCCGGTGTGAAAGTCCATCGCTTAACGGTGGATCCGC</Hsp_hseq>
      <Hsp_midline>||||||||||| |||||||||||||||||||||||||||||||||||||||||||||||||||||||||||| ||||||||||||||||||||||||||| |||||||| ||||||||||||| ||| | |||| || ||| |||||||||| |||||| ||||| |||||||||||||||||||||| |||||||||||| ||| |||||||||| | |||| |||||||||||||||||||||| || |  ||| || |||||| ||| ||||||</Hsp_midline>
    </Hsp>
  </Hit_hsps>
</Hit>
<Hit>
  <Hit_num>36</Hit_num>
  <Hit_id>gi|2183842542|gb|OM403583.1|</Hit_id>
  <Hit_def>Bifidobacterium faecale strain 21371 16S ribosomal RNA gene, partial sequence</Hit_def>
  <Hit_accession>OM403583</Hit_accession>
  <Hit_len>447</Hit_len>
  <Hit_hsps>
    <Hsp>
      <Hsp_num>1</Hsp_num>
      <Hsp_bit-score>379.092</Hsp_bit-score>
      <Hsp_score>419</Hsp_score>
      <Hsp_evalue>3.03505e-100</Hsp_evalue>
      <Hsp_query-from>2</Hsp_query-from>
      <Hsp_query-to>278</Hsp_query-to>
      <Hsp_hit-from>131</Hsp_hit-from>
      <Hsp_hit-to>407</Hsp_hit-to>
      <Hsp_query-frame>1</Hsp_query-frame>
      <Hsp_hit-frame>1</Hsp_hit-frame>
      <Hsp_identity>250</Hsp_identity>
      <Hsp_positive>250</Hsp_positive>
      <Hsp_gaps>0</Hsp_gaps>
      <Hsp_align-len>277</Hsp_align-len>
      <Hsp_qseq>CTACGGGAGGCTGCAGTGGGGAATATTGCACAATGGGCGCAAGCCTGATGCAGCGACGCCGCGTGCGGGATGTCGGCCTTCGGGTTGTAAACCGCTTTTGTCTGGGAGCTAGCCCTTCGGGGTTAGTCTCCCTTCCGCATATGCACCGGCTACCTACGTCCCAGCCGCCGCGGTAATACGTAGGGTGCCAGCGTTATCCGGTATTTTTGGGCGTAACGTGCTCTTAGGCGGTTCGTCGCGTCCGGTTTGCATTTCCTTCCCTTAACCGTGTATCCGC</Hsp_qseq>
      <Hsp_hseq>CTACGGGAGGCAGCAGTGGGGAATATTGCACAATGGGCGCAAGCCTGATGCAGCGACGCCGCGTGCGGGATGACGGCCTTCGGGTTGTAAACCGCTTTTGACTGGGAGCAAGCCCTTCGGGGTGAGTGTACCTTTCGAATAAGCACCGGCTAACTACGTGCCAGCAGCCGCGGTAATACGTAGGGTGCAAGCGTTATCCGGAATTATTGGGCGTAAAGGGCTCGTAGGCGGTTCGTCGCGTCCGGTGTGAAAGTCCATCGCTTAACGGTGGATCCGC</Hsp_hseq>
      <Hsp_midline>||||||||||| |||||||||||||||||||||||||||||||||||||||||||||||||||||||||||| ||||||||||||||||||||||||||| |||||||| ||||||||||||| ||| | |||| || ||| |||||||||| |||||| ||||| |||||||||||||||||||||| |||||||||||| ||| |||||||||| | |||| |||||||||||||||||||||| || |  ||| || |||||| ||| ||||||</Hsp_midline>
    </Hsp>
  </Hit_hsps>
</Hit>
<Hit>
  <Hit_num>37</Hit_num>
  <Hit_id>gi|2183842536|gb|OM403577.1|</Hit_id>
  <Hit_def>Bifidobacterium faecale strain 21365 16S ribosomal RNA gene, partial sequence</Hit_def>
  <Hit_accession>OM403577</Hit_accession>
  <Hit_len>445</Hit_len>
  <Hit_hsps>
    <Hsp>
      <Hsp_num>1</Hsp_num>
      <Hsp_bit-score>379.092</Hsp_bit-score>
      <Hsp_score>419</Hsp_score>
      <Hsp_evalue>3.03505e-100</Hsp_evalue>
      <Hsp_query-from>2</Hsp_query-from>
      <Hsp_query-to>278</Hsp_query-to>
      <Hsp_hit-from>130</Hsp_hit-from>
      <Hsp_hit-to>406</Hsp_hit-to>
      <Hsp_query-frame>1</Hsp_query-frame>
      <Hsp_hit-frame>1</Hsp_hit-frame>
      <Hsp_identity>250</Hsp_identity>
      <Hsp_positive>250</Hsp_positive>
      <Hsp_gaps>0</Hsp_gaps>
      <Hsp_align-len>277</Hsp_align-len>
      <Hsp_qseq>CTACGGGAGGCTGCAGTGGGGAATATTGCACAATGGGCGCAAGCCTGATGCAGCGACGCCGCGTGCGGGATGTCGGCCTTCGGGTTGTAAACCGCTTTTGTCTGGGAGCTAGCCCTTCGGGGTTAGTCTCCCTTCCGCATATGCACCGGCTACCTACGTCCCAGCCGCCGCGGTAATACGTAGGGTGCCAGCGTTATCCGGTATTTTTGGGCGTAACGTGCTCTTAGGCGGTTCGTCGCGTCCGGTTTGCATTTCCTTCCCTTAACCGTGTATCCGC</Hsp_qseq>
      <Hsp_hseq>CTACGGGAGGCAGCAGTGGGGAATATTGCACAATGGGCGCAAGCCTGATGCAGCGACGCCGCGTGCGGGATGACGGCCTTCGGGTTGTAAACCGCTTTTGACTGGGAGCAAGCCCTTCGGGGTGAGTGTACCTTTCGAATAAGCACCGGCTAACTACGTGCCAGCAGCCGCGGTAATACGTAGGGTGCAAGCGTTATCCGGAATTATTGGGCGTAAAGGGCTCGTAGGCGGTTCGTCGCGTCCGGTGTGAAAGTCCATCGCTTAACGGTGGATCCGC</Hsp_hseq>
      <Hsp_midline>||||||||||| |||||||||||||||||||||||||||||||||||||||||||||||||||||||||||| ||||||||||||||||||||||||||| |||||||| ||||||||||||| ||| | |||| || ||| |||||||||| |||||| ||||| |||||||||||||||||||||| |||||||||||| ||| |||||||||| | |||| |||||||||||||||||||||| || |  ||| || |||||| ||| ||||||</Hsp_midline>
    </Hsp>
  </Hit_hsps>
</Hit>
<Hit>
  <Hit_num>38</Hit_num>
  <Hit_id>gi|2183842516|gb|OM403557.1|</Hit_id>
  <Hit_def>Bifidobacterium faecale strain 21320 16S ribosomal RNA gene, partial sequence</Hit_def>
  <Hit_accession>OM403557</Hit_accession>
  <Hit_len>435</Hit_len>
  <Hit_hsps>
    <Hsp>
      <Hsp_num>1</Hsp_num>
      <Hsp_bit-score>379.092</Hsp_bit-score>
      <Hsp_score>419</Hsp_score>
      <Hsp_evalue>3.03505e-100</Hsp_evalue>
      <Hsp_query-from>2</Hsp_query-from>
      <Hsp_query-to>278</Hsp_query-to>
      <Hsp_hit-from>133</Hsp_hit-from>
      <Hsp_hit-to>409</Hsp_hit-to>
      <Hsp_query-frame>1</Hsp_query-frame>
      <Hsp_hit-frame>1</Hsp_hit-frame>
      <Hsp_identity>250</Hsp_identity>
      <Hsp_positive>250</Hsp_positive>
      <Hsp_gaps>0</Hsp_gaps>
      <Hsp_align-len>277</Hsp_align-len>
      <Hsp_qseq>CTACGGGAGGCTGCAGTGGGGAATATTGCACAATGGGCGCAAGCCTGATGCAGCGACGCCGCGTGCGGGATGTCGGCCTTCGGGTTGTAAACCGCTTTTGTCTGGGAGCTAGCCCTTCGGGGTTAGTCTCCCTTCCGCATATGCACCGGCTACCTACGTCCCAGCCGCCGCGGTAATACGTAGGGTGCCAGCGTTATCCGGTATTTTTGGGCGTAACGTGCTCTTAGGCGGTTCGTCGCGTCCGGTTTGCATTTCCTTCCCTTAACCGTGTATCCGC</Hsp_qseq>
      <Hsp_hseq>CTACGGGAGGCAGCAGTGGGGAATATTGCACAATGGGCGCAAGCCTGATGCAGCGACGCCGCGTGCGGGATGACGGCCTTCGGGTTGTAAACCGCTTTTGACTGGGAGCAAGCCCTTCGGGGTGAGTGTACCTTTCGAATAAGCACCGGCTAACTACGTGCCAGCAGCCGCGGTAATACGTAGGGTGCAAGCGTTATCCGGAATTATTGGGCGTAAAGGGCTCGTAGGCGGTTCGTCGCGTCCGGTGTGAAAGTCCATCGCTTAACGGTGGATCCGC</Hsp_hseq>
      <Hsp_midline>||||||||||| |||||||||||||||||||||||||||||||||||||||||||||||||||||||||||| ||||||||||||||||||||||||||| |||||||| ||||||||||||| ||| | |||| || ||| |||||||||| |||||| ||||| |||||||||||||||||||||| |||||||||||| ||| |||||||||| | |||| |||||||||||||||||||||| || |  ||| || |||||| ||| ||||||</Hsp_midline>
    </Hsp>
  </Hit_hsps>
</Hit>
<Hit>
  <Hit_num>39</Hit_num>
  <Hit_id>gi|2183842515|gb|OM403556.1|</Hit_id>
  <Hit_def>Bifidobacterium faecale strain 21319 16S ribosomal RNA gene, partial sequence</Hit_def>
  <Hit_accession>OM403556</Hit_accession>
  <Hit_len>433</Hit_len>
  <Hit_hsps>
    <Hsp>
      <Hsp_num>1</Hsp_num>
      <Hsp_bit-score>379.092</Hsp_bit-score>
      <Hsp_score>419</Hsp_score>
      <Hsp_evalue>3.03505e-100</Hsp_evalue>
      <Hsp_query-from>2</Hsp_query-from>
      <Hsp_query-to>278</Hsp_query-to>
      <Hsp_hit-from>131</Hsp_hit-from>
      <Hsp_hit-to>407</Hsp_hit-to>
      <Hsp_query-frame>1</Hsp_query-frame>
      <Hsp_hit-frame>1</Hsp_hit-frame>
      <Hsp_identity>250</Hsp_identity>
      <Hsp_positive>250</Hsp_positive>
      <Hsp_gaps>0</Hsp_gaps>
      <Hsp_align-len>277</Hsp_align-len>
      <Hsp_qseq>CTACGGGAGGCTGCAGTGGGGAATATTGCACAATGGGCGCAAGCCTGATGCAGCGACGCCGCGTGCGGGATGTCGGCCTTCGGGTTGTAAACCGCTTTTGTCTGGGAGCTAGCCCTTCGGGGTTAGTCTCCCTTCCGCATATGCACCGGCTACCTACGTCCCAGCCGCCGCGGTAATACGTAGGGTGCCAGCGTTATCCGGTATTTTTGGGCGTAACGTGCTCTTAGGCGGTTCGTCGCGTCCGGTTTGCATTTCCTTCCCTTAACCGTGTATCCGC</Hsp_qseq>
      <Hsp_hseq>CTACGGGAGGCAGCAGTGGGGAATATTGCACAATGGGCGCAAGCCTGATGCAGCGACGCCGCGTGCGGGATGACGGCCTTCGGGTTGTAAACCGCTTTTGACTGGGAGCAAGCCCTTCGGGGTGAGTGTACCTTTCGAATAAGCACCGGCTAACTACGTGCCAGCAGCCGCGGTAATACGTAGGGTGCAAGCGTTATCCGGAATTATTGGGCGTAAAGGGCTCGTAGGCGGTTCGTCGCGTCCGGTGTGAAAGTCCATCGCTTAACGGTGGATCCGC</Hsp_hseq>
      <Hsp_midline>||||||||||| |||||||||||||||||||||||||||||||||||||||||||||||||||||||||||| ||||||||||||||||||||||||||| |||||||| ||||||||||||| ||| | |||| || ||| |||||||||| |||||| ||||| |||||||||||||||||||||| |||||||||||| ||| |||||||||| | |||| |||||||||||||||||||||| || |  ||| || |||||| ||| ||||||</Hsp_midline>
    </Hsp>
  </Hit_hsps>
</Hit>
<Hit>
  <Hit_num>40</Hit_num>
  <Hit_id>gi|2183842513|gb|OM403554.1|</Hit_id>
  <Hit_def>Bifidobacterium faecale strain 21317 16S ribosomal RNA gene, partial sequence</Hit_def>
  <Hit_accession>OM403554</Hit_accession>
  <Hit_len>448</Hit_len>
  <Hit_hsps>
    <Hsp>
      <Hsp_num>1</Hsp_num>
      <Hsp_bit-score>379.092</Hsp_bit-score>
      <Hsp_score>419</Hsp_score>
      <Hsp_evalue>3.03505e-100</Hsp_evalue>
      <Hsp_query-from>2</Hsp_query-from>
      <Hsp_query-to>278</Hsp_query-to>
      <Hsp_hit-from>131</Hsp_hit-from>
      <Hsp_hit-to>407</Hsp_hit-to>
      <Hsp_query-frame>1</Hsp_query-frame>
      <Hsp_hit-frame>1</Hsp_hit-frame>
      <Hsp_identity>250</Hsp_identity>
      <Hsp_positive>250</Hsp_positive>
      <Hsp_gaps>0</Hsp_gaps>
      <Hsp_align-len>277</Hsp_align-len>
      <Hsp_qseq>CTACGGGAGGCTGCAGTGGGGAATATTGCACAATGGGCGCAAGCCTGATGCAGCGACGCCGCGTGCGGGATGTCGGCCTTCGGGTTGTAAACCGCTTTTGTCTGGGAGCTAGCCCTTCGGGGTTAGTCTCCCTTCCGCATATGCACCGGCTACCTACGTCCCAGCCGCCGCGGTAATACGTAGGGTGCCAGCGTTATCCGGTATTTTTGGGCGTAACGTGCTCTTAGGCGGTTCGTCGCGTCCGGTTTGCATTTCCTTCCCTTAACCGTGTATCCGC</Hsp_qseq>
      <Hsp_hseq>CTACGGGAGGCAGCAGTGGGGAATATTGCACAATGGGCGCAAGCCTGATGCAGCGACGCCGCGTGCGGGATGACGGCCTTCGGGTTGTAAACCGCTTTTGACTGGGAGCAAGCCCTTCGGGGTGAGTGTACCTTTCGAATAAGCACCGGCTAACTACGTGCCAGCAGCCGCGGTAATACGTAGGGTGCAAGCGTTATCCGGAATTATTGGGCGTAAAGGGCTCGTAGGCGGTTCGTCGCGTCCGGTGTGAAAGTCCATCGCTTAACGGTGGATCCGC</Hsp_hseq>
      <Hsp_midline>||||||||||| |||||||||||||||||||||||||||||||||||||||||||||||||||||||||||| ||||||||||||||||||||||||||| |||||||| ||||||||||||| ||| | |||| || ||| |||||||||| |||||| ||||| |||||||||||||||||||||| |||||||||||| ||| |||||||||| | |||| |||||||||||||||||||||| || |  ||| || |||||| ||| ||||||</Hsp_midline>
    </Hsp>
  </Hit_hsps>
</Hit>
<Hit>
  <Hit_num>41</Hit_num>
  <Hit_id>gi|2183842511|gb|OM403552.1|</Hit_id>
  <Hit_def>Bifidobacterium adolescentis strain 21312 16S ribosomal RNA gene, partial sequence</Hit_def>
  <Hit_accession>OM403552</Hit_accession>
  <Hit_len>435</Hit_len>
  <Hit_hsps>
    <Hsp>
      <Hsp_num>1</Hsp_num>
      <Hsp_bit-score>379.092</Hsp_bit-score>
      <Hsp_score>419</Hsp_score>
      <Hsp_evalue>3.03505e-100</Hsp_evalue>
      <Hsp_query-from>2</Hsp_query-from>
      <Hsp_query-to>278</Hsp_query-to>
      <Hsp_hit-from>133</Hsp_hit-from>
      <Hsp_hit-to>409</Hsp_hit-to>
      <Hsp_query-frame>1</Hsp_query-frame>
      <Hsp_hit-frame>1</Hsp_hit-frame>
      <Hsp_identity>250</Hsp_identity>
      <Hsp_positive>250</Hsp_positive>
      <Hsp_gaps>0</Hsp_gaps>
      <Hsp_align-len>277</Hsp_align-len>
      <Hsp_qseq>CTACGGGAGGCTGCAGTGGGGAATATTGCACAATGGGCGCAAGCCTGATGCAGCGACGCCGCGTGCGGGATGTCGGCCTTCGGGTTGTAAACCGCTTTTGTCTGGGAGCTAGCCCTTCGGGGTTAGTCTCCCTTCCGCATATGCACCGGCTACCTACGTCCCAGCCGCCGCGGTAATACGTAGGGTGCCAGCGTTATCCGGTATTTTTGGGCGTAACGTGCTCTTAGGCGGTTCGTCGCGTCCGGTTTGCATTTCCTTCCCTTAACCGTGTATCCGC</Hsp_qseq>
      <Hsp_hseq>CTACGGGAGGCAGCAGTGGGGAATATTGCACAATGGGCGCAAGCCTGATGCAGCGACGCCGCGTGCGGGATGACGGCCTTCGGGTTGTAAACCGCTTTTGACTGGGAGCAAGCCCTTCGGGGTGAGTGTACCTTTCGAATAAGCACCGGCTAACTACGTGCCAGCAGCCGCGGTAATACGTAGGGTGCAAGCGTTATCCGGAATTATTGGGCGTAAAGGGCTCGTAGGCGGTTCGTCGCGTCCGGTGTGAAAGTCCATCGCTTAACGGTGGATCCGC</Hsp_hseq>
      <Hsp_midline>||||||||||| |||||||||||||||||||||||||||||||||||||||||||||||||||||||||||| ||||||||||||||||||||||||||| |||||||| ||||||||||||| ||| | |||| || ||| |||||||||| |||||| ||||| |||||||||||||||||||||| |||||||||||| ||| |||||||||| | |||| |||||||||||||||||||||| || |  ||| || |||||| ||| ||||||</Hsp_midline>
    </Hsp>
  </Hit_hsps>
</Hit>
<Hit>
  <Hit_num>42</Hit_num>
  <Hit_id>gi|2183842508|gb|OM403549.1|</Hit_id>
  <Hit_def>Bifidobacterium adolescentis strain 21309 16S ribosomal RNA gene, partial sequence</Hit_def>
  <Hit_accession>OM403549</Hit_accession>
  <Hit_len>443</Hit_len>
  <Hit_hsps>
    <Hsp>
      <Hsp_num>1</Hsp_num>
      <Hsp_bit-score>379.092</Hsp_bit-score>
      <Hsp_score>419</Hsp_score>
      <Hsp_evalue>3.03505e-100</Hsp_evalue>
      <Hsp_query-from>2</Hsp_query-from>
      <Hsp_query-to>278</Hsp_query-to>
      <Hsp_hit-from>141</Hsp_hit-from>
      <Hsp_hit-to>417</Hsp_hit-to>
      <Hsp_query-frame>1</Hsp_query-frame>
      <Hsp_hit-frame>1</Hsp_hit-frame>
      <Hsp_identity>250</Hsp_identity>
      <Hsp_positive>250</Hsp_positive>
      <Hsp_gaps>0</Hsp_gaps>
      <Hsp_align-len>277</Hsp_align-len>
      <Hsp_qseq>CTACGGGAGGCTGCAGTGGGGAATATTGCACAATGGGCGCAAGCCTGATGCAGCGACGCCGCGTGCGGGATGTCGGCCTTCGGGTTGTAAACCGCTTTTGTCTGGGAGCTAGCCCTTCGGGGTTAGTCTCCCTTCCGCATATGCACCGGCTACCTACGTCCCAGCCGCCGCGGTAATACGTAGGGTGCCAGCGTTATCCGGTATTTTTGGGCGTAACGTGCTCTTAGGCGGTTCGTCGCGTCCGGTTTGCATTTCCTTCCCTTAACCGTGTATCCGC</Hsp_qseq>
      <Hsp_hseq>CTACGGGAGGCAGCAGTGGGGAATATTGCACAATGGGCGCAAGCCTGATGCAGCGACGCCGCGTGCGGGATGACGGCCTTCGGGTTGTAAACCGCTTTTGACTGGGAGCAAGCCCTTCGGGGTGAGTGTACCTTTCGAATAAGCACCGGCTAACTACGTGCCAGCAGCCGCGGTAATACGTAGGGTGCAAGCGTTATCCGGAATTATTGGGCGTAAAGGGCTCGTAGGCGGTTCGTCGCGTCCGGTGTGAAAGTCCATCGCTTAACGGTGGATCCGC</Hsp_hseq>
      <Hsp_midline>||||||||||| |||||||||||||||||||||||||||||||||||||||||||||||||||||||||||| ||||||||||||||||||||||||||| |||||||| ||||||||||||| ||| | |||| || ||| |||||||||| |||||| ||||| |||||||||||||||||||||| |||||||||||| ||| |||||||||| | |||| |||||||||||||||||||||| || |  ||| || |||||| ||| ||||||</Hsp_midline>
    </Hsp>
  </Hit_hsps>
</Hit>
<Hit>
  <Hit_num>43</Hit_num>
  <Hit_id>gi|2183799573|gb|OM403422.1|</Hit_id>
  <Hit_def>Bifidobacterium adolescentis strain 20999 16S ribosomal RNA gene, partial sequence</Hit_def>
  <Hit_accession>OM403422</Hit_accession>
  <Hit_len>447</Hit_len>
  <Hit_hsps>
    <Hsp>
      <Hsp_num>1</Hsp_num>
      <Hsp_bit-score>379.092</Hsp_bit-score>
      <Hsp_score>419</Hsp_score>
      <Hsp_evalue>3.03505e-100</Hsp_evalue>
      <Hsp_query-from>2</Hsp_query-from>
      <Hsp_query-to>278</Hsp_query-to>
      <Hsp_hit-from>133</Hsp_hit-from>
      <Hsp_hit-to>409</Hsp_hit-to>
      <Hsp_query-frame>1</Hsp_query-frame>
      <Hsp_hit-frame>1</Hsp_hit-frame>
      <Hsp_identity>250</Hsp_identity>
      <Hsp_positive>250</Hsp_positive>
      <Hsp_gaps>0</Hsp_gaps>
      <Hsp_align-len>277</Hsp_align-len>
      <Hsp_qseq>CTACGGGAGGCTGCAGTGGGGAATATTGCACAATGGGCGCAAGCCTGATGCAGCGACGCCGCGTGCGGGATGTCGGCCTTCGGGTTGTAAACCGCTTTTGTCTGGGAGCTAGCCCTTCGGGGTTAGTCTCCCTTCCGCATATGCACCGGCTACCTACGTCCCAGCCGCCGCGGTAATACGTAGGGTGCCAGCGTTATCCGGTATTTTTGGGCGTAACGTGCTCTTAGGCGGTTCGTCGCGTCCGGTTTGCATTTCCTTCCCTTAACCGTGTATCCGC</Hsp_qseq>
      <Hsp_hseq>CTACGGGAGGCAGCAGTGGGGAATATTGCACAATGGGCGCAAGCCTGATGCAGCGACGCCGCGTGCGGGATGACGGCCTTCGGGTTGTAAACCGCTTTTGACTGGGAGCAAGCCCTTCGGGGTGAGTGTACCTTTCGAATAAGCACCGGCTAACTACGTGCCAGCAGCCGCGGTAATACGTAGGGTGCAAGCGTTATCCGGAATTATTGGGCGTAAAGGGCTCGTAGGCGGTTCGTCGCGTCCGGTGTGAAAGTCCATCGCTTAACGGTGGATCCGC</Hsp_hseq>
      <Hsp_midline>||||||||||| |||||||||||||||||||||||||||||||||||||||||||||||||||||||||||| ||||||||||||||||||||||||||| |||||||| ||||||||||||| ||| | |||| || ||| |||||||||| |||||| ||||| |||||||||||||||||||||| |||||||||||| ||| |||||||||| | |||| |||||||||||||||||||||| || |  ||| || |||||| ||| ||||||</Hsp_midline>
    </Hsp>
  </Hit_hsps>
</Hit>
<Hit>
  <Hit_num>44</Hit_num>
  <Hit_id>gi|2183799542|gb|OM403391.1|</Hit_id>
  <Hit_def>Bifidobacterium faecale strain 20949 16S ribosomal RNA gene, partial sequence</Hit_def>
  <Hit_accession>OM403391</Hit_accession>
  <Hit_len>435</Hit_len>
  <Hit_hsps>
    <Hsp>
      <Hsp_num>1</Hsp_num>
      <Hsp_bit-score>379.092</Hsp_bit-score>
      <Hsp_score>419</Hsp_score>
      <Hsp_evalue>3.03505e-100</Hsp_evalue>
      <Hsp_query-from>2</Hsp_query-from>
      <Hsp_query-to>278</Hsp_query-to>
      <Hsp_hit-from>133</Hsp_hit-from>
      <Hsp_hit-to>409</Hsp_hit-to>
      <Hsp_query-frame>1</Hsp_query-frame>
      <Hsp_hit-frame>1</Hsp_hit-frame>
      <Hsp_identity>250</Hsp_identity>
      <Hsp_positive>250</Hsp_positive>
      <Hsp_gaps>0</Hsp_gaps>
      <Hsp_align-len>277</Hsp_align-len>
      <Hsp_qseq>CTACGGGAGGCTGCAGTGGGGAATATTGCACAATGGGCGCAAGCCTGATGCAGCGACGCCGCGTGCGGGATGTCGGCCTTCGGGTTGTAAACCGCTTTTGTCTGGGAGCTAGCCCTTCGGGGTTAGTCTCCCTTCCGCATATGCACCGGCTACCTACGTCCCAGCCGCCGCGGTAATACGTAGGGTGCCAGCGTTATCCGGTATTTTTGGGCGTAACGTGCTCTTAGGCGGTTCGTCGCGTCCGGTTTGCATTTCCTTCCCTTAACCGTGTATCCGC</Hsp_qseq>
      <Hsp_hseq>CTACGGGAGGCAGCAGTGGGGAATATTGCACAATGGGCGCAAGCCTGATGCAGCGACGCCGCGTGCGGGATGACGGCCTTCGGGTTGTAAACCGCTTTTGACTGGGAGCAAGCCCTTCGGGGTGAGTGTACCTTTCGAATAAGCACCGGCTAACTACGTGCCAGCAGCCGCGGTAATACGTAGGGTGCAAGCGTTATCCGGAATTATTGGGCGTAAAGGGCTCGTAGGCGGTTCGTCGCGTCCGGTGTGAAAGTCCATCGCTTAACGGTGGATCCGC</Hsp_hseq>
      <Hsp_midline>||||||||||| |||||||||||||||||||||||||||||||||||||||||||||||||||||||||||| ||||||||||||||||||||||||||| |||||||| ||||||||||||| ||| | |||| || ||| |||||||||| |||||| ||||| |||||||||||||||||||||| |||||||||||| ||| |||||||||| | |||| |||||||||||||||||||||| || |  ||| || |||||| ||| ||||||</Hsp_midline>
    </Hsp>
  </Hit_hsps>
</Hit>
<Hit>
  <Hit_num>45</Hit_num>
  <Hit_id>gi|2183799541|gb|OM403390.1|</Hit_id>
  <Hit_def>Bifidobacterium faecale strain 20948 16S ribosomal RNA gene, partial sequence</Hit_def>
  <Hit_accession>OM403390</Hit_accession>
  <Hit_len>438</Hit_len>
  <Hit_hsps>
    <Hsp>
      <Hsp_num>1</Hsp_num>
      <Hsp_bit-score>379.092</Hsp_bit-score>
      <Hsp_score>419</Hsp_score>
      <Hsp_evalue>3.03505e-100</Hsp_evalue>
      <Hsp_query-from>2</Hsp_query-from>
      <Hsp_query-to>278</Hsp_query-to>
      <Hsp_hit-from>132</Hsp_hit-from>
      <Hsp_hit-to>408</Hsp_hit-to>
      <Hsp_query-frame>1</Hsp_query-frame>
      <Hsp_hit-frame>1</Hsp_hit-frame>
      <Hsp_identity>250</Hsp_identity>
      <Hsp_positive>250</Hsp_positive>
      <Hsp_gaps>0</Hsp_gaps>
      <Hsp_align-len>277</Hsp_align-len>
      <Hsp_qseq>CTACGGGAGGCTGCAGTGGGGAATATTGCACAATGGGCGCAAGCCTGATGCAGCGACGCCGCGTGCGGGATGTCGGCCTTCGGGTTGTAAACCGCTTTTGTCTGGGAGCTAGCCCTTCGGGGTTAGTCTCCCTTCCGCATATGCACCGGCTACCTACGTCCCAGCCGCCGCGGTAATACGTAGGGTGCCAGCGTTATCCGGTATTTTTGGGCGTAACGTGCTCTTAGGCGGTTCGTCGCGTCCGGTTTGCATTTCCTTCCCTTAACCGTGTATCCGC</Hsp_qseq>
      <Hsp_hseq>CTACGGGAGGCAGCAGTGGGGAATATTGCACAATGGGCGCAAGCCTGATGCAGCGACGCCGCGTGCGGGATGACGGCCTTCGGGTTGTAAACCGCTTTTGACTGGGAGCAAGCCCTTCGGGGTGAGTGTACCTTTCGAATAAGCACCGGCTAACTACGTGCCAGCAGCCGCGGTAATACGTAGGGTGCAAGCGTTATCCGGAATTATTGGGCGTAAAGGGCTCGTAGGCGGTTCGTCGCGTCCGGTGTGAAAGTCCATCGCTTAACGGTGGATCCGC</Hsp_hseq>
      <Hsp_midline>||||||||||| |||||||||||||||||||||||||||||||||||||||||||||||||||||||||||| ||||||||||||||||||||||||||| |||||||| ||||||||||||| ||| | |||| || ||| |||||||||| |||||| ||||| |||||||||||||||||||||| |||||||||||| ||| |||||||||| | |||| |||||||||||||||||||||| || |  ||| || |||||| ||| ||||||</Hsp_midline>
    </Hsp>
  </Hit_hsps>
</Hit>
<Hit>
  <Hit_num>46</Hit_num>
  <Hit_id>gi|2183771647|gb|OM403348.1|</Hit_id>
  <Hit_def>Bifidobacterium faecale strain 21173 16S ribosomal RNA gene, partial sequence</Hit_def>
  <Hit_accession>OM403348</Hit_accession>
  <Hit_len>436</Hit_len>
  <Hit_hsps>
    <Hsp>
      <Hsp_num>1</Hsp_num>
      <Hsp_bit-score>379.092</Hsp_bit-score>
      <Hsp_score>419</Hsp_score>
      <Hsp_evalue>3.03505e-100</Hsp_evalue>
      <Hsp_query-from>2</Hsp_query-from>
      <Hsp_query-to>278</Hsp_query-to>
      <Hsp_hit-from>131</Hsp_hit-from>
      <Hsp_hit-to>407</Hsp_hit-to>
      <Hsp_query-frame>1</Hsp_query-frame>
      <Hsp_hit-frame>1</Hsp_hit-frame>
      <Hsp_identity>250</Hsp_identity>
      <Hsp_positive>250</Hsp_positive>
      <Hsp_gaps>0</Hsp_gaps>
      <Hsp_align-len>277</Hsp_align-len>
      <Hsp_qseq>CTACGGGAGGCTGCAGTGGGGAATATTGCACAATGGGCGCAAGCCTGATGCAGCGACGCCGCGTGCGGGATGTCGGCCTTCGGGTTGTAAACCGCTTTTGTCTGGGAGCTAGCCCTTCGGGGTTAGTCTCCCTTCCGCATATGCACCGGCTACCTACGTCCCAGCCGCCGCGGTAATACGTAGGGTGCCAGCGTTATCCGGTATTTTTGGGCGTAACGTGCTCTTAGGCGGTTCGTCGCGTCCGGTTTGCATTTCCTTCCCTTAACCGTGTATCCGC</Hsp_qseq>
      <Hsp_hseq>CTACGGGAGGCAGCAGTGGGGAATATTGCACAATGGGCGCAAGCCTGATGCAGCGACGCCGCGTGCGGGATGACGGCCTTCGGGTTGTAAACCGCTTTTGACTGGGAGCAAGCCCTTCGGGGTGAGTGTACCTTTCGAATAAGCACCGGCTAACTACGTGCCAGCAGCCGCGGTAATACGTAGGGTGCAAGCGTTATCCGGAATTATTGGGCGTAAAGGGCTCGTAGGCGGTTCGTCGCGTCCGGTGTGAAAGTCCATCGCTTAACGGTGGATCCGC</Hsp_hseq>
      <Hsp_midline>||||||||||| |||||||||||||||||||||||||||||||||||||||||||||||||||||||||||| ||||||||||||||||||||||||||| |||||||| ||||||||||||| ||| | |||| || ||| |||||||||| |||||| ||||| |||||||||||||||||||||| |||||||||||| ||| |||||||||| | |||| |||||||||||||||||||||| || |  ||| || |||||| ||| ||||||</Hsp_midline>
    </Hsp>
  </Hit_hsps>
</Hit>
<Hit>
  <Hit_num>47</Hit_num>
  <Hit_id>gi|2123958143|dbj|LC655223.1|</Hit_id>
  <Hit_def>Bifidobacterium adolescentis HWB3 gene for 16S rRNA, partial sequence</Hit_def>
  <Hit_accession>LC655223</Hit_accession>
  <Hit_len>1263</Hit_len>
  <Hit_hsps>
    <Hsp>
      <Hsp_num>1</Hsp_num>
      <Hsp_bit-score>379.092</Hsp_bit-score>
      <Hsp_score>419</Hsp_score>
      <Hsp_evalue>3.03505e-100</Hsp_evalue>
      <Hsp_query-from>2</Hsp_query-from>
      <Hsp_query-to>278</Hsp_query-to>
      <Hsp_hit-from>206</Hsp_hit-from>
      <Hsp_hit-to>482</Hsp_hit-to>
      <Hsp_query-frame>1</Hsp_query-frame>
      <Hsp_hit-frame>1</Hsp_hit-frame>
      <Hsp_identity>250</Hsp_identity>
      <Hsp_positive>250</Hsp_positive>
      <Hsp_gaps>0</Hsp_gaps>
      <Hsp_align-len>277</Hsp_align-len>
      <Hsp_qseq>CTACGGGAGGCTGCAGTGGGGAATATTGCACAATGGGCGCAAGCCTGATGCAGCGACGCCGCGTGCGGGATGTCGGCCTTCGGGTTGTAAACCGCTTTTGTCTGGGAGCTAGCCCTTCGGGGTTAGTCTCCCTTCCGCATATGCACCGGCTACCTACGTCCCAGCCGCCGCGGTAATACGTAGGGTGCCAGCGTTATCCGGTATTTTTGGGCGTAACGTGCTCTTAGGCGGTTCGTCGCGTCCGGTTTGCATTTCCTTCCCTTAACCGTGTATCCGC</Hsp_qseq>
      <Hsp_hseq>CTACGGGAGGCAGCAGTGGGGAATATTGCACAATGGGCGCAAGCCTGATGCAGCGACGCCGCGTGCGGGATGACGGCCTTCGGGTTGTAAACCGCTTTTGACTGGGAGCAAGCCCTTCGGGGTGAGTGTACCTTTCGAATAAGCACCGGCTAACTACGTGCCAGCAGCCGCGGTAATACGTAGGGTGCAAGCGTTATCCGGAATTATTGGGCGTAAAGGGCTCGTAGGCGGTTCGTCGCGTCCGGTGTGAAAGTCCATCGCTTAACGGTGGATCCGC</Hsp_hseq>
      <Hsp_midline>||||||||||| |||||||||||||||||||||||||||||||||||||||||||||||||||||||||||| ||||||||||||||||||||||||||| |||||||| ||||||||||||| ||| | |||| || ||| |||||||||| |||||| ||||| |||||||||||||||||||||| |||||||||||| ||| |||||||||| | |||| |||||||||||||||||||||| || |  ||| || |||||| ||| ||||||</Hsp_midline>
    </Hsp>
  </Hit_hsps>
</Hit>
<Hit>
  <Hit_num>48</Hit_num>
  <Hit_id>gi|2116593582|gb|OK510286.1|</Hit_id>
  <Hit_def>Bifidobacterium sp. strain H4-GB5-C6 16S ribosomal RNA gene, partial sequence</Hit_def>
  <Hit_accession>OK510286</Hit_accession>
  <Hit_len>1464</Hit_len>
  <Hit_hsps>
    <Hsp>
      <Hsp_num>1</Hsp_num>
      <Hsp_bit-score>379.092</Hsp_bit-score>
      <Hsp_score>419</Hsp_score>
      <Hsp_evalue>3.03505e-100</Hsp_evalue>
      <Hsp_query-from>2</Hsp_query-from>
      <Hsp_query-to>278</Hsp_query-to>
      <Hsp_hit-from>321</Hsp_hit-from>
      <Hsp_hit-to>597</Hsp_hit-to>
      <Hsp_query-frame>1</Hsp_query-frame>
      <Hsp_hit-frame>1</Hsp_hit-frame>
      <Hsp_identity>250</Hsp_identity>
      <Hsp_positive>250</Hsp_positive>
      <Hsp_gaps>0</Hsp_gaps>
      <Hsp_align-len>277</Hsp_align-len>
      <Hsp_qseq>CTACGGGAGGCTGCAGTGGGGAATATTGCACAATGGGCGCAAGCCTGATGCAGCGACGCCGCGTGCGGGATGTCGGCCTTCGGGTTGTAAACCGCTTTTGTCTGGGAGCTAGCCCTTCGGGGTTAGTCTCCCTTCCGCATATGCACCGGCTACCTACGTCCCAGCCGCCGCGGTAATACGTAGGGTGCCAGCGTTATCCGGTATTTTTGGGCGTAACGTGCTCTTAGGCGGTTCGTCGCGTCCGGTTTGCATTTCCTTCCCTTAACCGTGTATCCGC</Hsp_qseq>
      <Hsp_hseq>CTACGGGAGGCAGCAGTGGGGAATATTGCACAATGGGCGCAAGCCTGATGCAGCGACGCCGCGTGCGGGATGACGGCCTTCGGGTTGTAAACCGCTTTTGACTGGGAGCAAGCCCTTCGGGGTGAGTGTACCTTTCGAATAAGCACCGGCTAACTACGTGCCAGCAGCCGCGGTAATACGTAGGGTGCAAGCGTTATCCGGAATTATTGGGCGTAAAGGGCTCGTAGGCGGTTCGTCGCGTCCGGTGTGAAAGTCCATCGCTTAACGGTGGATCCGC</Hsp_hseq>
      <Hsp_midline>||||||||||| |||||||||||||||||||||||||||||||||||||||||||||||||||||||||||| ||||||||||||||||||||||||||| |||||||| ||||||||||||| ||| | |||| || ||| |||||||||| |||||| ||||| |||||||||||||||||||||| |||||||||||| ||| |||||||||| | |||| |||||||||||||||||||||| || |  ||| || |||||| ||| ||||||</Hsp_midline>
    </Hsp>
  </Hit_hsps>
</Hit>
<Hit>
  <Hit_num>49</Hit_num>
  <Hit_id>gi|2103567520|gb|OK326187.1|</Hit_id>
  <Hit_def>Bifidobacterium sp. strain M3-G-107 16S ribosomal RNA gene, partial sequence</Hit_def>
  <Hit_accession>OK326187</Hit_accession>
  <Hit_len>1474</Hit_len>
  <Hit_hsps>
    <Hsp>
      <Hsp_num>1</Hsp_num>
      <Hsp_bit-score>379.092</Hsp_bit-score>
      <Hsp_score>419</Hsp_score>
      <Hsp_evalue>3.03505e-100</Hsp_evalue>
      <Hsp_query-from>2</Hsp_query-from>
      <Hsp_query-to>278</Hsp_query-to>
      <Hsp_hit-from>315</Hsp_hit-from>
      <Hsp_hit-to>591</Hsp_hit-to>
      <Hsp_query-frame>1</Hsp_query-frame>
      <Hsp_hit-frame>1</Hsp_hit-frame>
      <Hsp_identity>250</Hsp_identity>
      <Hsp_positive>250</Hsp_positive>
      <Hsp_gaps>0</Hsp_gaps>
      <Hsp_align-len>277</Hsp_align-len>
      <Hsp_qseq>CTACGGGAGGCTGCAGTGGGGAATATTGCACAATGGGCGCAAGCCTGATGCAGCGACGCCGCGTGCGGGATGTCGGCCTTCGGGTTGTAAACCGCTTTTGTCTGGGAGCTAGCCCTTCGGGGTTAGTCTCCCTTCCGCATATGCACCGGCTACCTACGTCCCAGCCGCCGCGGTAATACGTAGGGTGCCAGCGTTATCCGGTATTTTTGGGCGTAACGTGCTCTTAGGCGGTTCGTCGCGTCCGGTTTGCATTTCCTTCCCTTAACCGTGTATCCGC</Hsp_qseq>
      <Hsp_hseq>CTACGGGAGGCAGCAGTGGGGAATATTGCACAATGGGCGCAAGCCTGATGCAGCGACGCCGCGTGCGGGATGACGGCCTTCGGGTTGTAAACCGCTTTTGACTGGGAGCAAGCCCTTCGGGGTGAGTGTACCTTTCGAATAAGCACCGGCTAACTACGTGCCAGCAGCCGCGGTAATACGTAGGGTGCAAGCGTTATCCGGAATTATTGGGCGTAAAGGGCTCGTAGGCGGTTCGTCGCGTCCGGTGTGAAAGTCCATCGCTTAACGGTGGATCCGC</Hsp_hseq>
      <Hsp_midline>||||||||||| |||||||||||||||||||||||||||||||||||||||||||||||||||||||||||| ||||||||||||||||||||||||||| |||||||| ||||||||||||| ||| | |||| || ||| |||||||||| |||||| ||||| |||||||||||||||||||||| |||||||||||| ||| |||||||||| | |||| |||||||||||||||||||||| || |  ||| || |||||| ||| ||||||</Hsp_midline>
    </Hsp>
  </Hit_hsps>
</Hit>
<Hit>
  <Hit_num>50</Hit_num>
  <Hit_id>gi|2103567464|gb|OK326131.1|</Hit_id>
  <Hit_def>Bifidobacterium sp. strain C2-R-100 16S ribosomal RNA gene, partial sequence</Hit_def>
  <Hit_accession>OK326131</Hit_accession>
  <Hit_len>1483</Hit_len>
  <Hit_hsps>
    <Hsp>
      <Hsp_num>1</Hsp_num>
      <Hsp_bit-score>379.092</Hsp_bit-score>
      <Hsp_score>419</Hsp_score>
      <Hsp_evalue>3.03505e-100</Hsp_evalue>
      <Hsp_query-from>2</Hsp_query-from>
      <Hsp_query-to>278</Hsp_query-to>
      <Hsp_hit-from>334</Hsp_hit-from>
      <Hsp_hit-to>610</Hsp_hit-to>
      <Hsp_query-frame>1</Hsp_query-frame>
      <Hsp_hit-frame>1</Hsp_hit-frame>
      <Hsp_identity>250</Hsp_identity>
      <Hsp_positive>250</Hsp_positive>
      <Hsp_gaps>0</Hsp_gaps>
      <Hsp_align-len>277</Hsp_align-len>
      <Hsp_qseq>CTACGGGAGGCTGCAGTGGGGAATATTGCACAATGGGCGCAAGCCTGATGCAGCGACGCCGCGTGCGGGATGTCGGCCTTCGGGTTGTAAACCGCTTTTGTCTGGGAGCTAGCCCTTCGGGGTTAGTCTCCCTTCCGCATATGCACCGGCTACCTACGTCCCAGCCGCCGCGGTAATACGTAGGGTGCCAGCGTTATCCGGTATTTTTGGGCGTAACGTGCTCTTAGGCGGTTCGTCGCGTCCGGTTTGCATTTCCTTCCCTTAACCGTGTATCCGC</Hsp_qseq>
      <Hsp_hseq>CTACGGGAGGCAGCAGTGGGGAATATTGCACAATGGGCGCAAGCCTGATGCAGCGACGCCGCGTGCGGGATGACGGCCTTCGGGTTGTAAACCGCTTTTGACTGGGAGCAAGCCCTTCGGGGTGAGTGTACCTTTCGAATAAGCACCGGCTAACTACGTGCCAGCAGCCGCGGTAATACGTAGGGTGCAAGCGTTATCCGGAATTATTGGGCGTAAAGGGCTCGTAGGCGGTTCGTCGCGTCCGGTGTGAAAGTCCATCGCTTAACGGTGGATCCGC</Hsp_hseq>
      <Hsp_midline>||||||||||| |||||||||||||||||||||||||||||||||||||||||||||||||||||||||||| ||||||||||||||||||||||||||| |||||||| ||||||||||||| ||| | |||| || ||| |||||||||| |||||| ||||| |||||||||||||||||||||| |||||||||||| ||| |||||||||| | |||| |||||||||||||||||||||| || |  ||| || |||||| ||| ||||||</Hsp_midline>
    </Hsp>
  </Hit_hsps>
</Hit>
</Iteration_hits>
  <Iteration_stat>
    <Statistics>
      <Statistics_db-num>86584084</Statistics_db-num>
      <Statistics_db-len>888082006011</Statistics_db-len>
      <Statistics_hsp-len>0</Statistics_hsp-len>
      <Statistics_eff-space>0</Statistics_eff-space>
      <Statistics_kappa>0.41</Statistics_kappa>
      <Statistics_lambda>0.625</Statistics_lambda>
      <Statistics_entropy>0.78</Statistics_entropy>
    </Statistics>
  </Iteration_stat>
</Iteration>
<Iteration>
  <Iteration_iter-num>2</Iteration_iter-num>
  <Iteration_query-ID>Query_11139</Iteration_query-ID>
  <Iteration_query-def>reverse</Iteration_query-def>
  <Iteration_query-len>280</Iteration_query-len>
<Iteration_hits>
<Hit>
  <Hit_num>1</Hit_num>
  <Hit_id>gi|2259488212|emb|OW953453.1|</Hit_id>
  <Hit_def>Bifidobacterium adolescentis DNA containing 16S-23S intergenic spacer region, clone 43</Hit_def>
  <Hit_accession>OW953453</Hit_accession>
  <Hit_len>400</Hit_len>
  <Hit_hsps>
    <Hsp>
      <Hsp_num>1</Hsp_num>
      <Hsp_bit-score>320.483</Hsp_bit-score>
      <Hsp_score>354</Hsp_score>
      <Hsp_evalue>7.14406e-83</Hsp_evalue>
      <Hsp_query-from>1</Hsp_query-from>
      <Hsp_query-to>279</Hsp_query-to>
      <Hsp_hit-from>2</Hsp_hit-from>
      <Hsp_hit-to>280</Hsp_hit-to>
      <Hsp_query-frame>1</Hsp_query-frame>
      <Hsp_hit-frame>1</Hsp_hit-frame>
      <Hsp_identity>237</Hsp_identity>
      <Hsp_positive>237</Hsp_positive>
      <Hsp_gaps>0</Hsp_gaps>
      <Hsp_align-len>279</Hsp_align-len>
      <Hsp_qseq>GACTACAAGGGTATCNAATCCTGTTNGCTCCCCACGCTTTCGCTCCTCAGCGTCAGTGACGGCCCAGAGACCTGCCNNCGCCATTGGTGTTCNNCCCGATATCTACACATTCCACCGTTACAACGGGAATTCCAGTCTCCCCTACCGCACTCCAGCCCCCCCGTTCCCGCCGCGCATCCACCGTTAAACGATGCCCTTTCCCCCCTGACTCCACTCACCCCCTCCGCTCCCCTTCCCCCCCATCCTTCCCGCTCATCCTTACCCCCCACCTTTTACCGC</Hsp_qseq>
      <Hsp_hseq>GACTACAAGGGTATCTAATCCTGTTCGCTCCCCACGCTTTCGCTCCTCAGCGTCAGTGACGGCCCAGAGACCTGCCTTCGCCATTGGTGTTCTTCCCGATATCTACACATTCCACCGTTACACCGGGAATTCCAGTCTCCCCTACCGCACTCAAGCCCGCCCGTACCCGGCGCGGATCCACCGTTAAGCGATGGACTTTCACACCGGACGCGACGAACCGCCTACGAGCCCTTTACGCCCAATAATTCCGGATAACGCTTGCACCCTACGTATTACCGC</Hsp_hseq>
      <Hsp_midline>||||||||||||||| ||||||||| ||||||||||||||||||||||||||||||||||||||||||||||||||  ||||||||||||||  |||||||||||||||||||||||||||| ||||||||||||||||||||||||||||| ||||| ||||| |||| |||| |||||||||||| |||||  ||||| | || ||| | ||  ||| ||| ||  ||| || | ||| ||  |||| | | |  ||| | ||| || | |||||||</Hsp_midline>
    </Hsp>
  </Hit_hsps>
</Hit>
<Hit>
  <Hit_num>2</Hit_num>
  <Hit_id>gi|261262901|gb|GQ898757.1|</Hit_id>
  <Hit_def>Uncultured bacterium clone S4-93 16S ribosomal RNA gene, partial sequence</Hit_def>
  <Hit_accession>GQ898757</Hit_accession>
  <Hit_len>1485</Hit_len>
  <Hit_hsps>
    <Hsp>
      <Hsp_num>1</Hsp_num>
      <Hsp_bit-score>320.483</Hsp_bit-score>
      <Hsp_score>354</Hsp_score>
      <Hsp_evalue>7.14406e-83</Hsp_evalue>
      <Hsp_query-from>1</Hsp_query-from>
      <Hsp_query-to>279</Hsp_query-to>
      <Hsp_hit-from>777</Hsp_hit-from>
      <Hsp_hit-to>499</Hsp_hit-to>
      <Hsp_query-frame>1</Hsp_query-frame>
      <Hsp_hit-frame>-1</Hsp_hit-frame>
      <Hsp_identity>237</Hsp_identity>
      <Hsp_positive>237</Hsp_positive>
      <Hsp_gaps>0</Hsp_gaps>
      <Hsp_align-len>279</Hsp_align-len>
      <Hsp_qseq>GACTACAAGGGTATCNAATCCTGTTNGCTCCCCACGCTTTCGCTCCTCAGCGTCAGTGACGGCCCAGAGACCTGCCNNCGCCATTGGTGTTCNNCCCGATATCTACACATTCCACCGTTACAACGGGAATTCCAGTCTCCCCTACCGCACTCCAGCCCCCCCGTTCCCGCCGCGCATCCACCGTTAAACGATGCCCTTTCCCCCCTGACTCCACTCACCCCCTCCGCTCCCCTTCCCCCCCATCCTTCCCGCTCATCCTTACCCCCCACCTTTTACCGC</Hsp_qseq>
      <Hsp_hseq>GACTACCAGGGTATCTAATCCTGTTCGCTCCCCACGCTTTCGCTCCTCAGCGTCAGTGACGGCCCAGAGACCTGCCTTCGCCATTGGTGTTCTTCCCGATATCTACACATTCCACCGTTACACCGGGAATTCCAGTCTCCCCTACCGCACTCAAGCCCGCCCGTACCCGGCGCGGATCCACCGTTAAGCGATGGACTTTCACACCGGACGCGACGAACCGCCTACGAGCCCCTTACGCCCAATAATTCCGGATAACGCTTGCACCCTACGTATTACCGC</Hsp_hseq>
      <Hsp_midline>|||||| |||||||| ||||||||| ||||||||||||||||||||||||||||||||||||||||||||||||||  ||||||||||||||  |||||||||||||||||||||||||||| ||||||||||||||||||||||||||||| ||||| ||||| |||| |||| |||||||||||| |||||  ||||| | || ||| | ||  ||| ||| ||  |||||| | ||| ||  |||| | | |  ||| | ||| || | |||||||</Hsp_midline>
    </Hsp>
  </Hit_hsps>
</Hit>
<Hit>
  <Hit_num>3</Hit_num>
  <Hit_id>gi|261261366|gb|GQ897213.1|</Hit_id>
  <Hit_def>Uncultured bacterium clone C4-74 16S ribosomal RNA gene, partial sequence</Hit_def>
  <Hit_accession>GQ897213</Hit_accession>
  <Hit_len>1485</Hit_len>
  <Hit_hsps>
    <Hsp>
      <Hsp_num>1</Hsp_num>
      <Hsp_bit-score>320.483</Hsp_bit-score>
      <Hsp_score>354</Hsp_score>
      <Hsp_evalue>7.14406e-83</Hsp_evalue>
      <Hsp_query-from>1</Hsp_query-from>
      <Hsp_query-to>279</Hsp_query-to>
      <Hsp_hit-from>777</Hsp_hit-from>
      <Hsp_hit-to>499</Hsp_hit-to>
      <Hsp_query-frame>1</Hsp_query-frame>
      <Hsp_hit-frame>-1</Hsp_hit-frame>
      <Hsp_identity>237</Hsp_identity>
      <Hsp_positive>237</Hsp_positive>
      <Hsp_gaps>0</Hsp_gaps>
      <Hsp_align-len>279</Hsp_align-len>
      <Hsp_qseq>GACTACAAGGGTATCNAATCCTGTTNGCTCCCCACGCTTTCGCTCCTCAGCGTCAGTGACGGCCCAGAGACCTGCCNNCGCCATTGGTGTTCNNCCCGATATCTACACATTCCACCGTTACAACGGGAATTCCAGTCTCCCCTACCGCACTCCAGCCCCCCCGTTCCCGCCGCGCATCCACCGTTAAACGATGCCCTTTCCCCCCTGACTCCACTCACCCCCTCCGCTCCCCTTCCCCCCCATCCTTCCCGCTCATCCTTACCCCCCACCTTTTACCGC</Hsp_qseq>
      <Hsp_hseq>GACTACCAGGGTATCTAATCCTGTTCGCTCCCCACGCTTTCGCTCCTCAGCGTCAGTGACGGCCCAGAGACCTGCCTTCGCCATTGGTGTTCTTCCCGATATCTACACATTCCACCGTTACACCGGGAATTCCAGTCTCCCCTACCGCACTCAAGCCCGCCCGTACCCGGCGCGGATCCACCGTTAAGCGATGGACTTTCACACCGGACGCGACGAACCGCCTACGAGCCCTTTACGCCCAATAATTCCGGATAATGCTTGCACCCTACGTATTACCGC</Hsp_hseq>
      <Hsp_midline>|||||| |||||||| ||||||||| ||||||||||||||||||||||||||||||||||||||||||||||||||  ||||||||||||||  |||||||||||||||||||||||||||| ||||||||||||||||||||||||||||| ||||| ||||| |||| |||| |||||||||||| |||||  ||||| | || ||| | ||  ||| ||| ||  ||| || | ||| ||  |||| | | || ||| | ||| || | |||||||</Hsp_midline>
    </Hsp>
  </Hit_hsps>
</Hit>
<Hit>
  <Hit_num>4</Hit_num>
  <Hit_id>gi|1133589720|gb|KY479000.1|</Hit_id>
  <Hit_def>Uncultured Rapidithrix sp. clone CCB4170 16S ribosomal RNA gene, partial sequence</Hit_def>
  <Hit_accession>KY479000</Hit_accession>
  <Hit_len>300</Hit_len>
  <Hit_hsps>
    <Hsp>
      <Hsp_num>1</Hsp_num>
      <Hsp_bit-score>319.581</Hsp_bit-score>
      <Hsp_score>353</Hsp_score>
      <Hsp_evalue>2.49352e-82</Hsp_evalue>
      <Hsp_query-from>1</Hsp_query-from>
      <Hsp_query-to>277</Hsp_query-to>
      <Hsp_hit-from>300</Hsp_hit-from>
      <Hsp_hit-to>24</Hsp_hit-to>
      <Hsp_query-frame>1</Hsp_query-frame>
      <Hsp_hit-frame>-1</Hsp_hit-frame>
      <Hsp_identity>239</Hsp_identity>
      <Hsp_positive>239</Hsp_positive>
      <Hsp_gaps>4</Hsp_gaps>
      <Hsp_align-len>279</Hsp_align-len>
      <Hsp_qseq>GACTACAAGGGTATCNAATCCTGTTNGCTCCCCACGCTTTCGCTCCTCAGCGTCAGTGACGGCCCAGAGACCTGCCNNCGCCATTGGTGTTCNNCCCGATATCTACACATTCCACCGTTACAACGGGAATTCCAGTCTCCCCTACCGCACTCCAGCCCCCCCGTTCCCGCCGCGCATCCACCGTTAAACGATGCCCTTTCCCCCCTGACTCCACTCACCCCCTCCGCTCCCCTT--CCCCCCCATCCTTCCCGCTCATCCTTACCCCCCACCTTTTACC</Hsp_qseq>
      <Hsp_hseq>GACTACAAGGGTATCTAATCCTGTTCGCTCCCCACGCTTTCGCTCCTCAGCGTCAGTGACGGCCCAGAGACCTGCCTTCGCCATTGGTGTTCTTCCCGATATCTACACATTCCACCGTTACACCGGGAATTCCAGTCTCCCCTACCGCACTCAAGCCCTCCCGTACCCGGCGCGGATCCCCCGTTAAGCCATGCAATTTCACCCCGGCCGCCACGCCCCCCCTCC-CACCCCTTTACCCCCCCA-CATTCCACATAACCCTGTCCACCCAACTATTCCC</Hsp_hseq>
      <Hsp_midline>||||||||||||||| ||||||||| ||||||||||||||||||||||||||||||||||||||||||||||||||  ||||||||||||||  |||||||||||||||||||||||||||| ||||||||||||||||||||||||||||| ||||| ||||| |||| |||| |||| ||||||| | ||||  |||| |||| | | |||| | |||||||| | ||||||  |||||||| | ||||   | | |||  || |||| || || ||</Hsp_midline>
    </Hsp>
  </Hit_hsps>
</Hit>
<Hit>
  <Hit_num>5</Hit_num>
  <Hit_id>gi|1133588156|gb|KY477436.1|</Hit_id>
  <Hit_def>Uncultured Paenibacillus sp. clone CCB1189 16S ribosomal RNA gene, partial sequence</Hit_def>
  <Hit_accession>KY477436</Hit_accession>
  <Hit_len>300</Hit_len>
  <Hit_hsps>
    <Hsp>
      <Hsp_num>1</Hsp_num>
      <Hsp_bit-score>319.581</Hsp_bit-score>
      <Hsp_score>353</Hsp_score>
      <Hsp_evalue>2.49352e-82</Hsp_evalue>
      <Hsp_query-from>1</Hsp_query-from>
      <Hsp_query-to>279</Hsp_query-to>
      <Hsp_hit-from>300</Hsp_hit-from>
      <Hsp_hit-to>22</Hsp_hit-to>
      <Hsp_query-frame>1</Hsp_query-frame>
      <Hsp_hit-frame>-1</Hsp_hit-frame>
      <Hsp_identity>239</Hsp_identity>
      <Hsp_positive>239</Hsp_positive>
      <Hsp_gaps>2</Hsp_gaps>
      <Hsp_align-len>280</Hsp_align-len>
      <Hsp_qseq>GACTACAAGGGTATCNAATCCTGTTNGCTCCCCACGCTTTCGCTCCTCAGCGTCAGTGACGGCCCAGAGACCTGCCNNCGCCATTGGTGTTCNNCCCGATATCTACACATTCCACCGTTACAACGGGAATTCCAGTCTCCCCTACCGCACTCCAGCCCCCCCGTTCCCGCCGCGCATCCACCGTTAAACGATGCCCTTTCCCCCCTGACTCCACTCACCCCCTCCGCTCCCCTTCCCCCCCATCCTTCCCGCT-CATCCTTACCCCCCACCTTTTACCGC</Hsp_qseq>
      <Hsp_hseq>GACTACAGGGGTATCTAATCCTGTTCGCTCCCCACGCTTTCGCTCCTCAGCGTCAGTAACGGCCCAGAGACCTGCCTTCGCCATTGGTGTTCTTCCCGATATCTACACATTCCACCGTTACACCGGGAATTCCAGTCTCCCCTACCGCCCTCAACCCCGCCCGTACCCGGCGCGGATCCACCGTTAACCGATGGCCTTTCACACCGGACCCCACGAACCGCCTACG-ACCCCTTTCCCCCCACTAATTCCGCTACCACCTTGCACCCCACGTATTACCGC</Hsp_hseq>
      <Hsp_midline>||||||| ||||||| ||||||||| ||||||||||||||||||||||||||||||| ||||||||||||||||||  ||||||||||||||  |||||||||||||||||||||||||||| ||||||||||||||||||||||||| ||| | ||| ||||| |||| |||| |||||||||||| ||||| |||||| | || ||| ||||  ||| ||| ||  |||||| |||||||    | ||||| |  |||| | |||||| | |||||||</Hsp_midline>
    </Hsp>
  </Hit_hsps>
</Hit>
<Hit>
  <Hit_num>6</Hit_num>
  <Hit_id>gi|1133587599|gb|KY476879.1|</Hit_id>
  <Hit_def>Uncultured Persicitalea sp. clone CCB148 16S ribosomal RNA gene, partial sequence</Hit_def>
  <Hit_accession>KY476879</Hit_accession>
  <Hit_len>301</Hit_len>
  <Hit_hsps>
    <Hsp>
      <Hsp_num>1</Hsp_num>
      <Hsp_bit-score>316.876</Hsp_bit-score>
      <Hsp_score>350</Hsp_score>
      <Hsp_evalue>8.70325e-82</Hsp_evalue>
      <Hsp_query-from>1</Hsp_query-from>
      <Hsp_query-to>277</Hsp_query-to>
      <Hsp_hit-from>301</Hsp_hit-from>
      <Hsp_hit-to>25</Hsp_hit-to>
      <Hsp_query-frame>1</Hsp_query-frame>
      <Hsp_hit-frame>-1</Hsp_hit-frame>
      <Hsp_identity>235</Hsp_identity>
      <Hsp_positive>235</Hsp_positive>
      <Hsp_gaps>0</Hsp_gaps>
      <Hsp_align-len>277</Hsp_align-len>
      <Hsp_qseq>GACTACAAGGGTATCNAATCCTGTTNGCTCCCCACGCTTTCGCTCCTCAGCGTCAGTGACGGCCCAGAGACCTGCCNNCGCCATTGGTGTTCNNCCCGATATCTACACATTCCACCGTTACAACGGGAATTCCAGTCTCCCCTACCGCACTCCAGCCCCCCCGTTCCCGCCGCGCATCCACCGTTAAACGATGCCCTTTCCCCCCTGACTCCACTCACCCCCTCCGCTCCCCTTCCCCCCCATCCTTCCCGCTCATCCTTACCCCCCACCTTTTACC</Hsp_qseq>
      <Hsp_hseq>GACTACTGGGGTATCTAATCCTGTTCGCTCCCCACGCTTTCGCTCCTCAGCGTCAGTAACGGCCCAGAGACCTGCCTTCGCCATTGGTGTTCTTCCCGATATCTACACATTCCACCGTTACACCGGGAATTCCAGTCTCCCCTACCGCACTCCAGCCCGCCCGTACCCGGCGCAGATCCACCGTTAAGCGATGGACTTTCACACCGGACGCCACGCACCGCCTACGCGCACTTTACGCCCACTACTTCCAGATACCCCTTGCACCCCACGTATTACC</Hsp_hseq>
      <Hsp_midline>||||||  ||||||| ||||||||| ||||||||||||||||||||||||||||||| ||||||||||||||||||  ||||||||||||||  |||||||||||||||||||||||||||| ||||||||||||||||||||||||||||||||||| ||||| |||| |||  |||||||||||| |||||  ||||| | || ||| |||| |||| ||| ||| | | || | |||  | ||||| | |   |||| | |||||| | |||||</Hsp_midline>
    </Hsp>
  </Hit_hsps>
</Hit>
<Hit>
  <Hit_num>7</Hit_num>
  <Hit_id>gi|1855411593|gb|MT611742.1|</Hit_id>
  <Hit_def>Bifidobacterium faecale strain 2731 16S ribosomal RNA gene, partial sequence</Hit_def>
  <Hit_accession>MT611742</Hit_accession>
  <Hit_len>1421</Hit_len>
  <Hit_hsps>
    <Hsp>
      <Hsp_num>1</Hsp_num>
      <Hsp_bit-score>315.974</Hsp_bit-score>
      <Hsp_score>349</Hsp_score>
      <Hsp_evalue>3.03773e-81</Hsp_evalue>
      <Hsp_query-from>1</Hsp_query-from>
      <Hsp_query-to>279</Hsp_query-to>
      <Hsp_hit-from>750</Hsp_hit-from>
      <Hsp_hit-to>472</Hsp_hit-to>
      <Hsp_query-frame>1</Hsp_query-frame>
      <Hsp_hit-frame>-1</Hsp_hit-frame>
      <Hsp_identity>236</Hsp_identity>
      <Hsp_positive>236</Hsp_positive>
      <Hsp_gaps>0</Hsp_gaps>
      <Hsp_align-len>279</Hsp_align-len>
      <Hsp_qseq>GACTACAAGGGTATCNAATCCTGTTNGCTCCCCACGCTTTCGCTCCTCAGCGTCAGTGACGGCCCAGAGACCTGCCNNCGCCATTGGTGTTCNNCCCGATATCTACACATTCCACCGTTACAACGGGAATTCCAGTCTCCCCTACCGCACTCCAGCCCCCCCGTTCCCGCCGCGCATCCACCGTTAAACGATGCCCTTTCCCCCCTGACTCCACTCACCCCCTCCGCTCCCCTTCCCCCCCATCCTTCCCGCTCATCCTTACCCCCCACCTTTTACCGC</Hsp_qseq>
      <Hsp_hseq>GACTACCAGGGTATCTAATCCTGTTCGCTCCCCACGCTTTCGCTCCTCAGCGTCAGTGACGGCCCAGAGACCTGCCTTCGCCATTGGTGTTCTTCCCGATATCTACACATTCCACCGTTACACCGGGAATTCCAGTCTCCCCTACCGCACTCAAGCCCGCCCGTACCCGGCGCGGATCCACCGTTAAGCGATGGACTTTCACACCGGACGCGACGAACCGCCTACGAGCCCTTTACGCCCAATAATTCCGGATAACGCTTGCACCCTACGTATTACCGC</Hsp_hseq>
      <Hsp_midline>|||||| |||||||| ||||||||| ||||||||||||||||||||||||||||||||||||||||||||||||||  ||||||||||||||  |||||||||||||||||||||||||||| ||||||||||||||||||||||||||||| ||||| ||||| |||| |||| |||||||||||| |||||  ||||| | || ||| | ||  ||| ||| ||  ||| || | ||| ||  |||| | | |  ||| | ||| || | |||||||</Hsp_midline>
    </Hsp>
  </Hit_hsps>
</Hit>
<Hit>
  <Hit_num>8</Hit_num>
  <Hit_id>gi|1855411591|gb|MT611740.1|</Hit_id>
  <Hit_def>Bifidobacterium faecale strain 2729 16S ribosomal RNA gene, partial sequence</Hit_def>
  <Hit_accession>MT611740</Hit_accession>
  <Hit_len>1416</Hit_len>
  <Hit_hsps>
    <Hsp>
      <Hsp_num>1</Hsp_num>
      <Hsp_bit-score>315.974</Hsp_bit-score>
      <Hsp_score>349</Hsp_score>
      <Hsp_evalue>3.03773e-81</Hsp_evalue>
      <Hsp_query-from>1</Hsp_query-from>
      <Hsp_query-to>279</Hsp_query-to>
      <Hsp_hit-from>740</Hsp_hit-from>
      <Hsp_hit-to>462</Hsp_hit-to>
      <Hsp_query-frame>1</Hsp_query-frame>
      <Hsp_hit-frame>-1</Hsp_hit-frame>
      <Hsp_identity>236</Hsp_identity>
      <Hsp_positive>236</Hsp_positive>
      <Hsp_gaps>0</Hsp_gaps>
      <Hsp_align-len>279</Hsp_align-len>
      <Hsp_qseq>GACTACAAGGGTATCNAATCCTGTTNGCTCCCCACGCTTTCGCTCCTCAGCGTCAGTGACGGCCCAGAGACCTGCCNNCGCCATTGGTGTTCNNCCCGATATCTACACATTCCACCGTTACAACGGGAATTCCAGTCTCCCCTACCGCACTCCAGCCCCCCCGTTCCCGCCGCGCATCCACCGTTAAACGATGCCCTTTCCCCCCTGACTCCACTCACCCCCTCCGCTCCCCTTCCCCCCCATCCTTCCCGCTCATCCTTACCCCCCACCTTTTACCGC</Hsp_qseq>
      <Hsp_hseq>GACTACCAGGGTATCTAATCCTGTTCGCTCCCCACGCTTTCGCTCCTCAGCGTCAGTGACGGCCCAGAGACCTGCCTTCGCCATTGGTGTTCTTCCCGATATCTACACATTCCACCGTTACACCGGGAATTCCAGTCTCCCCTACCGCACTCAAGCCCGCCCGTACCCGGCGCGGATCCACCGTTAAGCGATGGACTTTCACACCGGACGCGACGAACCGCCTACGAGCCCTTTACGCCCAATAATTCCGGATAACGCTTGCACCCTACGTATTACCGC</Hsp_hseq>
      <Hsp_midline>|||||| |||||||| ||||||||| ||||||||||||||||||||||||||||||||||||||||||||||||||  ||||||||||||||  |||||||||||||||||||||||||||| ||||||||||||||||||||||||||||| ||||| ||||| |||| |||| |||||||||||| |||||  ||||| | || ||| | ||  ||| ||| ||  ||| || | ||| ||  |||| | | |  ||| | ||| || | |||||||</Hsp_midline>
    </Hsp>
  </Hit_hsps>
</Hit>
<Hit>
  <Hit_num>9</Hit_num>
  <Hit_id>gi|1855411590|gb|MT611739.1|</Hit_id>
  <Hit_def>Bifidobacterium faecale strain 2728 16S ribosomal RNA gene, partial sequence</Hit_def>
  <Hit_accession>MT611739</Hit_accession>
  <Hit_len>1412</Hit_len>
  <Hit_hsps>
    <Hsp>
      <Hsp_num>1</Hsp_num>
      <Hsp_bit-score>315.974</Hsp_bit-score>
      <Hsp_score>349</Hsp_score>
      <Hsp_evalue>3.03773e-81</Hsp_evalue>
      <Hsp_query-from>1</Hsp_query-from>
      <Hsp_query-to>279</Hsp_query-to>
      <Hsp_hit-from>738</Hsp_hit-from>
      <Hsp_hit-to>460</Hsp_hit-to>
      <Hsp_query-frame>1</Hsp_query-frame>
      <Hsp_hit-frame>-1</Hsp_hit-frame>
      <Hsp_identity>236</Hsp_identity>
      <Hsp_positive>236</Hsp_positive>
      <Hsp_gaps>0</Hsp_gaps>
      <Hsp_align-len>279</Hsp_align-len>
      <Hsp_qseq>GACTACAAGGGTATCNAATCCTGTTNGCTCCCCACGCTTTCGCTCCTCAGCGTCAGTGACGGCCCAGAGACCTGCCNNCGCCATTGGTGTTCNNCCCGATATCTACACATTCCACCGTTACAACGGGAATTCCAGTCTCCCCTACCGCACTCCAGCCCCCCCGTTCCCGCCGCGCATCCACCGTTAAACGATGCCCTTTCCCCCCTGACTCCACTCACCCCCTCCGCTCCCCTTCCCCCCCATCCTTCCCGCTCATCCTTACCCCCCACCTTTTACCGC</Hsp_qseq>
      <Hsp_hseq>GACTACCAGGGTATCTAATCCTGTTCGCTCCCCACGCTTTCGCTCCTCAGCGTCAGTGACGGCCCAGAGACCTGCCTTCGCCATTGGTGTTCTTCCCGATATCTACACATTCCACCGTTACACCGGGAATTCCAGTCTCCCCTACCGCACTCAAGCCCGCCCGTACCCGGCGCGGATCCACCGTTAAGCGATGGACTTTCACACCGGACGCGACGAACCGCCTACGAGCCCTTTACGCCCAATAATTCCGGATAACGCTTGCACCCTACGTATTACCGC</Hsp_hseq>
      <Hsp_midline>|||||| |||||||| ||||||||| ||||||||||||||||||||||||||||||||||||||||||||||||||  ||||||||||||||  |||||||||||||||||||||||||||| ||||||||||||||||||||||||||||| ||||| ||||| |||| |||| |||||||||||| |||||  ||||| | || ||| | ||  ||| ||| ||  ||| || | ||| ||  |||| | | |  ||| | ||| || | |||||||</Hsp_midline>
    </Hsp>
  </Hit_hsps>
</Hit>
<Hit>
  <Hit_num>10</Hit_num>
  <Hit_id>gi|1855411556|gb|MT611705.1|</Hit_id>
  <Hit_def>Bifidobacterium faecale strain 2687 16S ribosomal RNA gene, partial sequence</Hit_def>
  <Hit_accession>MT611705</Hit_accession>
  <Hit_len>1423</Hit_len>
  <Hit_hsps>
    <Hsp>
      <Hsp_num>1</Hsp_num>
      <Hsp_bit-score>315.974</Hsp_bit-score>
      <Hsp_score>349</Hsp_score>
      <Hsp_evalue>3.03773e-81</Hsp_evalue>
      <Hsp_query-from>1</Hsp_query-from>
      <Hsp_query-to>279</Hsp_query-to>
      <Hsp_hit-from>741</Hsp_hit-from>
      <Hsp_hit-to>463</Hsp_hit-to>
      <Hsp_query-frame>1</Hsp_query-frame>
      <Hsp_hit-frame>-1</Hsp_hit-frame>
      <Hsp_identity>236</Hsp_identity>
      <Hsp_positive>236</Hsp_positive>
      <Hsp_gaps>0</Hsp_gaps>
      <Hsp_align-len>279</Hsp_align-len>
      <Hsp_qseq>GACTACAAGGGTATCNAATCCTGTTNGCTCCCCACGCTTTCGCTCCTCAGCGTCAGTGACGGCCCAGAGACCTGCCNNCGCCATTGGTGTTCNNCCCGATATCTACACATTCCACCGTTACAACGGGAATTCCAGTCTCCCCTACCGCACTCCAGCCCCCCCGTTCCCGCCGCGCATCCACCGTTAAACGATGCCCTTTCCCCCCTGACTCCACTCACCCCCTCCGCTCCCCTTCCCCCCCATCCTTCCCGCTCATCCTTACCCCCCACCTTTTACCGC</Hsp_qseq>
      <Hsp_hseq>GACTACCAGGGTATCTAATCCTGTTCGCTCCCCACGCTTTCGCTCCTCAGCGTCAGTGACGGCCCAGAGACCTGCCTTCGCCATTGGTGTTCTTCCCGATATCTACACATTCCACCGTTACACCGGGAATTCCAGTCTCCCCTACCGCACTCAAGCCCGCCCGTACCCGGCGCGGATCCACCGTTAAGCGATGGACTTTCACACCGGACGCGACGAACCGCCTACGAGCCCTTTACGCCCAATAATTCCGGATAACGCTTGCACCCTACGTATTACCGC</Hsp_hseq>
      <Hsp_midline>|||||| |||||||| ||||||||| ||||||||||||||||||||||||||||||||||||||||||||||||||  ||||||||||||||  |||||||||||||||||||||||||||| ||||||||||||||||||||||||||||| ||||| ||||| |||| |||| |||||||||||| |||||  ||||| | || ||| | ||  ||| ||| ||  ||| || | ||| ||  |||| | | |  ||| | ||| || | |||||||</Hsp_midline>
    </Hsp>
  </Hit_hsps>
</Hit>
<Hit>
  <Hit_num>11</Hit_num>
  <Hit_id>gi|1855411548|gb|MT611697.1|</Hit_id>
  <Hit_def>Bifidobacterium faecale strain 2678 16S ribosomal RNA gene, partial sequence</Hit_def>
  <Hit_accession>MT611697</Hit_accession>
  <Hit_len>1407</Hit_len>
  <Hit_hsps>
    <Hsp>
      <Hsp_num>1</Hsp_num>
      <Hsp_bit-score>315.974</Hsp_bit-score>
      <Hsp_score>349</Hsp_score>
      <Hsp_evalue>3.03773e-81</Hsp_evalue>
      <Hsp_query-from>1</Hsp_query-from>
      <Hsp_query-to>279</Hsp_query-to>
      <Hsp_hit-from>743</Hsp_hit-from>
      <Hsp_hit-to>465</Hsp_hit-to>
      <Hsp_query-frame>1</Hsp_query-frame>
      <Hsp_hit-frame>-1</Hsp_hit-frame>
      <Hsp_identity>236</Hsp_identity>
      <Hsp_positive>236</Hsp_positive>
      <Hsp_gaps>0</Hsp_gaps>
      <Hsp_align-len>279</Hsp_align-len>
      <Hsp_qseq>GACTACAAGGGTATCNAATCCTGTTNGCTCCCCACGCTTTCGCTCCTCAGCGTCAGTGACGGCCCAGAGACCTGCCNNCGCCATTGGTGTTCNNCCCGATATCTACACATTCCACCGTTACAACGGGAATTCCAGTCTCCCCTACCGCACTCCAGCCCCCCCGTTCCCGCCGCGCATCCACCGTTAAACGATGCCCTTTCCCCCCTGACTCCACTCACCCCCTCCGCTCCCCTTCCCCCCCATCCTTCCCGCTCATCCTTACCCCCCACCTTTTACCGC</Hsp_qseq>
      <Hsp_hseq>GACTACCAGGGTATCTAATCCTGTTCGCTCCCCACGCTTTCGCTCCTCAGCGTCAGTGACGGCCCAGAGACCTGCCTTCGCCATTGGTGTTCTTCCCGATATCTACACATTCCACCGTTACACCGGGAATTCCAGTCTCCCCTACCGCACTCAAGCCCGCCCGTACCCGGCGCGGATCCACCGTTAAGCGATGGACTTTCACACCGGACGCGACGAACCGCCTACGAGCCCTTTACGCCCAATAATTCCGGATAACGCTTGCACCCTACGTATTACCGC</Hsp_hseq>
      <Hsp_midline>|||||| |||||||| ||||||||| ||||||||||||||||||||||||||||||||||||||||||||||||||  ||||||||||||||  |||||||||||||||||||||||||||| ||||||||||||||||||||||||||||| ||||| ||||| |||| |||| |||||||||||| |||||  ||||| | || ||| | ||  ||| ||| ||  ||| || | ||| ||  |||| | | |  ||| | ||| || | |||||||</Hsp_midline>
    </Hsp>
  </Hit_hsps>
</Hit>
<Hit>
  <Hit_num>12</Hit_num>
  <Hit_id>gi|1855411546|gb|MT611695.1|</Hit_id>
  <Hit_def>Bifidobacterium faecale strain 2676 16S ribosomal RNA gene, partial sequence</Hit_def>
  <Hit_accession>MT611695</Hit_accession>
  <Hit_len>1428</Hit_len>
  <Hit_hsps>
    <Hsp>
      <Hsp_num>1</Hsp_num>
      <Hsp_bit-score>315.974</Hsp_bit-score>
      <Hsp_score>349</Hsp_score>
      <Hsp_evalue>3.03773e-81</Hsp_evalue>
      <Hsp_query-from>1</Hsp_query-from>
      <Hsp_query-to>279</Hsp_query-to>
      <Hsp_hit-from>742</Hsp_hit-from>
      <Hsp_hit-to>464</Hsp_hit-to>
      <Hsp_query-frame>1</Hsp_query-frame>
      <Hsp_hit-frame>-1</Hsp_hit-frame>
      <Hsp_identity>236</Hsp_identity>
      <Hsp_positive>236</Hsp_positive>
      <Hsp_gaps>0</Hsp_gaps>
      <Hsp_align-len>279</Hsp_align-len>
      <Hsp_qseq>GACTACAAGGGTATCNAATCCTGTTNGCTCCCCACGCTTTCGCTCCTCAGCGTCAGTGACGGCCCAGAGACCTGCCNNCGCCATTGGTGTTCNNCCCGATATCTACACATTCCACCGTTACAACGGGAATTCCAGTCTCCCCTACCGCACTCCAGCCCCCCCGTTCCCGCCGCGCATCCACCGTTAAACGATGCCCTTTCCCCCCTGACTCCACTCACCCCCTCCGCTCCCCTTCCCCCCCATCCTTCCCGCTCATCCTTACCCCCCACCTTTTACCGC</Hsp_qseq>
      <Hsp_hseq>GACTACCAGGGTATCTAATCCTGTTCGCTCCCCACGCTTTCGCTCCTCAGCGTCAGTGACGGCCCAGAGACCTGCCTTCGCCATTGGTGTTCTTCCCGATATCTACACATTCCACCGTTACACCGGGAATTCCAGTCTCCCCTACCGCACTCAAGCCCGCCCGTACCCGGCGCGGATCCACCGTTAAGCGATGGACTTTCACACCGGACGCGACGAACCGCCTACGAGCCCTTTACGCCCAATAATTCCGGATAACGCTTGCACCCTACGTATTACCGC</Hsp_hseq>
      <Hsp_midline>|||||| |||||||| ||||||||| ||||||||||||||||||||||||||||||||||||||||||||||||||  ||||||||||||||  |||||||||||||||||||||||||||| ||||||||||||||||||||||||||||| ||||| ||||| |||| |||| |||||||||||| |||||  ||||| | || ||| | ||  ||| ||| ||  ||| || | ||| ||  |||| | | |  ||| | ||| || | |||||||</Hsp_midline>
    </Hsp>
  </Hit_hsps>
</Hit>
<Hit>
  <Hit_num>13</Hit_num>
  <Hit_id>gi|1852867599|gb|MT604885.1|</Hit_id>
  <Hit_def>Bifidobacterium adolescentis strain 2472 16S ribosomal RNA gene, partial sequence</Hit_def>
  <Hit_accession>MT604885</Hit_accession>
  <Hit_len>1405</Hit_len>
  <Hit_hsps>
    <Hsp>
      <Hsp_num>1</Hsp_num>
      <Hsp_bit-score>315.974</Hsp_bit-score>
      <Hsp_score>349</Hsp_score>
      <Hsp_evalue>3.03773e-81</Hsp_evalue>
      <Hsp_query-from>1</Hsp_query-from>
      <Hsp_query-to>279</Hsp_query-to>
      <Hsp_hit-from>745</Hsp_hit-from>
      <Hsp_hit-to>467</Hsp_hit-to>
      <Hsp_query-frame>1</Hsp_query-frame>
      <Hsp_hit-frame>-1</Hsp_hit-frame>
      <Hsp_identity>236</Hsp_identity>
      <Hsp_positive>236</Hsp_positive>
      <Hsp_gaps>0</Hsp_gaps>
      <Hsp_align-len>279</Hsp_align-len>
      <Hsp_qseq>GACTACAAGGGTATCNAATCCTGTTNGCTCCCCACGCTTTCGCTCCTCAGCGTCAGTGACGGCCCAGAGACCTGCCNNCGCCATTGGTGTTCNNCCCGATATCTACACATTCCACCGTTACAACGGGAATTCCAGTCTCCCCTACCGCACTCCAGCCCCCCCGTTCCCGCCGCGCATCCACCGTTAAACGATGCCCTTTCCCCCCTGACTCCACTCACCCCCTCCGCTCCCCTTCCCCCCCATCCTTCCCGCTCATCCTTACCCCCCACCTTTTACCGC</Hsp_qseq>
      <Hsp_hseq>GACTACCAGGGTATCTAATCCTGTTCGCTCCCCACGCTTTCGCTCCTCAGCGTCAGTGACGGCCCAGAGACCTGCCTTCGCCATTGGTGTTCTTCCCGATATCTACACATTCCACCGTTACACCGGGAATTCCAGTCTCCCCTACCGCACTCAAGCCCGCCCGTACCCGGCGCGGATCCACCGTTAAGCGATGGACTTTCACACCGGACGCGACGAACCGCCTACGAGCCCTTTACGCCCAATAATTCCGGATAACGCTTGCACCCTACGTATTACCGC</Hsp_hseq>
      <Hsp_midline>|||||| |||||||| ||||||||| ||||||||||||||||||||||||||||||||||||||||||||||||||  ||||||||||||||  |||||||||||||||||||||||||||| ||||||||||||||||||||||||||||| ||||| ||||| |||| |||| |||||||||||| |||||  ||||| | || ||| | ||  ||| ||| ||  ||| || | ||| ||  |||| | | |  ||| | ||| || | |||||||</Hsp_midline>
    </Hsp>
  </Hit_hsps>
</Hit>
<Hit>
  <Hit_num>14</Hit_num>
  <Hit_id>gi|1852867595|gb|MT604883.1|</Hit_id>
  <Hit_def>Bifidobacterium adolescentis strain 2466 16S ribosomal RNA gene, partial sequence</Hit_def>
  <Hit_accession>MT604883</Hit_accession>
  <Hit_len>1410</Hit_len>
  <Hit_hsps>
    <Hsp>
      <Hsp_num>1</Hsp_num>
      <Hsp_bit-score>315.974</Hsp_bit-score>
      <Hsp_score>349</Hsp_score>
      <Hsp_evalue>3.03773e-81</Hsp_evalue>
      <Hsp_query-from>1</Hsp_query-from>
      <Hsp_query-to>279</Hsp_query-to>
      <Hsp_hit-from>740</Hsp_hit-from>
      <Hsp_hit-to>462</Hsp_hit-to>
      <Hsp_query-frame>1</Hsp_query-frame>
      <Hsp_hit-frame>-1</Hsp_hit-frame>
      <Hsp_identity>236</Hsp_identity>
      <Hsp_positive>236</Hsp_positive>
      <Hsp_gaps>0</Hsp_gaps>
      <Hsp_align-len>279</Hsp_align-len>
      <Hsp_qseq>GACTACAAGGGTATCNAATCCTGTTNGCTCCCCACGCTTTCGCTCCTCAGCGTCAGTGACGGCCCAGAGACCTGCCNNCGCCATTGGTGTTCNNCCCGATATCTACACATTCCACCGTTACAACGGGAATTCCAGTCTCCCCTACCGCACTCCAGCCCCCCCGTTCCCGCCGCGCATCCACCGTTAAACGATGCCCTTTCCCCCCTGACTCCACTCACCCCCTCCGCTCCCCTTCCCCCCCATCCTTCCCGCTCATCCTTACCCCCCACCTTTTACCGC</Hsp_qseq>
      <Hsp_hseq>GACTACCAGGGTATCTAATCCTGTTCGCTCCCCACGCTTTCGCTCCTCAGCGTCAGTGACGGCCCAGAGACCTGCCTTCGCCATTGGTGTTCTTCCCGATATCTACACATTCCACCGTTACACCGGGAATTCCAGTCTCCCCTACCGCACTCAAGCCCGCCCGTACCCGGCGCGGATCCACCGTTAAGCGATGGACTTTCACACCGGACGCGACGAACCGCCTACGAGCCCTTTACGCCCAATAATTCCGGATAACGCTTGCACCCTACGTATTACCGC</Hsp_hseq>
      <Hsp_midline>|||||| |||||||| ||||||||| ||||||||||||||||||||||||||||||||||||||||||||||||||  ||||||||||||||  |||||||||||||||||||||||||||| ||||||||||||||||||||||||||||| ||||| ||||| |||| |||| |||||||||||| |||||  ||||| | || ||| | ||  ||| ||| ||  ||| || | ||| ||  |||| | | |  ||| | ||| || | |||||||</Hsp_midline>
    </Hsp>
  </Hit_hsps>
</Hit>
<Hit>
  <Hit_num>15</Hit_num>
  <Hit_id>gi|1852867473|gb|MT604821.1|</Hit_id>
  <Hit_def>Bifidobacterium breve strain 2369 16S ribosomal RNA gene, partial sequence</Hit_def>
  <Hit_accession>MT604821</Hit_accession>
  <Hit_len>1428</Hit_len>
  <Hit_hsps>
    <Hsp>
      <Hsp_num>1</Hsp_num>
      <Hsp_bit-score>315.974</Hsp_bit-score>
      <Hsp_score>349</Hsp_score>
      <Hsp_evalue>3.03773e-81</Hsp_evalue>
      <Hsp_query-from>1</Hsp_query-from>
      <Hsp_query-to>279</Hsp_query-to>
      <Hsp_hit-from>751</Hsp_hit-from>
      <Hsp_hit-to>473</Hsp_hit-to>
      <Hsp_query-frame>1</Hsp_query-frame>
      <Hsp_hit-frame>-1</Hsp_hit-frame>
      <Hsp_identity>236</Hsp_identity>
      <Hsp_positive>236</Hsp_positive>
      <Hsp_gaps>0</Hsp_gaps>
      <Hsp_align-len>279</Hsp_align-len>
      <Hsp_qseq>GACTACAAGGGTATCNAATCCTGTTNGCTCCCCACGCTTTCGCTCCTCAGCGTCAGTGACGGCCCAGAGACCTGCCNNCGCCATTGGTGTTCNNCCCGATATCTACACATTCCACCGTTACAACGGGAATTCCAGTCTCCCCTACCGCACTCCAGCCCCCCCGTTCCCGCCGCGCATCCACCGTTAAACGATGCCCTTTCCCCCCTGACTCCACTCACCCCCTCCGCTCCCCTTCCCCCCCATCCTTCCCGCTCATCCTTACCCCCCACCTTTTACCGC</Hsp_qseq>
      <Hsp_hseq>GACTACCAGGGTATCTAATCCTGTTCGCTCCCCACGCTTTCGCTCCTCAGCGTCAGTAACGGCCCAGAGACCTGCCTTCGCCATTGGTGTTCTTCCCGATATCTACACATTCCACCGTTACACCGGGAATTCCAGTCTCCCCTACCGCACTCAAGCCCGCCCGTACCCGGCGCGGATCCACCGTTAAGCGATGGACTTTCACACCGGACGCGACGAACCGCCTACGAGCCCTTTACGCCCAATAATTCCGGATAACGCTTGCCCCCTACGTATTACCGC</Hsp_hseq>
      <Hsp_midline>|||||| |||||||| ||||||||| ||||||||||||||||||||||||||||||| ||||||||||||||||||  ||||||||||||||  |||||||||||||||||||||||||||| ||||||||||||||||||||||||||||| ||||| ||||| |||| |||| |||||||||||| |||||  ||||| | || ||| | ||  ||| ||| ||  ||| || | ||| ||  |||| | | |  ||| ||||| || | |||||||</Hsp_midline>
    </Hsp>
  </Hit_hsps>
</Hit>
<Hit>
  <Hit_num>16</Hit_num>
  <Hit_id>gi|1852325112|gb|MT597531.1|</Hit_id>
  <Hit_def>Bifidobacterium faecale strain 1652 16S ribosomal RNA gene, partial sequence</Hit_def>
  <Hit_accession>MT597531</Hit_accession>
  <Hit_len>1428</Hit_len>
  <Hit_hsps>
    <Hsp>
      <Hsp_num>1</Hsp_num>
      <Hsp_bit-score>315.974</Hsp_bit-score>
      <Hsp_score>349</Hsp_score>
      <Hsp_evalue>3.03773e-81</Hsp_evalue>
      <Hsp_query-from>1</Hsp_query-from>
      <Hsp_query-to>279</Hsp_query-to>
      <Hsp_hit-from>756</Hsp_hit-from>
      <Hsp_hit-to>478</Hsp_hit-to>
      <Hsp_query-frame>1</Hsp_query-frame>
      <Hsp_hit-frame>-1</Hsp_hit-frame>
      <Hsp_identity>236</Hsp_identity>
      <Hsp_positive>236</Hsp_positive>
      <Hsp_gaps>0</Hsp_gaps>
      <Hsp_align-len>279</Hsp_align-len>
      <Hsp_qseq>GACTACAAGGGTATCNAATCCTGTTNGCTCCCCACGCTTTCGCTCCTCAGCGTCAGTGACGGCCCAGAGACCTGCCNNCGCCATTGGTGTTCNNCCCGATATCTACACATTCCACCGTTACAACGGGAATTCCAGTCTCCCCTACCGCACTCCAGCCCCCCCGTTCCCGCCGCGCATCCACCGTTAAACGATGCCCTTTCCCCCCTGACTCCACTCACCCCCTCCGCTCCCCTTCCCCCCCATCCTTCCCGCTCATCCTTACCCCCCACCTTTTACCGC</Hsp_qseq>
      <Hsp_hseq>GACTACCAGGGTATCTAATCCTGTTCGCTCCCCACGCTTTCGCTCCTCAGCGTCAGTGACGGCCCAGAGACCTGCCTTCGCCATTGGTGTTCTTCCCGATATCTACACATTCCACCGTTACACCGGGAATTCCAGTCTCCCCTACCGCACTCAAGCCCGCCCGTACCCGGCGCGGATCCACCGTTAAGCGATGGACTTTCACACCGGACGCGACGAACCGCCTACGAGCCCTTTACGCCCAATAATTCCGGATAACGCTTGCACCCTACGTATTACCGC</Hsp_hseq>
      <Hsp_midline>|||||| |||||||| ||||||||| ||||||||||||||||||||||||||||||||||||||||||||||||||  ||||||||||||||  |||||||||||||||||||||||||||| ||||||||||||||||||||||||||||| ||||| ||||| |||| |||| |||||||||||| |||||  ||||| | || ||| | ||  ||| ||| ||  ||| || | ||| ||  |||| | | |  ||| | ||| || | |||||||</Hsp_midline>
    </Hsp>
  </Hit_hsps>
</Hit>
<Hit>
  <Hit_num>17</Hit_num>
  <Hit_id>gi|1851774651|gb|MT585630.1|</Hit_id>
  <Hit_def>Bifidobacterium faecale strain 981 16S ribosomal RNA gene, partial sequence</Hit_def>
  <Hit_accession>MT585630</Hit_accession>
  <Hit_len>1430</Hit_len>
  <Hit_hsps>
    <Hsp>
      <Hsp_num>1</Hsp_num>
      <Hsp_bit-score>315.974</Hsp_bit-score>
      <Hsp_score>349</Hsp_score>
      <Hsp_evalue>3.03773e-81</Hsp_evalue>
      <Hsp_query-from>1</Hsp_query-from>
      <Hsp_query-to>279</Hsp_query-to>
      <Hsp_hit-from>752</Hsp_hit-from>
      <Hsp_hit-to>474</Hsp_hit-to>
      <Hsp_query-frame>1</Hsp_query-frame>
      <Hsp_hit-frame>-1</Hsp_hit-frame>
      <Hsp_identity>236</Hsp_identity>
      <Hsp_positive>236</Hsp_positive>
      <Hsp_gaps>0</Hsp_gaps>
      <Hsp_align-len>279</Hsp_align-len>
      <Hsp_qseq>GACTACAAGGGTATCNAATCCTGTTNGCTCCCCACGCTTTCGCTCCTCAGCGTCAGTGACGGCCCAGAGACCTGCCNNCGCCATTGGTGTTCNNCCCGATATCTACACATTCCACCGTTACAACGGGAATTCCAGTCTCCCCTACCGCACTCCAGCCCCCCCGTTCCCGCCGCGCATCCACCGTTAAACGATGCCCTTTCCCCCCTGACTCCACTCACCCCCTCCGCTCCCCTTCCCCCCCATCCTTCCCGCTCATCCTTACCCCCCACCTTTTACCGC</Hsp_qseq>
      <Hsp_hseq>GACTACCAGGGTATCTAATCCTGTTCGCTCCCCACGCTTTCGCTCCTCAGCGTCAGTGACGGCCCAGAGACCTGCCTTCGCCATTGGTGTTCTTCCCGATATCTACACATTCCACCGTTACACCGGGAATTCCAGTCTCCCCTACCGCACTCAAGCCCGCCCGTACCCGGCGCGGATCCACCGTTAAGCGATGGACTTTCACACCGGACGCGACGAACCGCCTACGAGCCCTTTACGCCCAATAATTCCGGATAACGCTTGCACCCTACGTATTACCGC</Hsp_hseq>
      <Hsp_midline>|||||| |||||||| ||||||||| ||||||||||||||||||||||||||||||||||||||||||||||||||  ||||||||||||||  |||||||||||||||||||||||||||| ||||||||||||||||||||||||||||| ||||| ||||| |||| |||| |||||||||||| |||||  ||||| | || ||| | ||  ||| ||| ||  ||| || | ||| ||  |||| | | |  ||| | ||| || | |||||||</Hsp_midline>
    </Hsp>
  </Hit_hsps>
</Hit>
<Hit>
  <Hit_num>18</Hit_num>
  <Hit_id>gi|1841537088|gb|MT464131.1|</Hit_id>
  <Hit_def>Bifidobacterium faecale strain 7564 16S ribosomal RNA gene, partial sequence</Hit_def>
  <Hit_accession>MT464131</Hit_accession>
  <Hit_len>1398</Hit_len>
  <Hit_hsps>
    <Hsp>
      <Hsp_num>1</Hsp_num>
      <Hsp_bit-score>315.974</Hsp_bit-score>
      <Hsp_score>349</Hsp_score>
      <Hsp_evalue>3.03773e-81</Hsp_evalue>
      <Hsp_query-from>1</Hsp_query-from>
      <Hsp_query-to>279</Hsp_query-to>
      <Hsp_hit-from>735</Hsp_hit-from>
      <Hsp_hit-to>457</Hsp_hit-to>
      <Hsp_query-frame>1</Hsp_query-frame>
      <Hsp_hit-frame>-1</Hsp_hit-frame>
      <Hsp_identity>236</Hsp_identity>
      <Hsp_positive>236</Hsp_positive>
      <Hsp_gaps>0</Hsp_gaps>
      <Hsp_align-len>279</Hsp_align-len>
      <Hsp_qseq>GACTACAAGGGTATCNAATCCTGTTNGCTCCCCACGCTTTCGCTCCTCAGCGTCAGTGACGGCCCAGAGACCTGCCNNCGCCATTGGTGTTCNNCCCGATATCTACACATTCCACCGTTACAACGGGAATTCCAGTCTCCCCTACCGCACTCCAGCCCCCCCGTTCCCGCCGCGCATCCACCGTTAAACGATGCCCTTTCCCCCCTGACTCCACTCACCCCCTCCGCTCCCCTTCCCCCCCATCCTTCCCGCTCATCCTTACCCCCCACCTTTTACCGC</Hsp_qseq>
      <Hsp_hseq>GACTACCAGGGTATCTAATCCTGTTCGCTCCCCACGCTTTCGCTCCTCAGCGTCAGTGACGGCCCAGAGACCTGCCTTCGCCATTGGTGTTCTTCCCGATATCTACACATTCCACCGTTACACCGGGAATTCCAGTCTCCCCTACCGCACTCAAGCCCGCCCGTACCCGGCGCGGATCCACCGTTAAGCGATGGACTTTCACACCGGACGCGACGAACCGCCTACGAGCCCTTTACGCCCAATAATTCCGGATAACGCTTGCACCCTACGTATTACCGC</Hsp_hseq>
      <Hsp_midline>|||||| |||||||| ||||||||| ||||||||||||||||||||||||||||||||||||||||||||||||||  ||||||||||||||  |||||||||||||||||||||||||||| ||||||||||||||||||||||||||||| ||||| ||||| |||| |||| |||||||||||| |||||  ||||| | || ||| | ||  ||| ||| ||  ||| || | ||| ||  |||| | | |  ||| | ||| || | |||||||</Hsp_midline>
    </Hsp>
  </Hit_hsps>
</Hit>
<Hit>
  <Hit_num>19</Hit_num>
  <Hit_id>gi|1827279285|gb|MT268979.1|</Hit_id>
  <Hit_def>Bifidobacterium adolescentis strain ADE1 16S ribosomal RNA gene, partial sequence</Hit_def>
  <Hit_accession>MT268979</Hit_accession>
  <Hit_len>1290</Hit_len>
  <Hit_hsps>
    <Hsp>
      <Hsp_num>1</Hsp_num>
      <Hsp_bit-score>315.974</Hsp_bit-score>
      <Hsp_score>349</Hsp_score>
      <Hsp_evalue>3.03773e-81</Hsp_evalue>
      <Hsp_query-from>1</Hsp_query-from>
      <Hsp_query-to>279</Hsp_query-to>
      <Hsp_hit-from>732</Hsp_hit-from>
      <Hsp_hit-to>454</Hsp_hit-to>
      <Hsp_query-frame>1</Hsp_query-frame>
      <Hsp_hit-frame>-1</Hsp_hit-frame>
      <Hsp_identity>236</Hsp_identity>
      <Hsp_positive>236</Hsp_positive>
      <Hsp_gaps>0</Hsp_gaps>
      <Hsp_align-len>279</Hsp_align-len>
      <Hsp_qseq>GACTACAAGGGTATCNAATCCTGTTNGCTCCCCACGCTTTCGCTCCTCAGCGTCAGTGACGGCCCAGAGACCTGCCNNCGCCATTGGTGTTCNNCCCGATATCTACACATTCCACCGTTACAACGGGAATTCCAGTCTCCCCTACCGCACTCCAGCCCCCCCGTTCCCGCCGCGCATCCACCGTTAAACGATGCCCTTTCCCCCCTGACTCCACTCACCCCCTCCGCTCCCCTTCCCCCCCATCCTTCCCGCTCATCCTTACCCCCCACCTTTTACCGC</Hsp_qseq>
      <Hsp_hseq>GACTACCAGGGTATCTAATCCTGTTCGCTCCCCACGCTTTCGCTCCTCAGCGTCAGTGACGGCCCAGAGACCTGCCTTCGCCATTGGTGTTCTTCCCGATATCTACACATTCCACCGTTACACCGGGAATTCCAGTCTCCCCTACCGCACTCAAGCCCGCCCGTACCCGGCGCGGATCCACCGTTAAGCGATGGACTTTCACACCGGACGCGACGAACCGCCTACGAGCCCTTTACGCCCAATAATTCCGGATAACGCTTGCACCCTACGTATTACCGC</Hsp_hseq>
      <Hsp_midline>|||||| |||||||| ||||||||| ||||||||||||||||||||||||||||||||||||||||||||||||||  ||||||||||||||  |||||||||||||||||||||||||||| ||||||||||||||||||||||||||||| ||||| ||||| |||| |||| |||||||||||| |||||  ||||| | || ||| | ||  ||| ||| ||  ||| || | ||| ||  |||| | | |  ||| | ||| || | |||||||</Hsp_midline>
    </Hsp>
  </Hit_hsps>
</Hit>
<Hit>
  <Hit_num>20</Hit_num>
  <Hit_id>gi|1827635730|dbj|LC515562.1|</Hit_id>
  <Hit_def>Bifidobacterium faecale H067 gene for 16S ribosomal RNA, partial sequence</Hit_def>
  <Hit_accession>LC515562</Hit_accession>
  <Hit_len>1358</Hit_len>
  <Hit_hsps>
    <Hsp>
      <Hsp_num>1</Hsp_num>
      <Hsp_bit-score>315.974</Hsp_bit-score>
      <Hsp_score>349</Hsp_score>
      <Hsp_evalue>3.03773e-81</Hsp_evalue>
      <Hsp_query-from>1</Hsp_query-from>
      <Hsp_query-to>279</Hsp_query-to>
      <Hsp_hit-from>711</Hsp_hit-from>
      <Hsp_hit-to>433</Hsp_hit-to>
      <Hsp_query-frame>1</Hsp_query-frame>
      <Hsp_hit-frame>-1</Hsp_hit-frame>
      <Hsp_identity>236</Hsp_identity>
      <Hsp_positive>236</Hsp_positive>
      <Hsp_gaps>0</Hsp_gaps>
      <Hsp_align-len>279</Hsp_align-len>
      <Hsp_qseq>GACTACAAGGGTATCNAATCCTGTTNGCTCCCCACGCTTTCGCTCCTCAGCGTCAGTGACGGCCCAGAGACCTGCCNNCGCCATTGGTGTTCNNCCCGATATCTACACATTCCACCGTTACAACGGGAATTCCAGTCTCCCCTACCGCACTCCAGCCCCCCCGTTCCCGCCGCGCATCCACCGTTAAACGATGCCCTTTCCCCCCTGACTCCACTCACCCCCTCCGCTCCCCTTCCCCCCCATCCTTCCCGCTCATCCTTACCCCCCACCTTTTACCGC</Hsp_qseq>
      <Hsp_hseq>GACTACCAGGGTATCTAATCCTGTTCGCTCCCCACGCTTTCGCTCCTCAGCGTCAGTGACGGCCCAGAGACCTGCCTTCGCCATTGGTGTTCTTCCCGATATCTACACATTCCACCGTTACACCGGGAATTCCAGTCTCCCCTACCGCACTCAAGCCCGCCCGTACCCGGCGCGGATCCACCGTTAAGCGATGGACTTTCACACCGGACGCGACGAACCGCCTACGAGCCCTTTACGCCCAATAATTCCGGATAACGCTTGCACCCTACGTATTACCGC</Hsp_hseq>
      <Hsp_midline>|||||| |||||||| ||||||||| ||||||||||||||||||||||||||||||||||||||||||||||||||  ||||||||||||||  |||||||||||||||||||||||||||| ||||||||||||||||||||||||||||| ||||| ||||| |||| |||| |||||||||||| |||||  ||||| | || ||| | ||  ||| ||| ||  ||| || | ||| ||  |||| | | |  ||| | ||| || | |||||||</Hsp_midline>
    </Hsp>
  </Hit_hsps>
</Hit>
<Hit>
  <Hit_num>21</Hit_num>
  <Hit_id>gi|1789828052|gb|CP047129.1|</Hit_id>
  <Hit_def>Bifidobacterium adolescentis strain ZJ2 chromosome, complete genome</Hit_def>
  <Hit_accession>CP047129</Hit_accession>
  <Hit_len>2401766</Hit_len>
  <Hit_hsps>
    <Hsp>
      <Hsp_num>1</Hsp_num>
      <Hsp_bit-score>315.974</Hsp_bit-score>
      <Hsp_score>349</Hsp_score>
      <Hsp_evalue>3.03773e-81</Hsp_evalue>
      <Hsp_query-from>1</Hsp_query-from>
      <Hsp_query-to>279</Hsp_query-to>
      <Hsp_hit-from>1915419</Hsp_hit-from>
      <Hsp_hit-to>1915697</Hsp_hit-to>
      <Hsp_query-frame>1</Hsp_query-frame>
      <Hsp_hit-frame>1</Hsp_hit-frame>
      <Hsp_identity>236</Hsp_identity>
      <Hsp_positive>236</Hsp_positive>
      <Hsp_gaps>0</Hsp_gaps>
      <Hsp_align-len>279</Hsp_align-len>
      <Hsp_qseq>GACTACAAGGGTATCNAATCCTGTTNGCTCCCCACGCTTTCGCTCCTCAGCGTCAGTGACGGCCCAGAGACCTGCCNNCGCCATTGGTGTTCNNCCCGATATCTACACATTCCACCGTTACAACGGGAATTCCAGTCTCCCCTACCGCACTCCAGCCCCCCCGTTCCCGCCGCGCATCCACCGTTAAACGATGCCCTTTCCCCCCTGACTCCACTCACCCCCTCCGCTCCCCTTCCCCCCCATCCTTCCCGCTCATCCTTACCCCCCACCTTTTACCGC</Hsp_qseq>
      <Hsp_hseq>GACTACCAGGGTATCTAATCCTGTTCGCTCCCCACGCTTTCGCTCCTCAGCGTCAGTGACGGCCCAGAGACCTGCCTTCGCCATTGGTGTTCTTCCCGATATCTACACATTCCACCGTTACACCGGGAATTCCAGTCTCCCCTACCGCACTCAAGCCCGCCCGTACCCGGCGCGGATCCACCGTTAAGCGATGGACTTTCACACCGGACGCGACGAACCGCCTACGAGCCCTTTACGCCCAATAATTCCGGATAACGCTTGCACCCTACGTATTACCGC</Hsp_hseq>
      <Hsp_midline>|||||| |||||||| ||||||||| ||||||||||||||||||||||||||||||||||||||||||||||||||  ||||||||||||||  |||||||||||||||||||||||||||| ||||||||||||||||||||||||||||| ||||| ||||| |||| |||| |||||||||||| |||||  ||||| | || ||| | ||  ||| ||| ||  ||| || | ||| ||  |||| | | |  ||| | ||| || | |||||||</Hsp_midline>
    </Hsp>
    <Hsp>
      <Hsp_num>2</Hsp_num>
      <Hsp_bit-score>315.974</Hsp_bit-score>
      <Hsp_score>349</Hsp_score>
      <Hsp_evalue>3.03773e-81</Hsp_evalue>
      <Hsp_query-from>1</Hsp_query-from>
      <Hsp_query-to>279</Hsp_query-to>
      <Hsp_hit-from>2223392</Hsp_hit-from>
      <Hsp_hit-to>2223670</Hsp_hit-to>
      <Hsp_query-frame>1</Hsp_query-frame>
      <Hsp_hit-frame>1</Hsp_hit-frame>
      <Hsp_identity>236</Hsp_identity>
      <Hsp_positive>236</Hsp_positive>
      <Hsp_gaps>0</Hsp_gaps>
      <Hsp_align-len>279</Hsp_align-len>
      <Hsp_qseq>GACTACAAGGGTATCNAATCCTGTTNGCTCCCCACGCTTTCGCTCCTCAGCGTCAGTGACGGCCCAGAGACCTGCCNNCGCCATTGGTGTTCNNCCCGATATCTACACATTCCACCGTTACAACGGGAATTCCAGTCTCCCCTACCGCACTCCAGCCCCCCCGTTCCCGCCGCGCATCCACCGTTAAACGATGCCCTTTCCCCCCTGACTCCACTCACCCCCTCCGCTCCCCTTCCCCCCCATCCTTCCCGCTCATCCTTACCCCCCACCTTTTACCGC</Hsp_qseq>
      <Hsp_hseq>GACTACCAGGGTATCTAATCCTGTTCGCTCCCCACGCTTTCGCTCCTCAGCGTCAGTGACGGCCCAGAGACCTGCCTTCGCCATTGGTGTTCTTCCCGATATCTACACATTCCACCGTTACACCGGGAATTCCAGTCTCCCCTACCGCACTCAAGCCCGCCCGTACCCGGCGCGGATCCACCGTTAAGCGATGGACTTTCACACCGGACGCGACGAACCGCCTACGAGCCCTTTACGCCCAATAATTCCGGATAACGCTTGCACCCTACGTATTACCGC</Hsp_hseq>
      <Hsp_midline>|||||| |||||||| ||||||||| ||||||||||||||||||||||||||||||||||||||||||||||||||  ||||||||||||||  |||||||||||||||||||||||||||| ||||||||||||||||||||||||||||| ||||| ||||| |||| |||| |||||||||||| |||||  ||||| | || ||| | ||  ||| ||| ||  ||| || | ||| ||  |||| | | |  ||| | ||| || | |||||||</Hsp_midline>
    </Hsp>
    <Hsp>
      <Hsp_num>3</Hsp_num>
      <Hsp_bit-score>315.974</Hsp_bit-score>
      <Hsp_score>349</Hsp_score>
      <Hsp_evalue>3.03773e-81</Hsp_evalue>
      <Hsp_query-from>1</Hsp_query-from>
      <Hsp_query-to>279</Hsp_query-to>
      <Hsp_hit-from>2311924</Hsp_hit-from>
      <Hsp_hit-to>2312202</Hsp_hit-to>
      <Hsp_query-frame>1</Hsp_query-frame>
      <Hsp_hit-frame>1</Hsp_hit-frame>
      <Hsp_identity>236</Hsp_identity>
      <Hsp_positive>236</Hsp_positive>
      <Hsp_gaps>0</Hsp_gaps>
      <Hsp_align-len>279</Hsp_align-len>
      <Hsp_qseq>GACTACAAGGGTATCNAATCCTGTTNGCTCCCCACGCTTTCGCTCCTCAGCGTCAGTGACGGCCCAGAGACCTGCCNNCGCCATTGGTGTTCNNCCCGATATCTACACATTCCACCGTTACAACGGGAATTCCAGTCTCCCCTACCGCACTCCAGCCCCCCCGTTCCCGCCGCGCATCCACCGTTAAACGATGCCCTTTCCCCCCTGACTCCACTCACCCCCTCCGCTCCCCTTCCCCCCCATCCTTCCCGCTCATCCTTACCCCCCACCTTTTACCGC</Hsp_qseq>
      <Hsp_hseq>GACTACCAGGGTATCTAATCCTGTTCGCTCCCCACGCTTTCGCTCCTCAGCGTCAGTGACGGCCCAGAGACCTGCCTTCGCCATTGGTGTTCTTCCCGATATCTACACATTCCACCGTTACACCGGGAATTCCAGTCTCCCCTACCGCACTCAAGCCCGCCCGTACCCGGCGCGGATCCACCGTTAAGCGATGGACTTTCACACCGGACGCGACGAACCGCCTACGAGCCCTTTACGCCCAATAATTCCGGATAACGCTTGCACCCTACGTATTACCGC</Hsp_hseq>
      <Hsp_midline>|||||| |||||||| ||||||||| ||||||||||||||||||||||||||||||||||||||||||||||||||  ||||||||||||||  |||||||||||||||||||||||||||| ||||||||||||||||||||||||||||| ||||| ||||| |||| |||| |||||||||||| |||||  ||||| | || ||| | ||  ||| ||| ||  ||| || | ||| ||  |||| | | |  ||| | ||| || | |||||||</Hsp_midline>
    </Hsp>
    <Hsp>
      <Hsp_num>4</Hsp_num>
      <Hsp_bit-score>315.974</Hsp_bit-score>
      <Hsp_score>349</Hsp_score>
      <Hsp_evalue>3.03773e-81</Hsp_evalue>
      <Hsp_query-from>1</Hsp_query-from>
      <Hsp_query-to>279</Hsp_query-to>
      <Hsp_hit-from>2373753</Hsp_hit-from>
      <Hsp_hit-to>2374031</Hsp_hit-to>
      <Hsp_query-frame>1</Hsp_query-frame>
      <Hsp_hit-frame>1</Hsp_hit-frame>
      <Hsp_identity>236</Hsp_identity>
      <Hsp_positive>236</Hsp_positive>
      <Hsp_gaps>0</Hsp_gaps>
      <Hsp_align-len>279</Hsp_align-len>
      <Hsp_qseq>GACTACAAGGGTATCNAATCCTGTTNGCTCCCCACGCTTTCGCTCCTCAGCGTCAGTGACGGCCCAGAGACCTGCCNNCGCCATTGGTGTTCNNCCCGATATCTACACATTCCACCGTTACAACGGGAATTCCAGTCTCCCCTACCGCACTCCAGCCCCCCCGTTCCCGCCGCGCATCCACCGTTAAACGATGCCCTTTCCCCCCTGACTCCACTCACCCCCTCCGCTCCCCTTCCCCCCCATCCTTCCCGCTCATCCTTACCCCCCACCTTTTACCGC</Hsp_qseq>
      <Hsp_hseq>GACTACCAGGGTATCTAATCCTGTTCGCTCCCCACGCTTTCGCTCCTCAGCGTCAGTGACGGCCCAGAGACCTGCCTTCGCCATTGGTGTTCTTCCCGATATCTACACATTCCACCGTTACACCGGGAATTCCAGTCTCCCCTACCGCACTCAAGCCCGCCCGTACCCGGCGCGGATCCACCGTTAAGCGATGGACTTTCACACCGGACGCGACGAACCGCCTACGAGCCCTTTACGCCCAATAATTCCGGATAACGCTTGCACCCTACGTATTACCGC</Hsp_hseq>
      <Hsp_midline>|||||| |||||||| ||||||||| ||||||||||||||||||||||||||||||||||||||||||||||||||  ||||||||||||||  |||||||||||||||||||||||||||| ||||||||||||||||||||||||||||| ||||| ||||| |||| |||| |||||||||||| |||||  ||||| | || ||| | ||  ||| ||| ||  ||| || | ||| ||  |||| | | |  ||| | ||| || | |||||||</Hsp_midline>
    </Hsp>
  </Hit_hsps>
</Hit>
<Hit>
  <Hit_num>22</Hit_num>
  <Hit_id>gi|1783562276|gb|MN822690.1|</Hit_id>
  <Hit_def>Bifidobacterium adolescentis strain ZJ2 16S ribosomal RNA gene, partial sequence</Hit_def>
  <Hit_accession>MN822690</Hit_accession>
  <Hit_len>1428</Hit_len>
  <Hit_hsps>
    <Hsp>
      <Hsp_num>1</Hsp_num>
      <Hsp_bit-score>315.974</Hsp_bit-score>
      <Hsp_score>349</Hsp_score>
      <Hsp_evalue>3.03773e-81</Hsp_evalue>
      <Hsp_query-from>1</Hsp_query-from>
      <Hsp_query-to>279</Hsp_query-to>
      <Hsp_hit-from>741</Hsp_hit-from>
      <Hsp_hit-to>463</Hsp_hit-to>
      <Hsp_query-frame>1</Hsp_query-frame>
      <Hsp_hit-frame>-1</Hsp_hit-frame>
      <Hsp_identity>236</Hsp_identity>
      <Hsp_positive>236</Hsp_positive>
      <Hsp_gaps>0</Hsp_gaps>
      <Hsp_align-len>279</Hsp_align-len>
      <Hsp_qseq>GACTACAAGGGTATCNAATCCTGTTNGCTCCCCACGCTTTCGCTCCTCAGCGTCAGTGACGGCCCAGAGACCTGCCNNCGCCATTGGTGTTCNNCCCGATATCTACACATTCCACCGTTACAACGGGAATTCCAGTCTCCCCTACCGCACTCCAGCCCCCCCGTTCCCGCCGCGCATCCACCGTTAAACGATGCCCTTTCCCCCCTGACTCCACTCACCCCCTCCGCTCCCCTTCCCCCCCATCCTTCCCGCTCATCCTTACCCCCCACCTTTTACCGC</Hsp_qseq>
      <Hsp_hseq>GACTACCAGGGTATCTAATCCTGTTCGCTCCCCACGCTTTCGCTCCTCAGCGTCAGTGACGGCCCAGAGACCTGCCTTCGCCATTGGTGTTCTTCCCGATATCTACACATTCCACCGTTACACCGGGAATTCCAGTCTCCCCTACCGCACTCAAGCCCGCCCGTACCCGGCGCGGATCCACCGTTAAGCGATGGACTTTCACACCGGACGCGACGAACCGCCTACGAGCCCTTTACGCCCAATAATTCCGGATAACGCTTGCACCCTACGTATTACCGC</Hsp_hseq>
      <Hsp_midline>|||||| |||||||| ||||||||| ||||||||||||||||||||||||||||||||||||||||||||||||||  ||||||||||||||  |||||||||||||||||||||||||||| ||||||||||||||||||||||||||||| ||||| ||||| |||| |||| |||||||||||| |||||  ||||| | || ||| | ||  ||| ||| ||  ||| || | ||| ||  |||| | | |  ||| | ||| || | |||||||</Hsp_midline>
    </Hsp>
  </Hit_hsps>
</Hit>
<Hit>
  <Hit_num>23</Hit_num>
  <Hit_id>gi|2308283195|gb|OP510064.1|</Hit_id>
  <Hit_def>Bifidobacterium adolescentis strain CLD22002 16S ribosomal RNA gene, partial sequence</Hit_def>
  <Hit_accession>OP510064</Hit_accession>
  <Hit_len>1393</Hit_len>
  <Hit_hsps>
    <Hsp>
      <Hsp_num>1</Hsp_num>
      <Hsp_bit-score>315.974</Hsp_bit-score>
      <Hsp_score>349</Hsp_score>
      <Hsp_evalue>3.03773e-81</Hsp_evalue>
      <Hsp_query-from>1</Hsp_query-from>
      <Hsp_query-to>279</Hsp_query-to>
      <Hsp_hit-from>721</Hsp_hit-from>
      <Hsp_hit-to>443</Hsp_hit-to>
      <Hsp_query-frame>1</Hsp_query-frame>
      <Hsp_hit-frame>-1</Hsp_hit-frame>
      <Hsp_identity>236</Hsp_identity>
      <Hsp_positive>236</Hsp_positive>
      <Hsp_gaps>0</Hsp_gaps>
      <Hsp_align-len>279</Hsp_align-len>
      <Hsp_qseq>GACTACAAGGGTATCNAATCCTGTTNGCTCCCCACGCTTTCGCTCCTCAGCGTCAGTGACGGCCCAGAGACCTGCCNNCGCCATTGGTGTTCNNCCCGATATCTACACATTCCACCGTTACAACGGGAATTCCAGTCTCCCCTACCGCACTCCAGCCCCCCCGTTCCCGCCGCGCATCCACCGTTAAACGATGCCCTTTCCCCCCTGACTCCACTCACCCCCTCCGCTCCCCTTCCCCCCCATCCTTCCCGCTCATCCTTACCCCCCACCTTTTACCGC</Hsp_qseq>
      <Hsp_hseq>GACTACCAGGGTATCTAATCCTGTTCGCTCCCCACGCTTTCGCTCCTCAGCGTCAGTGACGGCCCAGAGACCTGCCTTCGCCATTGGTGTTCTTCCCGATATCTACACATTCCACCGTTACACCGGGAATTCCAGTCTCCCCTACCGCACTCAAGCCCGCCCGTACCCGGCGCGGATCCACCGTTAAGCGATGGACTTTCACACCGGACGCGACGAACCGCCTACGAGCCCTTTACGCCCAATAATTCCGGATAACGCTTGCACCCTACGTATTACCGC</Hsp_hseq>
      <Hsp_midline>|||||| |||||||| ||||||||| ||||||||||||||||||||||||||||||||||||||||||||||||||  ||||||||||||||  |||||||||||||||||||||||||||| ||||||||||||||||||||||||||||| ||||| ||||| |||| |||| |||||||||||| |||||  ||||| | || ||| | ||  ||| ||| ||  ||| || | ||| ||  |||| | | |  ||| | ||| || | |||||||</Hsp_midline>
    </Hsp>
  </Hit_hsps>
</Hit>
<Hit>
  <Hit_num>24</Hit_num>
  <Hit_id>gi|2292649523|dbj|LC726256.1|</Hit_id>
  <Hit_def>Bifidobacterium adolescentis ShW6-4 gene for 16S ribosomal RNA, partial sequence</Hit_def>
  <Hit_accession>LC726256</Hit_accession>
  <Hit_len>1465</Hit_len>
  <Hit_hsps>
    <Hsp>
      <Hsp_num>1</Hsp_num>
      <Hsp_bit-score>315.974</Hsp_bit-score>
      <Hsp_score>349</Hsp_score>
      <Hsp_evalue>3.03773e-81</Hsp_evalue>
      <Hsp_query-from>1</Hsp_query-from>
      <Hsp_query-to>279</Hsp_query-to>
      <Hsp_hit-from>776</Hsp_hit-from>
      <Hsp_hit-to>498</Hsp_hit-to>
      <Hsp_query-frame>1</Hsp_query-frame>
      <Hsp_hit-frame>-1</Hsp_hit-frame>
      <Hsp_identity>236</Hsp_identity>
      <Hsp_positive>236</Hsp_positive>
      <Hsp_gaps>0</Hsp_gaps>
      <Hsp_align-len>279</Hsp_align-len>
      <Hsp_qseq>GACTACAAGGGTATCNAATCCTGTTNGCTCCCCACGCTTTCGCTCCTCAGCGTCAGTGACGGCCCAGAGACCTGCCNNCGCCATTGGTGTTCNNCCCGATATCTACACATTCCACCGTTACAACGGGAATTCCAGTCTCCCCTACCGCACTCCAGCCCCCCCGTTCCCGCCGCGCATCCACCGTTAAACGATGCCCTTTCCCCCCTGACTCCACTCACCCCCTCCGCTCCCCTTCCCCCCCATCCTTCCCGCTCATCCTTACCCCCCACCTTTTACCGC</Hsp_qseq>
      <Hsp_hseq>GACTACCAGGGTATCTAATCCTGTTCGCTCCCCACGCTTTCGCTCCTCAGCGTCAGTGACGGCCCAGAGACCTGCCTTCGCCATTGGTGTTCTTCCCGATATCTACACATTCCACCGTTACACCGGGAATTCCAGTCTCCCCTACCGCACTCAAGCCCGCCCGTACCCGGCGCGGATCCACCGTTAAGCGATGGACTTTCACACCGGACGCGACGAACCGCCTACGAGCCCTTTACGCCCAATAATTCCGGATAACGCTTGCACCCTACGTATTACCGC</Hsp_hseq>
      <Hsp_midline>|||||| |||||||| ||||||||| ||||||||||||||||||||||||||||||||||||||||||||||||||  ||||||||||||||  |||||||||||||||||||||||||||| ||||||||||||||||||||||||||||| ||||| ||||| |||| |||| |||||||||||| |||||  ||||| | || ||| | ||  ||| ||| ||  ||| || | ||| ||  |||| | | |  ||| | ||| || | |||||||</Hsp_midline>
    </Hsp>
  </Hit_hsps>
</Hit>
<Hit>
  <Hit_num>25</Hit_num>
  <Hit_id>gi|2292649522|dbj|LC726255.1|</Hit_id>
  <Hit_def>Bifidobacterium adolescentis SjH6-2 gene for 16S ribosomal RNA, partial sequence</Hit_def>
  <Hit_accession>LC726255</Hit_accession>
  <Hit_len>1450</Hit_len>
  <Hit_hsps>
    <Hsp>
      <Hsp_num>1</Hsp_num>
      <Hsp_bit-score>315.974</Hsp_bit-score>
      <Hsp_score>349</Hsp_score>
      <Hsp_evalue>3.03773e-81</Hsp_evalue>
      <Hsp_query-from>1</Hsp_query-from>
      <Hsp_query-to>279</Hsp_query-to>
      <Hsp_hit-from>764</Hsp_hit-from>
      <Hsp_hit-to>486</Hsp_hit-to>
      <Hsp_query-frame>1</Hsp_query-frame>
      <Hsp_hit-frame>-1</Hsp_hit-frame>
      <Hsp_identity>236</Hsp_identity>
      <Hsp_positive>236</Hsp_positive>
      <Hsp_gaps>0</Hsp_gaps>
      <Hsp_align-len>279</Hsp_align-len>
      <Hsp_qseq>GACTACAAGGGTATCNAATCCTGTTNGCTCCCCACGCTTTCGCTCCTCAGCGTCAGTGACGGCCCAGAGACCTGCCNNCGCCATTGGTGTTCNNCCCGATATCTACACATTCCACCGTTACAACGGGAATTCCAGTCTCCCCTACCGCACTCCAGCCCCCCCGTTCCCGCCGCGCATCCACCGTTAAACGATGCCCTTTCCCCCCTGACTCCACTCACCCCCTCCGCTCCCCTTCCCCCCCATCCTTCCCGCTCATCCTTACCCCCCACCTTTTACCGC</Hsp_qseq>
      <Hsp_hseq>GACTACCAGGGTATCTAATCCTGTTCGCTCCCCACGCTTTCGCTCCTCAGCGTCAGTGACGGCCCAGAGACCTGCCTTCGCCATTGGTGTTCTTCCCGATATCTACACATTCCACCGTTACACCGGGAATTCCAGTCTCCCCTACCGCACTCAAGCCCGCCCGTACCCGGCGCGGATCCACCGTTAAGCGATGGACTTTCACACCGGACGCGACGAACCGCCTACGAGCCCTTTACGCCCAATAATTCCGGATAACGCTTGCACCCTACGTATTACCGC</Hsp_hseq>
      <Hsp_midline>|||||| |||||||| ||||||||| ||||||||||||||||||||||||||||||||||||||||||||||||||  ||||||||||||||  |||||||||||||||||||||||||||| ||||||||||||||||||||||||||||| ||||| ||||| |||| |||| |||||||||||| |||||  ||||| | || ||| | ||  ||| ||| ||  ||| || | ||| ||  |||| | | |  ||| | ||| || | |||||||</Hsp_midline>
    </Hsp>
  </Hit_hsps>
</Hit>
<Hit>
  <Hit_num>26</Hit_num>
  <Hit_id>gi|2292649520|dbj|LC726253.1|</Hit_id>
  <Hit_def>Bifidobacterium adolescentis Sh4-6 gene for 16S ribosomal RNA, partial sequence</Hit_def>
  <Hit_accession>LC726253</Hit_accession>
  <Hit_len>1451</Hit_len>
  <Hit_hsps>
    <Hsp>
      <Hsp_num>1</Hsp_num>
      <Hsp_bit-score>315.974</Hsp_bit-score>
      <Hsp_score>349</Hsp_score>
      <Hsp_evalue>3.03773e-81</Hsp_evalue>
      <Hsp_query-from>1</Hsp_query-from>
      <Hsp_query-to>279</Hsp_query-to>
      <Hsp_hit-from>764</Hsp_hit-from>
      <Hsp_hit-to>486</Hsp_hit-to>
      <Hsp_query-frame>1</Hsp_query-frame>
      <Hsp_hit-frame>-1</Hsp_hit-frame>
      <Hsp_identity>236</Hsp_identity>
      <Hsp_positive>236</Hsp_positive>
      <Hsp_gaps>0</Hsp_gaps>
      <Hsp_align-len>279</Hsp_align-len>
      <Hsp_qseq>GACTACAAGGGTATCNAATCCTGTTNGCTCCCCACGCTTTCGCTCCTCAGCGTCAGTGACGGCCCAGAGACCTGCCNNCGCCATTGGTGTTCNNCCCGATATCTACACATTCCACCGTTACAACGGGAATTCCAGTCTCCCCTACCGCACTCCAGCCCCCCCGTTCCCGCCGCGCATCCACCGTTAAACGATGCCCTTTCCCCCCTGACTCCACTCACCCCCTCCGCTCCCCTTCCCCCCCATCCTTCCCGCTCATCCTTACCCCCCACCTTTTACCGC</Hsp_qseq>
      <Hsp_hseq>GACTACCAGGGTATCTAATCCTGTTCGCTCCCCACGCTTTCGCTCCTCAGCGTCAGTGACGGCCCAGAGACCTGCCTTCGCCATTGGTGTTCTTCCCGATATCTACACATTCCACCGTTACACCGGGAATTCCAGTCTCCCCTACCGCACTCAAGCCCGCCCGTACCCGGCGCGGATCCACCGTTAAGCGATGGACTTTCACACCGGACGCGACGAACCGCCTACGAGCCCTTTACGCCCAATAATTCCGGATAACGCTTGCACCCTACGTATTACCGC</Hsp_hseq>
      <Hsp_midline>|||||| |||||||| ||||||||| ||||||||||||||||||||||||||||||||||||||||||||||||||  ||||||||||||||  |||||||||||||||||||||||||||| ||||||||||||||||||||||||||||| ||||| ||||| |||| |||| |||||||||||| |||||  ||||| | || ||| | ||  ||| ||| ||  ||| || | ||| ||  |||| | | |  ||| | ||| || | |||||||</Hsp_midline>
    </Hsp>
  </Hit_hsps>
</Hit>
<Hit>
  <Hit_num>27</Hit_num>
  <Hit_id>gi|2292649517|dbj|LC726250.1|</Hit_id>
  <Hit_def>Bifidobacterium adolescentis C6-5 gene for 16S ribosomal RNA, partial sequence</Hit_def>
  <Hit_accession>LC726250</Hit_accession>
  <Hit_len>1472</Hit_len>
  <Hit_hsps>
    <Hsp>
      <Hsp_num>1</Hsp_num>
      <Hsp_bit-score>315.974</Hsp_bit-score>
      <Hsp_score>349</Hsp_score>
      <Hsp_evalue>3.03773e-81</Hsp_evalue>
      <Hsp_query-from>1</Hsp_query-from>
      <Hsp_query-to>279</Hsp_query-to>
      <Hsp_hit-from>776</Hsp_hit-from>
      <Hsp_hit-to>498</Hsp_hit-to>
      <Hsp_query-frame>1</Hsp_query-frame>
      <Hsp_hit-frame>-1</Hsp_hit-frame>
      <Hsp_identity>236</Hsp_identity>
      <Hsp_positive>236</Hsp_positive>
      <Hsp_gaps>0</Hsp_gaps>
      <Hsp_align-len>279</Hsp_align-len>
      <Hsp_qseq>GACTACAAGGGTATCNAATCCTGTTNGCTCCCCACGCTTTCGCTCCTCAGCGTCAGTGACGGCCCAGAGACCTGCCNNCGCCATTGGTGTTCNNCCCGATATCTACACATTCCACCGTTACAACGGGAATTCCAGTCTCCCCTACCGCACTCCAGCCCCCCCGTTCCCGCCGCGCATCCACCGTTAAACGATGCCCTTTCCCCCCTGACTCCACTCACCCCCTCCGCTCCCCTTCCCCCCCATCCTTCCCGCTCATCCTTACCCCCCACCTTTTACCGC</Hsp_qseq>
      <Hsp_hseq>GACTACCAGGGTATCTAATCCTGTTCGCTCCCCACGCTTTCGCTCCTCAGCGTCAGTGACGGCCCAGAGACCTGCCTTCGCCATTGGTGTTCTTCCCGATATCTACACATTCCACCGTTACACCGGGAATTCCAGTCTCCCCTACCGCACTCAAGCCCGCCCGTACCCGGCGCGGATCCACCGTTAAGCGATGGACTTTCACACCGGACGCGACGAACCGCCTACGAGCCCTTTACGCCCAATAATTCCGGATAACGCTTGCACCCTACGTATTACCGC</Hsp_hseq>
      <Hsp_midline>|||||| |||||||| ||||||||| ||||||||||||||||||||||||||||||||||||||||||||||||||  ||||||||||||||  |||||||||||||||||||||||||||| ||||||||||||||||||||||||||||| ||||| ||||| |||| |||| |||||||||||| |||||  ||||| | || ||| | ||  ||| ||| ||  ||| || | ||| ||  |||| | | |  ||| | ||| || | |||||||</Hsp_midline>
    </Hsp>
  </Hit_hsps>
</Hit>
<Hit>
  <Hit_num>28</Hit_num>
  <Hit_id>gi|2240214207|gb|CP097281.1|</Hit_id>
  <Hit_def>Bifidobacterium adolescentis strain NB2B-16-TSAB chromosome</Hit_def>
  <Hit_accession>CP097281</Hit_accession>
  <Hit_len>2492529</Hit_len>
  <Hit_hsps>
    <Hsp>
      <Hsp_num>1</Hsp_num>
      <Hsp_bit-score>315.974</Hsp_bit-score>
      <Hsp_score>349</Hsp_score>
      <Hsp_evalue>3.03773e-81</Hsp_evalue>
      <Hsp_query-from>1</Hsp_query-from>
      <Hsp_query-to>279</Hsp_query-to>
      <Hsp_hit-from>4436</Hsp_hit-from>
      <Hsp_hit-to>4714</Hsp_hit-to>
      <Hsp_query-frame>1</Hsp_query-frame>
      <Hsp_hit-frame>1</Hsp_hit-frame>
      <Hsp_identity>236</Hsp_identity>
      <Hsp_positive>236</Hsp_positive>
      <Hsp_gaps>0</Hsp_gaps>
      <Hsp_align-len>279</Hsp_align-len>
      <Hsp_qseq>GACTACAAGGGTATCNAATCCTGTTNGCTCCCCACGCTTTCGCTCCTCAGCGTCAGTGACGGCCCAGAGACCTGCCNNCGCCATTGGTGTTCNNCCCGATATCTACACATTCCACCGTTACAACGGGAATTCCAGTCTCCCCTACCGCACTCCAGCCCCCCCGTTCCCGCCGCGCATCCACCGTTAAACGATGCCCTTTCCCCCCTGACTCCACTCACCCCCTCCGCTCCCCTTCCCCCCCATCCTTCCCGCTCATCCTTACCCCCCACCTTTTACCGC</Hsp_qseq>
      <Hsp_hseq>GACTACCAGGGTATCTAATCCTGTTCGCTCCCCACGCTTTCGCTCCTCAGCGTCAGTGACGGCCCAGAGACCTGCCTTCGCCATTGGTGTTCTTCCCGATATCTACACATTCCACCGTTACACCGGGAATTCCAGTCTCCCCTACCGCACTCAAGCCCGCCCGTACCCGGCGCGGATCCACCGTTAAGCGATGGACTTTCACACCGGACGCGACGAACCGCCTACGAGCCCTTTACGCCCAATAATTCCGGATAACGCTTGCACCCTACGTATTACCGC</Hsp_hseq>
      <Hsp_midline>|||||| |||||||| ||||||||| ||||||||||||||||||||||||||||||||||||||||||||||||||  ||||||||||||||  |||||||||||||||||||||||||||| ||||||||||||||||||||||||||||| ||||| ||||| |||| |||| |||||||||||| |||||  ||||| | || ||| | ||  ||| ||| ||  ||| || | ||| ||  |||| | | |  ||| | ||| || | |||||||</Hsp_midline>
    </Hsp>
    <Hsp>
      <Hsp_num>2</Hsp_num>
      <Hsp_bit-score>315.974</Hsp_bit-score>
      <Hsp_score>349</Hsp_score>
      <Hsp_evalue>3.03773e-81</Hsp_evalue>
      <Hsp_query-from>1</Hsp_query-from>
      <Hsp_query-to>279</Hsp_query-to>
      <Hsp_hit-from>1511405</Hsp_hit-from>
      <Hsp_hit-to>1511683</Hsp_hit-to>
      <Hsp_query-frame>1</Hsp_query-frame>
      <Hsp_hit-frame>1</Hsp_hit-frame>
      <Hsp_identity>236</Hsp_identity>
      <Hsp_positive>236</Hsp_positive>
      <Hsp_gaps>0</Hsp_gaps>
      <Hsp_align-len>279</Hsp_align-len>
      <Hsp_qseq>GACTACAAGGGTATCNAATCCTGTTNGCTCCCCACGCTTTCGCTCCTCAGCGTCAGTGACGGCCCAGAGACCTGCCNNCGCCATTGGTGTTCNNCCCGATATCTACACATTCCACCGTTACAACGGGAATTCCAGTCTCCCCTACCGCACTCCAGCCCCCCCGTTCCCGCCGCGCATCCACCGTTAAACGATGCCCTTTCCCCCCTGACTCCACTCACCCCCTCCGCTCCCCTTCCCCCCCATCCTTCCCGCTCATCCTTACCCCCCACCTTTTACCGC</Hsp_qseq>
      <Hsp_hseq>GACTACCAGGGTATCTAATCCTGTTCGCTCCCCACGCTTTCGCTCCTCAGCGTCAGTGACGGCCCAGAGACCTGCCTTCGCCATTGGTGTTCTTCCCGATATCTACACATTCCACCGTTACACCGGGAATTCCAGTCTCCCCTACCGCACTCAAGCCCGCCCGTACCCGGCGCGGATCCACCGTTAAGCGATGGACTTTCACACCGGACGCGACGAACCGCCTACGAGCCCTTTACGCCCAATAATTCCGGATAACGCTTGCACCCTACGTATTACCGC</Hsp_hseq>
      <Hsp_midline>|||||| |||||||| ||||||||| ||||||||||||||||||||||||||||||||||||||||||||||||||  ||||||||||||||  |||||||||||||||||||||||||||| ||||||||||||||||||||||||||||| ||||| ||||| |||| |||| |||||||||||| |||||  ||||| | || ||| | ||  ||| ||| ||  ||| || | ||| ||  |||| | | |  ||| | ||| || | |||||||</Hsp_midline>
    </Hsp>
    <Hsp>
      <Hsp_num>3</Hsp_num>
      <Hsp_bit-score>315.974</Hsp_bit-score>
      <Hsp_score>349</Hsp_score>
      <Hsp_evalue>3.03773e-81</Hsp_evalue>
      <Hsp_query-from>1</Hsp_query-from>
      <Hsp_query-to>279</Hsp_query-to>
      <Hsp_hit-from>1997139</Hsp_hit-from>
      <Hsp_hit-to>1997417</Hsp_hit-to>
      <Hsp_query-frame>1</Hsp_query-frame>
      <Hsp_hit-frame>1</Hsp_hit-frame>
      <Hsp_identity>236</Hsp_identity>
      <Hsp_positive>236</Hsp_positive>
      <Hsp_gaps>0</Hsp_gaps>
      <Hsp_align-len>279</Hsp_align-len>
      <Hsp_qseq>GACTACAAGGGTATCNAATCCTGTTNGCTCCCCACGCTTTCGCTCCTCAGCGTCAGTGACGGCCCAGAGACCTGCCNNCGCCATTGGTGTTCNNCCCGATATCTACACATTCCACCGTTACAACGGGAATTCCAGTCTCCCCTACCGCACTCCAGCCCCCCCGTTCCCGCCGCGCATCCACCGTTAAACGATGCCCTTTCCCCCCTGACTCCACTCACCCCCTCCGCTCCCCTTCCCCCCCATCCTTCCCGCTCATCCTTACCCCCCACCTTTTACCGC</Hsp_qseq>
      <Hsp_hseq>GACTACCAGGGTATCTAATCCTGTTCGCTCCCCACGCTTTCGCTCCTCAGCGTCAGTGACGGCCCAGAGACCTGCCTTCGCCATTGGTGTTCTTCCCGATATCTACACATTCCACCGTTACACCGGGAATTCCAGTCTCCCCTACCGCACTCAAGCCCGCCCGTACCCGGCGCGGATCCACCGTTAAGCGATGGACTTTCACACCGGACGCGACGAACCGCCTACGAGCCCTTTACGCCCAATAATTCCGGATAACGCTTGCACCCTACGTATTACCGC</Hsp_hseq>
      <Hsp_midline>|||||| |||||||| ||||||||| ||||||||||||||||||||||||||||||||||||||||||||||||||  ||||||||||||||  |||||||||||||||||||||||||||| ||||||||||||||||||||||||||||| ||||| ||||| |||| |||| |||||||||||| |||||  ||||| | || ||| | ||  ||| ||| ||  ||| || | ||| ||  |||| | | |  ||| | ||| || | |||||||</Hsp_midline>
    </Hsp>
    <Hsp>
      <Hsp_num>4</Hsp_num>
      <Hsp_bit-score>315.974</Hsp_bit-score>
      <Hsp_score>349</Hsp_score>
      <Hsp_evalue>3.03773e-81</Hsp_evalue>
      <Hsp_query-from>1</Hsp_query-from>
      <Hsp_query-to>279</Hsp_query-to>
      <Hsp_hit-from>2324123</Hsp_hit-from>
      <Hsp_hit-to>2324401</Hsp_hit-to>
      <Hsp_query-frame>1</Hsp_query-frame>
      <Hsp_hit-frame>1</Hsp_hit-frame>
      <Hsp_identity>236</Hsp_identity>
      <Hsp_positive>236</Hsp_positive>
      <Hsp_gaps>0</Hsp_gaps>
      <Hsp_align-len>279</Hsp_align-len>
      <Hsp_qseq>GACTACAAGGGTATCNAATCCTGTTNGCTCCCCACGCTTTCGCTCCTCAGCGTCAGTGACGGCCCAGAGACCTGCCNNCGCCATTGGTGTTCNNCCCGATATCTACACATTCCACCGTTACAACGGGAATTCCAGTCTCCCCTACCGCACTCCAGCCCCCCCGTTCCCGCCGCGCATCCACCGTTAAACGATGCCCTTTCCCCCCTGACTCCACTCACCCCCTCCGCTCCCCTTCCCCCCCATCCTTCCCGCTCATCCTTACCCCCCACCTTTTACCGC</Hsp_qseq>
      <Hsp_hseq>GACTACCAGGGTATCTAATCCTGTTCGCTCCCCACGCTTTCGCTCCTCAGCGTCAGTGACGGCCCAGAGACCTGCCTTCGCCATTGGTGTTCTTCCCGATATCTACACATTCCACCGTTACACCGGGAATTCCAGTCTCCCCTACCGCACTCAAGCCCGCCCGTACCCGGCGCGGATCCACCGTTAAGCGATGGACTTTCACACCGGACGCGACGAACCGCCTACGAGCCCTTTACGCCCAATAATTCCGGATAACGCTTGCACCCTACGTATTACCGC</Hsp_hseq>
      <Hsp_midline>|||||| |||||||| ||||||||| ||||||||||||||||||||||||||||||||||||||||||||||||||  ||||||||||||||  |||||||||||||||||||||||||||| ||||||||||||||||||||||||||||| ||||| ||||| |||| |||| |||||||||||| |||||  ||||| | || ||| | ||  ||| ||| ||  ||| || | ||| ||  |||| | | |  ||| | ||| || | |||||||</Hsp_midline>
    </Hsp>
    <Hsp>
      <Hsp_num>5</Hsp_num>
      <Hsp_bit-score>315.974</Hsp_bit-score>
      <Hsp_score>349</Hsp_score>
      <Hsp_evalue>3.03773e-81</Hsp_evalue>
      <Hsp_query-from>1</Hsp_query-from>
      <Hsp_query-to>279</Hsp_query-to>
      <Hsp_hit-from>2415579</Hsp_hit-from>
      <Hsp_hit-to>2415857</Hsp_hit-to>
      <Hsp_query-frame>1</Hsp_query-frame>
      <Hsp_hit-frame>1</Hsp_hit-frame>
      <Hsp_identity>236</Hsp_identity>
      <Hsp_positive>236</Hsp_positive>
      <Hsp_gaps>0</Hsp_gaps>
      <Hsp_align-len>279</Hsp_align-len>
      <Hsp_qseq>GACTACAAGGGTATCNAATCCTGTTNGCTCCCCACGCTTTCGCTCCTCAGCGTCAGTGACGGCCCAGAGACCTGCCNNCGCCATTGGTGTTCNNCCCGATATCTACACATTCCACCGTTACAACGGGAATTCCAGTCTCCCCTACCGCACTCCAGCCCCCCCGTTCCCGCCGCGCATCCACCGTTAAACGATGCCCTTTCCCCCCTGACTCCACTCACCCCCTCCGCTCCCCTTCCCCCCCATCCTTCCCGCTCATCCTTACCCCCCACCTTTTACCGC</Hsp_qseq>
      <Hsp_hseq>GACTACCAGGGTATCTAATCCTGTTCGCTCCCCACGCTTTCGCTCCTCAGCGTCAGTGACGGCCCAGAGACCTGCCTTCGCCATTGGTGTTCTTCCCGATATCTACACATTCCACCGTTACACCGGGAATTCCAGTCTCCCCTACCGCACTCAAGCCCGCCCGTACCCGGCGCGGATCCACCGTTAAGCGATGGACTTTCACACCGGACGCGACGAACCGCCTACGAGCCCTTTACGCCCAATAATTCCGGATAACGCTTGCACCCTACGTATTACCGC</Hsp_hseq>
      <Hsp_midline>|||||| |||||||| ||||||||| ||||||||||||||||||||||||||||||||||||||||||||||||||  ||||||||||||||  |||||||||||||||||||||||||||| ||||||||||||||||||||||||||||| ||||| ||||| |||| |||| |||||||||||| |||||  ||||| | || ||| | ||  ||| ||| ||  ||| || | ||| ||  |||| | | |  ||| | ||| || | |||||||</Hsp_midline>
    </Hsp>
  </Hit_hsps>
</Hit>
<Hit>
  <Hit_num>29</Hit_num>
  <Hit_id>gi|2214409043|gb|OK325779.2|</Hit_id>
  <Hit_def>Bifidobacterium sp. strain B2-Q-108 16S ribosomal RNA gene, partial sequence</Hit_def>
  <Hit_accession>OK325779</Hit_accession>
  <Hit_len>1419</Hit_len>
  <Hit_hsps>
    <Hsp>
      <Hsp_num>1</Hsp_num>
      <Hsp_bit-score>315.974</Hsp_bit-score>
      <Hsp_score>349</Hsp_score>
      <Hsp_evalue>3.03773e-81</Hsp_evalue>
      <Hsp_query-from>1</Hsp_query-from>
      <Hsp_query-to>279</Hsp_query-to>
      <Hsp_hit-from>764</Hsp_hit-from>
      <Hsp_hit-to>486</Hsp_hit-to>
      <Hsp_query-frame>1</Hsp_query-frame>
      <Hsp_hit-frame>-1</Hsp_hit-frame>
      <Hsp_identity>236</Hsp_identity>
      <Hsp_positive>236</Hsp_positive>
      <Hsp_gaps>0</Hsp_gaps>
      <Hsp_align-len>279</Hsp_align-len>
      <Hsp_qseq>GACTACAAGGGTATCNAATCCTGTTNGCTCCCCACGCTTTCGCTCCTCAGCGTCAGTGACGGCCCAGAGACCTGCCNNCGCCATTGGTGTTCNNCCCGATATCTACACATTCCACCGTTACAACGGGAATTCCAGTCTCCCCTACCGCACTCCAGCCCCCCCGTTCCCGCCGCGCATCCACCGTTAAACGATGCCCTTTCCCCCCTGACTCCACTCACCCCCTCCGCTCCCCTTCCCCCCCATCCTTCCCGCTCATCCTTACCCCCCACCTTTTACCGC</Hsp_qseq>
      <Hsp_hseq>GACTACCAGGGTATCTAATCCTGTTCGCTCCCCACGCTTTCGCTCCTCAGCGTCAGTGACGGCCCAGAGACCTGCCTTCGCCATTGGTGTTCTTCCCGATATCTACACATTCCACCGTTACACCGGGAATTCCAGTCTCCCCTACCGCACTCAAGCCCGCCCGTACCCGGCGCGGATCCACCGTTAAGCGATGGACTTTCACACCGGACGCGACGAACCGCCTACGAGCCCTTTACGCCCAATAATTCCGGATAACGCTTGCACCCTACGTATTACCGC</Hsp_hseq>
      <Hsp_midline>|||||| |||||||| ||||||||| ||||||||||||||||||||||||||||||||||||||||||||||||||  ||||||||||||||  |||||||||||||||||||||||||||| ||||||||||||||||||||||||||||| ||||| ||||| |||| |||| |||||||||||| |||||  ||||| | || ||| | ||  ||| ||| ||  ||| || | ||| ||  |||| | | |  ||| | ||| || | |||||||</Hsp_midline>
    </Hsp>
  </Hit_hsps>
</Hit>
<Hit>
  <Hit_num>30</Hit_num>
  <Hit_id>gi|2164570265|gb|OL826857.1|</Hit_id>
  <Hit_def>Bifidobacterium adolescentis strain CLA-AA-H280 16S ribosomal RNA gene, partial sequence</Hit_def>
  <Hit_accession>OL826857</Hit_accession>
  <Hit_len>1473</Hit_len>
  <Hit_hsps>
    <Hsp>
      <Hsp_num>1</Hsp_num>
      <Hsp_bit-score>315.974</Hsp_bit-score>
      <Hsp_score>349</Hsp_score>
      <Hsp_evalue>3.03773e-81</Hsp_evalue>
      <Hsp_query-from>1</Hsp_query-from>
      <Hsp_query-to>279</Hsp_query-to>
      <Hsp_hit-from>777</Hsp_hit-from>
      <Hsp_hit-to>499</Hsp_hit-to>
      <Hsp_query-frame>1</Hsp_query-frame>
      <Hsp_hit-frame>-1</Hsp_hit-frame>
      <Hsp_identity>236</Hsp_identity>
      <Hsp_positive>236</Hsp_positive>
      <Hsp_gaps>0</Hsp_gaps>
      <Hsp_align-len>279</Hsp_align-len>
      <Hsp_qseq>GACTACAAGGGTATCNAATCCTGTTNGCTCCCCACGCTTTCGCTCCTCAGCGTCAGTGACGGCCCAGAGACCTGCCNNCGCCATTGGTGTTCNNCCCGATATCTACACATTCCACCGTTACAACGGGAATTCCAGTCTCCCCTACCGCACTCCAGCCCCCCCGTTCCCGCCGCGCATCCACCGTTAAACGATGCCCTTTCCCCCCTGACTCCACTCACCCCCTCCGCTCCCCTTCCCCCCCATCCTTCCCGCTCATCCTTACCCCCCACCTTTTACCGC</Hsp_qseq>
      <Hsp_hseq>GACTACCAGGGTATCTAATCCTGTTCGCTCCCCACGCTTTCGCTCCTCAGCGTCAGTGACGGCCCAGAGACCTGCCTTCGCCATTGGTGTTCTTCCCGATATCTACACATTCCACCGTTACACCGGGAATTCCAGTCTCCCCTACCGCACTCAAGCCCGCCCGTACCCGGCGCGGATCCACCGTTAAGCGATGGACTTTCACACCGGACGCGACGAACCGCCTACGAGCCCTTTACGCCCAATAATTCCGGATAACGCTTGCACCCTACGTATTACCGC</Hsp_hseq>
      <Hsp_midline>|||||| |||||||| ||||||||| ||||||||||||||||||||||||||||||||||||||||||||||||||  ||||||||||||||  |||||||||||||||||||||||||||| ||||||||||||||||||||||||||||| ||||| ||||| |||| |||| |||||||||||| |||||  ||||| | || ||| | ||  ||| ||| ||  ||| || | ||| ||  |||| | | |  ||| | ||| || | |||||||</Hsp_midline>
    </Hsp>
  </Hit_hsps>
</Hit>
<Hit>
  <Hit_num>31</Hit_num>
  <Hit_id>gi|2123958143|dbj|LC655223.1|</Hit_id>
  <Hit_def>Bifidobacterium adolescentis HWB3 gene for 16S rRNA, partial sequence</Hit_def>
  <Hit_accession>LC655223</Hit_accession>
  <Hit_len>1263</Hit_len>
  <Hit_hsps>
    <Hsp>
      <Hsp_num>1</Hsp_num>
      <Hsp_bit-score>315.974</Hsp_bit-score>
      <Hsp_score>349</Hsp_score>
      <Hsp_evalue>3.03773e-81</Hsp_evalue>
      <Hsp_query-from>1</Hsp_query-from>
      <Hsp_query-to>279</Hsp_query-to>
      <Hsp_hit-from>653</Hsp_hit-from>
      <Hsp_hit-to>375</Hsp_hit-to>
      <Hsp_query-frame>1</Hsp_query-frame>
      <Hsp_hit-frame>-1</Hsp_hit-frame>
      <Hsp_identity>236</Hsp_identity>
      <Hsp_positive>236</Hsp_positive>
      <Hsp_gaps>0</Hsp_gaps>
      <Hsp_align-len>279</Hsp_align-len>
      <Hsp_qseq>GACTACAAGGGTATCNAATCCTGTTNGCTCCCCACGCTTTCGCTCCTCAGCGTCAGTGACGGCCCAGAGACCTGCCNNCGCCATTGGTGTTCNNCCCGATATCTACACATTCCACCGTTACAACGGGAATTCCAGTCTCCCCTACCGCACTCCAGCCCCCCCGTTCCCGCCGCGCATCCACCGTTAAACGATGCCCTTTCCCCCCTGACTCCACTCACCCCCTCCGCTCCCCTTCCCCCCCATCCTTCCCGCTCATCCTTACCCCCCACCTTTTACCGC</Hsp_qseq>
      <Hsp_hseq>GACTACCAGGGTATCTAATCCTGTTCGCTCCCCACGCTTTCGCTCCTCAGCGTCAGTGACGGCCCAGAGACCTGCCTTCGCCATTGGTGTTCTTCCCGATATCTACACATTCCACCGTTACACCGGGAATTCCAGTCTCCCCTACCGCACTCAAGCCCGCCCGTACCCGGCGCGGATCCACCGTTAAGCGATGGACTTTCACACCGGACGCGACGAACCGCCTACGAGCCCTTTACGCCCAATAATTCCGGATAACGCTTGCACCCTACGTATTACCGC</Hsp_hseq>
      <Hsp_midline>|||||| |||||||| ||||||||| ||||||||||||||||||||||||||||||||||||||||||||||||||  ||||||||||||||  |||||||||||||||||||||||||||| ||||||||||||||||||||||||||||| ||||| ||||| |||| |||| |||||||||||| |||||  ||||| | || ||| | ||  ||| ||| ||  ||| || | ||| ||  |||| | | |  ||| | ||| || | |||||||</Hsp_midline>
    </Hsp>
  </Hit_hsps>
</Hit>
<Hit>
  <Hit_num>32</Hit_num>
  <Hit_id>gi|2116593582|gb|OK510286.1|</Hit_id>
  <Hit_def>Bifidobacterium sp. strain H4-GB5-C6 16S ribosomal RNA gene, partial sequence</Hit_def>
  <Hit_accession>OK510286</Hit_accession>
  <Hit_len>1464</Hit_len>
  <Hit_hsps>
    <Hsp>
      <Hsp_num>1</Hsp_num>
      <Hsp_bit-score>315.974</Hsp_bit-score>
      <Hsp_score>349</Hsp_score>
      <Hsp_evalue>3.03773e-81</Hsp_evalue>
      <Hsp_query-from>1</Hsp_query-from>
      <Hsp_query-to>279</Hsp_query-to>
      <Hsp_hit-from>768</Hsp_hit-from>
      <Hsp_hit-to>490</Hsp_hit-to>
      <Hsp_query-frame>1</Hsp_query-frame>
      <Hsp_hit-frame>-1</Hsp_hit-frame>
      <Hsp_identity>236</Hsp_identity>
      <Hsp_positive>236</Hsp_positive>
      <Hsp_gaps>0</Hsp_gaps>
      <Hsp_align-len>279</Hsp_align-len>
      <Hsp_qseq>GACTACAAGGGTATCNAATCCTGTTNGCTCCCCACGCTTTCGCTCCTCAGCGTCAGTGACGGCCCAGAGACCTGCCNNCGCCATTGGTGTTCNNCCCGATATCTACACATTCCACCGTTACAACGGGAATTCCAGTCTCCCCTACCGCACTCCAGCCCCCCCGTTCCCGCCGCGCATCCACCGTTAAACGATGCCCTTTCCCCCCTGACTCCACTCACCCCCTCCGCTCCCCTTCCCCCCCATCCTTCCCGCTCATCCTTACCCCCCACCTTTTACCGC</Hsp_qseq>
      <Hsp_hseq>GACTACCAGGGTATCTAATCCTGTTCGCTCCCCACGCTTTCGCTCCTCAGCGTCAGTGACGGCCCAGAGACCTGCCTTCGCCATTGGTGTTCTTCCCGATATCTACACATTCCACCGTTACACCGGGAATTCCAGTCTCCCCTACCGCACTCAAGCCCGCCCGTACCCGGCGCGGATCCACCGTTAAGCGATGGACTTTCACACCGGACGCGACGAACCGCCTACGAGCCCTTTACGCCCAATAATTCCGGATAACGCTTGCACCCTACGTATTACCGC</Hsp_hseq>
      <Hsp_midline>|||||| |||||||| ||||||||| ||||||||||||||||||||||||||||||||||||||||||||||||||  ||||||||||||||  |||||||||||||||||||||||||||| ||||||||||||||||||||||||||||| ||||| ||||| |||| |||| |||||||||||| |||||  ||||| | || ||| | ||  ||| ||| ||  ||| || | ||| ||  |||| | | |  ||| | ||| || | |||||||</Hsp_midline>
    </Hsp>
  </Hit_hsps>
</Hit>
<Hit>
  <Hit_num>33</Hit_num>
  <Hit_id>gi|2103567520|gb|OK326187.1|</Hit_id>
  <Hit_def>Bifidobacterium sp. strain M3-G-107 16S ribosomal RNA gene, partial sequence</Hit_def>
  <Hit_accession>OK326187</Hit_accession>
  <Hit_len>1474</Hit_len>
  <Hit_hsps>
    <Hsp>
      <Hsp_num>1</Hsp_num>
      <Hsp_bit-score>315.974</Hsp_bit-score>
      <Hsp_score>349</Hsp_score>
      <Hsp_evalue>3.03773e-81</Hsp_evalue>
      <Hsp_query-from>1</Hsp_query-from>
      <Hsp_query-to>279</Hsp_query-to>
      <Hsp_hit-from>762</Hsp_hit-from>
      <Hsp_hit-to>484</Hsp_hit-to>
      <Hsp_query-frame>1</Hsp_query-frame>
      <Hsp_hit-frame>-1</Hsp_hit-frame>
      <Hsp_identity>236</Hsp_identity>
      <Hsp_positive>236</Hsp_positive>
      <Hsp_gaps>0</Hsp_gaps>
      <Hsp_align-len>279</Hsp_align-len>
      <Hsp_qseq>GACTACAAGGGTATCNAATCCTGTTNGCTCCCCACGCTTTCGCTCCTCAGCGTCAGTGACGGCCCAGAGACCTGCCNNCGCCATTGGTGTTCNNCCCGATATCTACACATTCCACCGTTACAACGGGAATTCCAGTCTCCCCTACCGCACTCCAGCCCCCCCGTTCCCGCCGCGCATCCACCGTTAAACGATGCCCTTTCCCCCCTGACTCCACTCACCCCCTCCGCTCCCCTTCCCCCCCATCCTTCCCGCTCATCCTTACCCCCCACCTTTTACCGC</Hsp_qseq>
      <Hsp_hseq>GACTACCAGGGTATCTAATCCTGTTCGCTCCCCACGCTTTCGCTCCTCAGCGTCAGTGACGGCCCAGAGACCTGCCTTCGCCATTGGTGTTCTTCCCGATATCTACACATTCCACCGTTACACCGGGAATTCCAGTCTCCCCTACCGCACTCAAGCCCGCCCGTACCCGGCGCGGATCCACCGTTAAGCGATGGACTTTCACACCGGACGCGACGAACCGCCTACGAGCCCTTTACGCCCAATAATTCCGGATAACGCTTGCACCCTACGTATTACCGC</Hsp_hseq>
      <Hsp_midline>|||||| |||||||| ||||||||| ||||||||||||||||||||||||||||||||||||||||||||||||||  ||||||||||||||  |||||||||||||||||||||||||||| ||||||||||||||||||||||||||||| ||||| ||||| |||| |||| |||||||||||| |||||  ||||| | || ||| | ||  ||| ||| ||  ||| || | ||| ||  |||| | | |  ||| | ||| || | |||||||</Hsp_midline>
    </Hsp>
  </Hit_hsps>
</Hit>
<Hit>
  <Hit_num>34</Hit_num>
  <Hit_id>gi|2103567464|gb|OK326131.1|</Hit_id>
  <Hit_def>Bifidobacterium sp. strain C2-R-100 16S ribosomal RNA gene, partial sequence</Hit_def>
  <Hit_accession>OK326131</Hit_accession>
  <Hit_len>1483</Hit_len>
  <Hit_hsps>
    <Hsp>
      <Hsp_num>1</Hsp_num>
      <Hsp_bit-score>315.974</Hsp_bit-score>
      <Hsp_score>349</Hsp_score>
      <Hsp_evalue>3.03773e-81</Hsp_evalue>
      <Hsp_query-from>1</Hsp_query-from>
      <Hsp_query-to>279</Hsp_query-to>
      <Hsp_hit-from>781</Hsp_hit-from>
      <Hsp_hit-to>503</Hsp_hit-to>
      <Hsp_query-frame>1</Hsp_query-frame>
      <Hsp_hit-frame>-1</Hsp_hit-frame>
      <Hsp_identity>236</Hsp_identity>
      <Hsp_positive>236</Hsp_positive>
      <Hsp_gaps>0</Hsp_gaps>
      <Hsp_align-len>279</Hsp_align-len>
      <Hsp_qseq>GACTACAAGGGTATCNAATCCTGTTNGCTCCCCACGCTTTCGCTCCTCAGCGTCAGTGACGGCCCAGAGACCTGCCNNCGCCATTGGTGTTCNNCCCGATATCTACACATTCCACCGTTACAACGGGAATTCCAGTCTCCCCTACCGCACTCCAGCCCCCCCGTTCCCGCCGCGCATCCACCGTTAAACGATGCCCTTTCCCCCCTGACTCCACTCACCCCCTCCGCTCCCCTTCCCCCCCATCCTTCCCGCTCATCCTTACCCCCCACCTTTTACCGC</Hsp_qseq>
      <Hsp_hseq>GACTACCAGGGTATCTAATCCTGTTCGCTCCCCACGCTTTCGCTCCTCAGCGTCAGTGACGGCCCAGAGACCTGCCTTCGCCATTGGTGTTCTTCCCGATATCTACACATTCCACCGTTACACCGGGAATTCCAGTCTCCCCTACCGCACTCAAGCCCGCCCGTACCCGGCGCGGATCCACCGTTAAGCGATGGACTTTCACACCGGACGCGACGAACCGCCTACGAGCCCTTTACGCCCAATAATTCCGGATAACGCTTGCACCCTACGTATTACCGC</Hsp_hseq>
      <Hsp_midline>|||||| |||||||| ||||||||| ||||||||||||||||||||||||||||||||||||||||||||||||||  ||||||||||||||  |||||||||||||||||||||||||||| ||||||||||||||||||||||||||||| ||||| ||||| |||| |||| |||||||||||| |||||  ||||| | || ||| | ||  ||| ||| ||  ||| || | ||| ||  |||| | | |  ||| | ||| || | |||||||</Hsp_midline>
    </Hsp>
  </Hit_hsps>
</Hit>
<Hit>
  <Hit_num>35</Hit_num>
  <Hit_id>gi|2103567408|gb|OK326075.1|</Hit_id>
  <Hit_def>Bifidobacterium sp. strain BL-R-118 16S ribosomal RNA gene, partial sequence</Hit_def>
  <Hit_accession>OK326075</Hit_accession>
  <Hit_len>1484</Hit_len>
  <Hit_hsps>
    <Hsp>
      <Hsp_num>1</Hsp_num>
      <Hsp_bit-score>315.974</Hsp_bit-score>
      <Hsp_score>349</Hsp_score>
      <Hsp_evalue>3.03773e-81</Hsp_evalue>
      <Hsp_query-from>1</Hsp_query-from>
      <Hsp_query-to>279</Hsp_query-to>
      <Hsp_hit-from>772</Hsp_hit-from>
      <Hsp_hit-to>494</Hsp_hit-to>
      <Hsp_query-frame>1</Hsp_query-frame>
      <Hsp_hit-frame>-1</Hsp_hit-frame>
      <Hsp_identity>236</Hsp_identity>
      <Hsp_positive>236</Hsp_positive>
      <Hsp_gaps>0</Hsp_gaps>
      <Hsp_align-len>279</Hsp_align-len>
      <Hsp_qseq>GACTACAAGGGTATCNAATCCTGTTNGCTCCCCACGCTTTCGCTCCTCAGCGTCAGTGACGGCCCAGAGACCTGCCNNCGCCATTGGTGTTCNNCCCGATATCTACACATTCCACCGTTACAACGGGAATTCCAGTCTCCCCTACCGCACTCCAGCCCCCCCGTTCCCGCCGCGCATCCACCGTTAAACGATGCCCTTTCCCCCCTGACTCCACTCACCCCCTCCGCTCCCCTTCCCCCCCATCCTTCCCGCTCATCCTTACCCCCCACCTTTTACCGC</Hsp_qseq>
      <Hsp_hseq>GACTACCAGGGTATCTAATCCTGTTCGCTCCCCACGCTTTCGCTCCTCAGCGTCAGTGACGGCCCAGAGACCTGCCTTCGCCATTGGTGTTCTTCCCGATATCTACACATTCCACCGTTACACCGGGAATTCCAGTCTCCCCTACCGCACTCAAGCCCGCCCGTACCCGGCGCGGATCCACCGTTAAGCGATGGACTTTCACACCGGACGCGACGAACCGCCTACGAGCCCTTTACGCCCAATAATTCCGGATAACGCTTGCACCCTACGTATTACCGC</Hsp_hseq>
      <Hsp_midline>|||||| |||||||| ||||||||| ||||||||||||||||||||||||||||||||||||||||||||||||||  ||||||||||||||  |||||||||||||||||||||||||||| ||||||||||||||||||||||||||||| ||||| ||||| |||| |||| |||||||||||| |||||  ||||| | || ||| | ||  ||| ||| ||  ||| || | ||| ||  |||| | | |  ||| | ||| || | |||||||</Hsp_midline>
    </Hsp>
  </Hit_hsps>
</Hit>
<Hit>
  <Hit_num>36</Hit_num>
  <Hit_id>gi|2103567399|gb|OK326066.1|</Hit_id>
  <Hit_def>Bifidobacterium sp. strain BL-R-102 16S ribosomal RNA gene, partial sequence</Hit_def>
  <Hit_accession>OK326066</Hit_accession>
  <Hit_len>1465</Hit_len>
  <Hit_hsps>
    <Hsp>
      <Hsp_num>1</Hsp_num>
      <Hsp_bit-score>315.974</Hsp_bit-score>
      <Hsp_score>349</Hsp_score>
      <Hsp_evalue>3.03773e-81</Hsp_evalue>
      <Hsp_query-from>1</Hsp_query-from>
      <Hsp_query-to>279</Hsp_query-to>
      <Hsp_hit-from>768</Hsp_hit-from>
      <Hsp_hit-to>490</Hsp_hit-to>
      <Hsp_query-frame>1</Hsp_query-frame>
      <Hsp_hit-frame>-1</Hsp_hit-frame>
      <Hsp_identity>236</Hsp_identity>
      <Hsp_positive>236</Hsp_positive>
      <Hsp_gaps>0</Hsp_gaps>
      <Hsp_align-len>279</Hsp_align-len>
      <Hsp_qseq>GACTACAAGGGTATCNAATCCTGTTNGCTCCCCACGCTTTCGCTCCTCAGCGTCAGTGACGGCCCAGAGACCTGCCNNCGCCATTGGTGTTCNNCCCGATATCTACACATTCCACCGTTACAACGGGAATTCCAGTCTCCCCTACCGCACTCCAGCCCCCCCGTTCCCGCCGCGCATCCACCGTTAAACGATGCCCTTTCCCCCCTGACTCCACTCACCCCCTCCGCTCCCCTTCCCCCCCATCCTTCCCGCTCATCCTTACCCCCCACCTTTTACCGC</Hsp_qseq>
      <Hsp_hseq>GACTACCAGGGTATCTAATCCTGTTCGCTCCCCACGCTTTCGCTCCTCAGCGTCAGTGACGGCCCAGAGACCTGCCTTCGCCATTGGTGTTCTTCCCGATATCTACACATTCCACCGTTACACCGGGAATTCCAGTCTCCCCTACCGCACTCAAGCCCGCCCGTACCCGGCGCGGATCCACCGTTAAGCGATGGACTTTCACACCGGACGCGACGAACCGCCTACGAGCCCTTTACGCCCAATAATTCCGGATAACGCTTGCACCCTACGTATTACCGC</Hsp_hseq>
      <Hsp_midline>|||||| |||||||| ||||||||| ||||||||||||||||||||||||||||||||||||||||||||||||||  ||||||||||||||  |||||||||||||||||||||||||||| ||||||||||||||||||||||||||||| ||||| ||||| |||| |||| |||||||||||| |||||  ||||| | || ||| | ||  ||| ||| ||  ||| || | ||| ||  |||| | | |  ||| | ||| || | |||||||</Hsp_midline>
    </Hsp>
  </Hit_hsps>
</Hit>
<Hit>
  <Hit_num>37</Hit_num>
  <Hit_id>gi|2103567368|gb|OK326035.1|</Hit_id>
  <Hit_def>Bifidobacterium sp. strain BG-T-102 16S ribosomal RNA gene, partial sequence</Hit_def>
  <Hit_accession>OK326035</Hit_accession>
  <Hit_len>1467</Hit_len>
  <Hit_hsps>
    <Hsp>
      <Hsp_num>1</Hsp_num>
      <Hsp_bit-score>315.974</Hsp_bit-score>
      <Hsp_score>349</Hsp_score>
      <Hsp_evalue>3.03773e-81</Hsp_evalue>
      <Hsp_query-from>1</Hsp_query-from>
      <Hsp_query-to>279</Hsp_query-to>
      <Hsp_hit-from>767</Hsp_hit-from>
      <Hsp_hit-to>489</Hsp_hit-to>
      <Hsp_query-frame>1</Hsp_query-frame>
      <Hsp_hit-frame>-1</Hsp_hit-frame>
      <Hsp_identity>236</Hsp_identity>
      <Hsp_positive>236</Hsp_positive>
      <Hsp_gaps>0</Hsp_gaps>
      <Hsp_align-len>279</Hsp_align-len>
      <Hsp_qseq>GACTACAAGGGTATCNAATCCTGTTNGCTCCCCACGCTTTCGCTCCTCAGCGTCAGTGACGGCCCAGAGACCTGCCNNCGCCATTGGTGTTCNNCCCGATATCTACACATTCCACCGTTACAACGGGAATTCCAGTCTCCCCTACCGCACTCCAGCCCCCCCGTTCCCGCCGCGCATCCACCGTTAAACGATGCCCTTTCCCCCCTGACTCCACTCACCCCCTCCGCTCCCCTTCCCCCCCATCCTTCCCGCTCATCCTTACCCCCCACCTTTTACCGC</Hsp_qseq>
      <Hsp_hseq>GACTACCAGGGTATCTAATCCTGTTCGCTCCCCACGCTTTCGCTCCTCAGCGTCAGTGACGGCCCAGAGACCTGCCTTCGCCATTGGTGTTCTTCCCGATATCTACACATTCCACCGTTACACCGGGAATTCCAGTCTCCCCTACCGCACTCAAGCCCGCCCGTACCCGGCGCGGATCCACCGTTAAGCGATGGACTTTCACACCGGACGCGACGAACCGCCTACGAGCCCTTTACGCCCAATAATTCCGGATAACGCTTGCACCCTACGTATTACCGC</Hsp_hseq>
      <Hsp_midline>|||||| |||||||| ||||||||| ||||||||||||||||||||||||||||||||||||||||||||||||||  ||||||||||||||  |||||||||||||||||||||||||||| ||||||||||||||||||||||||||||| ||||| ||||| |||| |||| |||||||||||| |||||  ||||| | || ||| | ||  ||| ||| ||  ||| || | ||| ||  |||| | | |  ||| | ||| || | |||||||</Hsp_midline>
    </Hsp>
  </Hit_hsps>
</Hit>
<Hit>
  <Hit_num>38</Hit_num>
  <Hit_id>gi|2095683355|gb|OK148082.1|</Hit_id>
  <Hit_def>Bifidobacterium sp. strain TG-R-101 16S ribosomal RNA gene, partial sequence</Hit_def>
  <Hit_accession>OK148082</Hit_accession>
  <Hit_len>1473</Hit_len>
  <Hit_hsps>
    <Hsp>
      <Hsp_num>1</Hsp_num>
      <Hsp_bit-score>315.974</Hsp_bit-score>
      <Hsp_score>349</Hsp_score>
      <Hsp_evalue>3.03773e-81</Hsp_evalue>
      <Hsp_query-from>1</Hsp_query-from>
      <Hsp_query-to>279</Hsp_query-to>
      <Hsp_hit-from>771</Hsp_hit-from>
      <Hsp_hit-to>493</Hsp_hit-to>
      <Hsp_query-frame>1</Hsp_query-frame>
      <Hsp_hit-frame>-1</Hsp_hit-frame>
      <Hsp_identity>236</Hsp_identity>
      <Hsp_positive>236</Hsp_positive>
      <Hsp_gaps>0</Hsp_gaps>
      <Hsp_align-len>279</Hsp_align-len>
      <Hsp_qseq>GACTACAAGGGTATCNAATCCTGTTNGCTCCCCACGCTTTCGCTCCTCAGCGTCAGTGACGGCCCAGAGACCTGCCNNCGCCATTGGTGTTCNNCCCGATATCTACACATTCCACCGTTACAACGGGAATTCCAGTCTCCCCTACCGCACTCCAGCCCCCCCGTTCCCGCCGCGCATCCACCGTTAAACGATGCCCTTTCCCCCCTGACTCCACTCACCCCCTCCGCTCCCCTTCCCCCCCATCCTTCCCGCTCATCCTTACCCCCCACCTTTTACCGC</Hsp_qseq>
      <Hsp_hseq>GACTACCAGGGTATCTAATCCTGTTCGCTCCCCACGCTTTCGCTCCTCAGCGTCAGTGACGGCCCAGAGACCTGCCTTCGCCATTGGTGTTCTTCCCGATATCTACACATTCCACCGTTACACCGGGAATTCCAGTCTCCCCTACCGCACTCAAGCCCGCCCGTACCCGGCGCGGATCCACCGTTAAGCGATGGACTTTCACACCGGACGCGACGAACCGCCTACGAGCCCTTTACGCCCAATAATTCCGGATAACGCTTGCACCCTACGTATTACCGC</Hsp_hseq>
      <Hsp_midline>|||||| |||||||| ||||||||| ||||||||||||||||||||||||||||||||||||||||||||||||||  ||||||||||||||  |||||||||||||||||||||||||||| ||||||||||||||||||||||||||||| ||||| ||||| |||| |||| |||||||||||| |||||  ||||| | || ||| | ||  ||| ||| ||  ||| || | ||| ||  |||| | | |  ||| | ||| || | |||||||</Hsp_midline>
    </Hsp>
  </Hit_hsps>
</Hit>
<Hit>
  <Hit_num>39</Hit_num>
  <Hit_id>gi|2095683275|gb|OK148002.1|</Hit_id>
  <Hit_def>Bifidobacterium sp. strain BL-T-100 16S ribosomal RNA gene, partial sequence</Hit_def>
  <Hit_accession>OK148002</Hit_accession>
  <Hit_len>1401</Hit_len>
  <Hit_hsps>
    <Hsp>
      <Hsp_num>1</Hsp_num>
      <Hsp_bit-score>315.974</Hsp_bit-score>
      <Hsp_score>349</Hsp_score>
      <Hsp_evalue>3.03773e-81</Hsp_evalue>
      <Hsp_query-from>1</Hsp_query-from>
      <Hsp_query-to>279</Hsp_query-to>
      <Hsp_hit-from>745</Hsp_hit-from>
      <Hsp_hit-to>467</Hsp_hit-to>
      <Hsp_query-frame>1</Hsp_query-frame>
      <Hsp_hit-frame>-1</Hsp_hit-frame>
      <Hsp_identity>236</Hsp_identity>
      <Hsp_positive>236</Hsp_positive>
      <Hsp_gaps>0</Hsp_gaps>
      <Hsp_align-len>279</Hsp_align-len>
      <Hsp_qseq>GACTACAAGGGTATCNAATCCTGTTNGCTCCCCACGCTTTCGCTCCTCAGCGTCAGTGACGGCCCAGAGACCTGCCNNCGCCATTGGTGTTCNNCCCGATATCTACACATTCCACCGTTACAACGGGAATTCCAGTCTCCCCTACCGCACTCCAGCCCCCCCGTTCCCGCCGCGCATCCACCGTTAAACGATGCCCTTTCCCCCCTGACTCCACTCACCCCCTCCGCTCCCCTTCCCCCCCATCCTTCCCGCTCATCCTTACCCCCCACCTTTTACCGC</Hsp_qseq>
      <Hsp_hseq>GACTACCAGGGTATCTAATCCTGTTCGCTCCCCACGCTTTCGCTCCTCAGCGTCAGTGACGGCCCAGAGACCTGCCTTCGCCATTGGTGTTCTTCCCGATATCTACACATTCCACCGTTACACCGGGAATTCCAGTCTCCCCTACCGCACTCAAGCCCGCCCGTACCCGGCGCGGATCCACCGTTAAGCGATGGACTTTCACACCGGACGCGACGAACCGCCTACGAGCCCTTTACGCCCAATAATTCCGGATAACGCTTGCACCCTACGTATTACCGC</Hsp_hseq>
      <Hsp_midline>|||||| |||||||| ||||||||| ||||||||||||||||||||||||||||||||||||||||||||||||||  ||||||||||||||  |||||||||||||||||||||||||||| ||||||||||||||||||||||||||||| ||||| ||||| |||| |||| |||||||||||| |||||  ||||| | || ||| | ||  ||| ||| ||  ||| || | ||| ||  |||| | | |  ||| | ||| || | |||||||</Hsp_midline>
    </Hsp>
  </Hit_hsps>
</Hit>
<Hit>
  <Hit_num>40</Hit_num>
  <Hit_id>gi|2090997321|gb|OK072153.1|</Hit_id>
  <Hit_def>Uncultured bacterium clone ASV_1283 16S ribosomal RNA gene, partial sequence</Hit_def>
  <Hit_accession>OK072153</Hit_accession>
  <Hit_len>414</Hit_len>
  <Hit_hsps>
    <Hsp>
      <Hsp_num>1</Hsp_num>
      <Hsp_bit-score>315.974</Hsp_bit-score>
      <Hsp_score>349</Hsp_score>
      <Hsp_evalue>3.03773e-81</Hsp_evalue>
      <Hsp_query-from>1</Hsp_query-from>
      <Hsp_query-to>279</Hsp_query-to>
      <Hsp_hit-from>291</Hsp_hit-from>
      <Hsp_hit-to>13</Hsp_hit-to>
      <Hsp_query-frame>1</Hsp_query-frame>
      <Hsp_hit-frame>-1</Hsp_hit-frame>
      <Hsp_identity>236</Hsp_identity>
      <Hsp_positive>236</Hsp_positive>
      <Hsp_gaps>0</Hsp_gaps>
      <Hsp_align-len>279</Hsp_align-len>
      <Hsp_qseq>GACTACAAGGGTATCNAATCCTGTTNGCTCCCCACGCTTTCGCTCCTCAGCGTCAGTGACGGCCCAGAGACCTGCCNNCGCCATTGGTGTTCNNCCCGATATCTACACATTCCACCGTTACAACGGGAATTCCAGTCTCCCCTACCGCACTCCAGCCCCCCCGTTCCCGCCGCGCATCCACCGTTAAACGATGCCCTTTCCCCCCTGACTCCACTCACCCCCTCCGCTCCCCTTCCCCCCCATCCTTCCCGCTCATCCTTACCCCCCACCTTTTACCGC</Hsp_qseq>
      <Hsp_hseq>GACTACCAGGGTATCTAATCCTGTTCGCTCCCCACGCTTTCGCTCCTCAGCGTCAGTGACGGCCCAGAGACCTGCCTTCGCCATTGGTGTTCTTCCCGATATCTACACATTCCACCGTTACACCGGGAATTCCAGTCTCCCCTACCGCACTCAAGCCCGCCCGTACCCGGCGCGGATCCACCGTTAAGCGATGGACTTTCACACCGGACGCGACGAACCGCCTACGAGCCCTTTACGCCCAATAATTCCGGATAACGCTTGCACCCTACGTATTACCGC</Hsp_hseq>
      <Hsp_midline>|||||| |||||||| ||||||||| ||||||||||||||||||||||||||||||||||||||||||||||||||  ||||||||||||||  |||||||||||||||||||||||||||| ||||||||||||||||||||||||||||| ||||| ||||| |||| |||| |||||||||||| |||||  ||||| | || ||| | ||  ||| ||| ||  ||| || | ||| ||  |||| | | |  ||| | ||| || | |||||||</Hsp_midline>
    </Hsp>
  </Hit_hsps>
</Hit>
<Hit>
  <Hit_num>41</Hit_num>
  <Hit_id>gi|2021897893|gb|MW866795.1|</Hit_id>
  <Hit_def>Bifidobacterium faecale strain 17359 16S ribosomal RNA gene, partial sequence</Hit_def>
  <Hit_accession>MW866795</Hit_accession>
  <Hit_len>1381</Hit_len>
  <Hit_hsps>
    <Hsp>
      <Hsp_num>1</Hsp_num>
      <Hsp_bit-score>315.974</Hsp_bit-score>
      <Hsp_score>349</Hsp_score>
      <Hsp_evalue>3.03773e-81</Hsp_evalue>
      <Hsp_query-from>1</Hsp_query-from>
      <Hsp_query-to>279</Hsp_query-to>
      <Hsp_hit-from>731</Hsp_hit-from>
      <Hsp_hit-to>453</Hsp_hit-to>
      <Hsp_query-frame>1</Hsp_query-frame>
      <Hsp_hit-frame>-1</Hsp_hit-frame>
      <Hsp_identity>236</Hsp_identity>
      <Hsp_positive>236</Hsp_positive>
      <Hsp_gaps>0</Hsp_gaps>
      <Hsp_align-len>279</Hsp_align-len>
      <Hsp_qseq>GACTACAAGGGTATCNAATCCTGTTNGCTCCCCACGCTTTCGCTCCTCAGCGTCAGTGACGGCCCAGAGACCTGCCNNCGCCATTGGTGTTCNNCCCGATATCTACACATTCCACCGTTACAACGGGAATTCCAGTCTCCCCTACCGCACTCCAGCCCCCCCGTTCCCGCCGCGCATCCACCGTTAAACGATGCCCTTTCCCCCCTGACTCCACTCACCCCCTCCGCTCCCCTTCCCCCCCATCCTTCCCGCTCATCCTTACCCCCCACCTTTTACCGC</Hsp_qseq>
      <Hsp_hseq>GACTACCAGGGTATCTAATCCTGTTCGCTCCCCACGCTTTCGCTCCTCAGCGTCAGTGACGGCCCAGAGACCTGCCTTCGCCATTGGTGTTCTTCCCGATATCTACACATTCCACCGTTACACCGGGAATTCCAGTCTCCCCTACCGCACTCAAGCCCGCCCGTACCCGGCGCGGATCCACCGTTAAGCGATGGACTTTCACACCGGACGCGACGAACCGCCTACGAGCCCTTTACGCCCAATAATTCCGGATAACGCTTGCACCCTACGTATTACCGC</Hsp_hseq>
      <Hsp_midline>|||||| |||||||| ||||||||| ||||||||||||||||||||||||||||||||||||||||||||||||||  ||||||||||||||  |||||||||||||||||||||||||||| ||||||||||||||||||||||||||||| ||||| ||||| |||| |||| |||||||||||| |||||  ||||| | || ||| | ||  ||| ||| ||  ||| || | ||| ||  |||| | | |  ||| | ||| || | |||||||</Hsp_midline>
    </Hsp>
  </Hit_hsps>
</Hit>
<Hit>
  <Hit_num>42</Hit_num>
  <Hit_id>gi|2022704094|gb|CP053072.1|</Hit_id>
  <Hit_def>Bifidobacterium adolescentis strain PRL2019 chromosome, complete genome</Hit_def>
  <Hit_accession>CP053072</Hit_accession>
  <Hit_len>2212477</Hit_len>
  <Hit_hsps>
    <Hsp>
      <Hsp_num>1</Hsp_num>
      <Hsp_bit-score>315.974</Hsp_bit-score>
      <Hsp_score>349</Hsp_score>
      <Hsp_evalue>3.03773e-81</Hsp_evalue>
      <Hsp_query-from>1</Hsp_query-from>
      <Hsp_query-to>279</Hsp_query-to>
      <Hsp_hit-from>1703477</Hsp_hit-from>
      <Hsp_hit-to>1703755</Hsp_hit-to>
      <Hsp_query-frame>1</Hsp_query-frame>
      <Hsp_hit-frame>1</Hsp_hit-frame>
      <Hsp_identity>236</Hsp_identity>
      <Hsp_positive>236</Hsp_positive>
      <Hsp_gaps>0</Hsp_gaps>
      <Hsp_align-len>279</Hsp_align-len>
      <Hsp_qseq>GACTACAAGGGTATCNAATCCTGTTNGCTCCCCACGCTTTCGCTCCTCAGCGTCAGTGACGGCCCAGAGACCTGCCNNCGCCATTGGTGTTCNNCCCGATATCTACACATTCCACCGTTACAACGGGAATTCCAGTCTCCCCTACCGCACTCCAGCCCCCCCGTTCCCGCCGCGCATCCACCGTTAAACGATGCCCTTTCCCCCCTGACTCCACTCACCCCCTCCGCTCCCCTTCCCCCCCATCCTTCCCGCTCATCCTTACCCCCCACCTTTTACCGC</Hsp_qseq>
      <Hsp_hseq>GACTACCAGGGTATCTAATCCTGTTCGCTCCCCACGCTTTCGCTCCTCAGCGTCAGTGACGGCCCAGAGACCTGCCTTCGCCATTGGTGTTCTTCCCGATATCTACACATTCCACCGTTACACCGGGAATTCCAGTCTCCCCTACCGCACTCAAGCCCGCCCGTACCCGGCGCGGATCCACCGTTAAGCGATGGACTTTCACACCGGACGCGACGAACCGCCTACGAGCCCTTTACGCCCAATAATTCCGGATAACGCTTGCACCCTACGTATTACCGC</Hsp_hseq>
      <Hsp_midline>|||||| |||||||| ||||||||| ||||||||||||||||||||||||||||||||||||||||||||||||||  ||||||||||||||  |||||||||||||||||||||||||||| ||||||||||||||||||||||||||||| ||||| ||||| |||| |||| |||||||||||| |||||  ||||| | || ||| | ||  ||| ||| ||  ||| || | ||| ||  |||| | | |  ||| | ||| || | |||||||</Hsp_midline>
    </Hsp>
    <Hsp>
      <Hsp_num>2</Hsp_num>
      <Hsp_bit-score>315.974</Hsp_bit-score>
      <Hsp_score>349</Hsp_score>
      <Hsp_evalue>3.03773e-81</Hsp_evalue>
      <Hsp_query-from>1</Hsp_query-from>
      <Hsp_query-to>279</Hsp_query-to>
      <Hsp_hit-from>2017021</Hsp_hit-from>
      <Hsp_hit-to>2017299</Hsp_hit-to>
      <Hsp_query-frame>1</Hsp_query-frame>
      <Hsp_hit-frame>1</Hsp_hit-frame>
      <Hsp_identity>236</Hsp_identity>
      <Hsp_positive>236</Hsp_positive>
      <Hsp_gaps>0</Hsp_gaps>
      <Hsp_align-len>279</Hsp_align-len>
      <Hsp_qseq>GACTACAAGGGTATCNAATCCTGTTNGCTCCCCACGCTTTCGCTCCTCAGCGTCAGTGACGGCCCAGAGACCTGCCNNCGCCATTGGTGTTCNNCCCGATATCTACACATTCCACCGTTACAACGGGAATTCCAGTCTCCCCTACCGCACTCCAGCCCCCCCGTTCCCGCCGCGCATCCACCGTTAAACGATGCCCTTTCCCCCCTGACTCCACTCACCCCCTCCGCTCCCCTTCCCCCCCATCCTTCCCGCTCATCCTTACCCCCCACCTTTTACCGC</Hsp_qseq>
      <Hsp_hseq>GACTACCAGGGTATCTAATCCTGTTCGCTCCCCACGCTTTCGCTCCTCAGCGTCAGTGACGGCCCAGAGACCTGCCTTCGCCATTGGTGTTCTTCCCGATATCTACACATTCCACCGTTACACCGGGAATTCCAGTCTCCCCTACCGCACTCAAGCCCGCCCGTACCCGGCGCGGATCCACCGTTAAGCGATGGACTTTCACACCGGACGCGACGAACCGCCTACGAGCCCTTTACGCCCAATAATTCCGGATAACGCTTGCACCCTACGTATTACCGC</Hsp_hseq>
      <Hsp_midline>|||||| |||||||| ||||||||| ||||||||||||||||||||||||||||||||||||||||||||||||||  ||||||||||||||  |||||||||||||||||||||||||||| ||||||||||||||||||||||||||||| ||||| ||||| |||| |||| |||||||||||| |||||  ||||| | || ||| | ||  ||| ||| ||  ||| || | ||| ||  |||| | | |  ||| | ||| || | |||||||</Hsp_midline>
    </Hsp>
    <Hsp>
      <Hsp_num>3</Hsp_num>
      <Hsp_bit-score>315.974</Hsp_bit-score>
      <Hsp_score>349</Hsp_score>
      <Hsp_evalue>3.03773e-81</Hsp_evalue>
      <Hsp_query-from>1</Hsp_query-from>
      <Hsp_query-to>279</Hsp_query-to>
      <Hsp_hit-from>2103186</Hsp_hit-from>
      <Hsp_hit-to>2103464</Hsp_hit-to>
      <Hsp_query-frame>1</Hsp_query-frame>
      <Hsp_hit-frame>1</Hsp_hit-frame>
      <Hsp_identity>236</Hsp_identity>
      <Hsp_positive>236</Hsp_positive>
      <Hsp_gaps>0</Hsp_gaps>
      <Hsp_align-len>279</Hsp_align-len>
      <Hsp_qseq>GACTACAAGGGTATCNAATCCTGTTNGCTCCCCACGCTTTCGCTCCTCAGCGTCAGTGACGGCCCAGAGACCTGCCNNCGCCATTGGTGTTCNNCCCGATATCTACACATTCCACCGTTACAACGGGAATTCCAGTCTCCCCTACCGCACTCCAGCCCCCCCGTTCCCGCCGCGCATCCACCGTTAAACGATGCCCTTTCCCCCCTGACTCCACTCACCCCCTCCGCTCCCCTTCCCCCCCATCCTTCCCGCTCATCCTTACCCCCCACCTTTTACCGC</Hsp_qseq>
      <Hsp_hseq>GACTACCAGGGTATCTAATCCTGTTCGCTCCCCACGCTTTCGCTCCTCAGCGTCAGTGACGGCCCAGAGACCTGCCTTCGCCATTGGTGTTCTTCCCGATATCTACACATTCCACCGTTACACCGGGAATTCCAGTCTCCCCTACCGCACTCAAGCCCGCCCGTACCCGGCGCGGATCCACCGTTAAGCGATGGACTTTCACACCGGACGCGACGAACCGCCTACGAGCCCTTTACGCCCAATAATTCCGGATAACGCTTGCACCCTACGTATTACCGC</Hsp_hseq>
      <Hsp_midline>|||||| |||||||| ||||||||| ||||||||||||||||||||||||||||||||||||||||||||||||||  ||||||||||||||  |||||||||||||||||||||||||||| ||||||||||||||||||||||||||||| ||||| ||||| |||| |||| |||||||||||| |||||  ||||| | || ||| | ||  ||| ||| ||  ||| || | ||| ||  |||| | | |  ||| | ||| || | |||||||</Hsp_midline>
    </Hsp>
    <Hsp>
      <Hsp_num>4</Hsp_num>
      <Hsp_bit-score>315.974</Hsp_bit-score>
      <Hsp_score>349</Hsp_score>
      <Hsp_evalue>3.03773e-81</Hsp_evalue>
      <Hsp_query-from>1</Hsp_query-from>
      <Hsp_query-to>279</Hsp_query-to>
      <Hsp_hit-from>2184537</Hsp_hit-from>
      <Hsp_hit-to>2184815</Hsp_hit-to>
      <Hsp_query-frame>1</Hsp_query-frame>
      <Hsp_hit-frame>1</Hsp_hit-frame>
      <Hsp_identity>236</Hsp_identity>
      <Hsp_positive>236</Hsp_positive>
      <Hsp_gaps>0</Hsp_gaps>
      <Hsp_align-len>279</Hsp_align-len>
      <Hsp_qseq>GACTACAAGGGTATCNAATCCTGTTNGCTCCCCACGCTTTCGCTCCTCAGCGTCAGTGACGGCCCAGAGACCTGCCNNCGCCATTGGTGTTCNNCCCGATATCTACACATTCCACCGTTACAACGGGAATTCCAGTCTCCCCTACCGCACTCCAGCCCCCCCGTTCCCGCCGCGCATCCACCGTTAAACGATGCCCTTTCCCCCCTGACTCCACTCACCCCCTCCGCTCCCCTTCCCCCCCATCCTTCCCGCTCATCCTTACCCCCCACCTTTTACCGC</Hsp_qseq>
      <Hsp_hseq>GACTACCAGGGTATCTAATCCTGTTCGCTCCCCACGCTTTCGCTCCTCAGCGTCAGTGACGGCCCAGAGACCTGCCTTCGCCATTGGTGTTCTTCCCGATATCTACACATTCCACCGTTACACCGGGAATTCCAGTCTCCCCTACCGCACTCAAGCCCGCCCGTACCCGGCGCGGATCCACCGTTAAGCGATGGACTTTCACACCGGACGCGACGAACCGCCTACGAGCCCTTTACGCCCAATAATTCCGGATAACGCTTGCACCCTACGTATTACCGC</Hsp_hseq>
      <Hsp_midline>|||||| |||||||| ||||||||| ||||||||||||||||||||||||||||||||||||||||||||||||||  ||||||||||||||  |||||||||||||||||||||||||||| ||||||||||||||||||||||||||||| ||||| ||||| |||| |||| |||||||||||| |||||  ||||| | || ||| | ||  ||| ||| ||  ||| || | ||| ||  |||| | | |  ||| | ||| || | |||||||</Hsp_midline>
    </Hsp>
  </Hit_hsps>
</Hit>
<Hit>
  <Hit_num>43</Hit_num>
  <Hit_id>gi|2006410147|gb|MW750419.1|</Hit_id>
  <Hit_def>Bifidobacterium sp. strain KGMB10663 16S ribosomal RNA gene, partial sequence</Hit_def>
  <Hit_accession>MW750419</Hit_accession>
  <Hit_len>1376</Hit_len>
  <Hit_hsps>
    <Hsp>
      <Hsp_num>1</Hsp_num>
      <Hsp_bit-score>315.974</Hsp_bit-score>
      <Hsp_score>349</Hsp_score>
      <Hsp_evalue>3.03773e-81</Hsp_evalue>
      <Hsp_query-from>1</Hsp_query-from>
      <Hsp_query-to>279</Hsp_query-to>
      <Hsp_hit-from>726</Hsp_hit-from>
      <Hsp_hit-to>448</Hsp_hit-to>
      <Hsp_query-frame>1</Hsp_query-frame>
      <Hsp_hit-frame>-1</Hsp_hit-frame>
      <Hsp_identity>236</Hsp_identity>
      <Hsp_positive>236</Hsp_positive>
      <Hsp_gaps>0</Hsp_gaps>
      <Hsp_align-len>279</Hsp_align-len>
      <Hsp_qseq>GACTACAAGGGTATCNAATCCTGTTNGCTCCCCACGCTTTCGCTCCTCAGCGTCAGTGACGGCCCAGAGACCTGCCNNCGCCATTGGTGTTCNNCCCGATATCTACACATTCCACCGTTACAACGGGAATTCCAGTCTCCCCTACCGCACTCCAGCCCCCCCGTTCCCGCCGCGCATCCACCGTTAAACGATGCCCTTTCCCCCCTGACTCCACTCACCCCCTCCGCTCCCCTTCCCCCCCATCCTTCCCGCTCATCCTTACCCCCCACCTTTTACCGC</Hsp_qseq>
      <Hsp_hseq>GACTACCAGGGTATCTAATCCTGTTCGCTCCCCACGCTTTCGCTCCTCAGCGTCAGTGACGGCCCAGAGACCTGCCTTCGCCATTGGTGTTCTTCCCGATATCTACACATTCCACCGTTACACCGGGAATTCCAGTCTCCCCTACCGCACTCAAGCCCGCCCGTACCCGGCGCGGATCCACCGTTAAGCGATGGACTTTCACACCGGACGCGACGAACCGCCTACGAGCCCTTTACGCCCAATAATTCCGGATAACGCTTGCACCCTACGTATTACCGC</Hsp_hseq>
      <Hsp_midline>|||||| |||||||| ||||||||| ||||||||||||||||||||||||||||||||||||||||||||||||||  ||||||||||||||  |||||||||||||||||||||||||||| ||||||||||||||||||||||||||||| ||||| ||||| |||| |||| |||||||||||| |||||  ||||| | || ||| | ||  ||| ||| ||  ||| || | ||| ||  |||| | | |  ||| | ||| || | |||||||</Hsp_midline>
    </Hsp>
  </Hit_hsps>
</Hit>
<Hit>
  <Hit_num>44</Hit_num>
  <Hit_id>gi|1953341085|gb|MW445041.1|</Hit_id>
  <Hit_def>Bifidobacterium faecale strain 12536 16S ribosomal RNA gene, partial sequence</Hit_def>
  <Hit_accession>MW445041</Hit_accession>
  <Hit_len>1397</Hit_len>
  <Hit_hsps>
    <Hsp>
      <Hsp_num>1</Hsp_num>
      <Hsp_bit-score>315.974</Hsp_bit-score>
      <Hsp_score>349</Hsp_score>
      <Hsp_evalue>3.03773e-81</Hsp_evalue>
      <Hsp_query-from>1</Hsp_query-from>
      <Hsp_query-to>279</Hsp_query-to>
      <Hsp_hit-from>730</Hsp_hit-from>
      <Hsp_hit-to>452</Hsp_hit-to>
      <Hsp_query-frame>1</Hsp_query-frame>
      <Hsp_hit-frame>-1</Hsp_hit-frame>
      <Hsp_identity>236</Hsp_identity>
      <Hsp_positive>236</Hsp_positive>
      <Hsp_gaps>0</Hsp_gaps>
      <Hsp_align-len>279</Hsp_align-len>
      <Hsp_qseq>GACTACAAGGGTATCNAATCCTGTTNGCTCCCCACGCTTTCGCTCCTCAGCGTCAGTGACGGCCCAGAGACCTGCCNNCGCCATTGGTGTTCNNCCCGATATCTACACATTCCACCGTTACAACGGGAATTCCAGTCTCCCCTACCGCACTCCAGCCCCCCCGTTCCCGCCGCGCATCCACCGTTAAACGATGCCCTTTCCCCCCTGACTCCACTCACCCCCTCCGCTCCCCTTCCCCCCCATCCTTCCCGCTCATCCTTACCCCCCACCTTTTACCGC</Hsp_qseq>
      <Hsp_hseq>GACTACCAGGGTATCTAATCCTGTTCGCTCCCCACGCTTTCGCTCCTCAGCGTCAGTGACGGCCCAGAGACCTGCCTTCGCCATTGGTGTTCTTCCCGATATCTACACATTCCACCGTTACACCGGGAATTCCAGTCTCCCCTACCGCACTCAAGCCCGCCCGTACCCGGCGCGGATCCACCGTTAAGCGATGGACTTTCACACCGGACGCGACGAACCGCCTACGAGCCCTTTACGCCCAATAATTCCGGATAACGCTTGCACCCTACGTATTACCGC</Hsp_hseq>
      <Hsp_midline>|||||| |||||||| ||||||||| ||||||||||||||||||||||||||||||||||||||||||||||||||  ||||||||||||||  |||||||||||||||||||||||||||| ||||||||||||||||||||||||||||| ||||| ||||| |||| |||| |||||||||||| |||||  ||||| | || ||| | ||  ||| ||| ||  ||| || | ||| ||  |||| | | |  ||| | ||| || | |||||||</Hsp_midline>
    </Hsp>
  </Hit_hsps>
</Hit>
<Hit>
  <Hit_num>45</Hit_num>
  <Hit_id>gi|1917985665|dbj|LC589222.1|</Hit_id>
  <Hit_def>Bifidobacterium faecale JCM 19861 gene for 16S rRNA, partial sequence</Hit_def>
  <Hit_accession>LC589222</Hit_accession>
  <Hit_len>1463</Hit_len>
  <Hit_hsps>
    <Hsp>
      <Hsp_num>1</Hsp_num>
      <Hsp_bit-score>315.974</Hsp_bit-score>
      <Hsp_score>349</Hsp_score>
      <Hsp_evalue>3.03773e-81</Hsp_evalue>
      <Hsp_query-from>1</Hsp_query-from>
      <Hsp_query-to>279</Hsp_query-to>
      <Hsp_hit-from>765</Hsp_hit-from>
      <Hsp_hit-to>487</Hsp_hit-to>
      <Hsp_query-frame>1</Hsp_query-frame>
      <Hsp_hit-frame>-1</Hsp_hit-frame>
      <Hsp_identity>236</Hsp_identity>
      <Hsp_positive>236</Hsp_positive>
      <Hsp_gaps>0</Hsp_gaps>
      <Hsp_align-len>279</Hsp_align-len>
      <Hsp_qseq>GACTACAAGGGTATCNAATCCTGTTNGCTCCCCACGCTTTCGCTCCTCAGCGTCAGTGACGGCCCAGAGACCTGCCNNCGCCATTGGTGTTCNNCCCGATATCTACACATTCCACCGTTACAACGGGAATTCCAGTCTCCCCTACCGCACTCCAGCCCCCCCGTTCCCGCCGCGCATCCACCGTTAAACGATGCCCTTTCCCCCCTGACTCCACTCACCCCCTCCGCTCCCCTTCCCCCCCATCCTTCCCGCTCATCCTTACCCCCCACCTTTTACCGC</Hsp_qseq>
      <Hsp_hseq>GACTACCAGGGTATCTAATCCTGTTCGCTCCCCACGCTTTCGCTCCTCAGCGTCAGTGACGGCCCAGAGACCTGCCTTCGCCATTGGTGTTCTTCCCGATATCTACACATTCCACCGTTACACCGGGAATTCCAGTCTCCCCTACCGCACTCAAGCCCGCCCGTACCCGGCGCGGATCCACCGTTAAGCGATGGACTTTCACACCGGACGCGACGAACCGCCTACGAGCCCTTTACGCCCAATAATTCCGGATAACGCTTGCACCCTACGTATTACCGC</Hsp_hseq>
      <Hsp_midline>|||||| |||||||| ||||||||| ||||||||||||||||||||||||||||||||||||||||||||||||||  ||||||||||||||  |||||||||||||||||||||||||||| ||||||||||||||||||||||||||||| ||||| ||||| |||| |||| |||||||||||| |||||  ||||| | || ||| | ||  ||| ||| ||  ||| || | ||| ||  |||| | | |  ||| | ||| || | |||||||</Hsp_midline>
    </Hsp>
  </Hit_hsps>
</Hit>
<Hit>
  <Hit_num>46</Hit_num>
  <Hit_id>gi|1908852541|gb|MW036294.1|</Hit_id>
  <Hit_def>Bifidobacterium sp. strain MRG-SR-62 16S ribosomal RNA gene, partial sequence</Hit_def>
  <Hit_accession>MW036294</Hit_accession>
  <Hit_len>1484</Hit_len>
  <Hit_hsps>
    <Hsp>
      <Hsp_num>1</Hsp_num>
      <Hsp_bit-score>315.974</Hsp_bit-score>
      <Hsp_score>349</Hsp_score>
      <Hsp_evalue>3.03773e-81</Hsp_evalue>
      <Hsp_query-from>1</Hsp_query-from>
      <Hsp_query-to>279</Hsp_query-to>
      <Hsp_hit-from>778</Hsp_hit-from>
      <Hsp_hit-to>500</Hsp_hit-to>
      <Hsp_query-frame>1</Hsp_query-frame>
      <Hsp_hit-frame>-1</Hsp_hit-frame>
      <Hsp_identity>236</Hsp_identity>
      <Hsp_positive>236</Hsp_positive>
      <Hsp_gaps>0</Hsp_gaps>
      <Hsp_align-len>279</Hsp_align-len>
      <Hsp_qseq>GACTACAAGGGTATCNAATCCTGTTNGCTCCCCACGCTTTCGCTCCTCAGCGTCAGTGACGGCCCAGAGACCTGCCNNCGCCATTGGTGTTCNNCCCGATATCTACACATTCCACCGTTACAACGGGAATTCCAGTCTCCCCTACCGCACTCCAGCCCCCCCGTTCCCGCCGCGCATCCACCGTTAAACGATGCCCTTTCCCCCCTGACTCCACTCACCCCCTCCGCTCCCCTTCCCCCCCATCCTTCCCGCTCATCCTTACCCCCCACCTTTTACCGC</Hsp_qseq>
      <Hsp_hseq>GACTACCAGGGTATCTAATCCTGTTCGCTCCCCACGCTTTCGCTCCTCAGCGTCAGTGACGGCCCAGAGACCTGCCTTCGCCATTGGTGTTCTTCCCGATATCTACACATTCCACCGTTACACCGGGAATTCCAGTCTCCCCTACCGCACTCAAGCCCGCCCGTACCCGGCGCGGATCCACCGTTAAGCGATGGACTTTCACACCGGACGCGACGAACCGCCTACGAGCCCTTTACGCCCAATAATTCCGGATAACGCTTGCACCCTACGTATTACCGC</Hsp_hseq>
      <Hsp_midline>|||||| |||||||| ||||||||| ||||||||||||||||||||||||||||||||||||||||||||||||||  ||||||||||||||  |||||||||||||||||||||||||||| ||||||||||||||||||||||||||||| ||||| ||||| |||| |||| |||||||||||| |||||  ||||| | || ||| | ||  ||| ||| ||  ||| || | ||| ||  |||| | | |  ||| | ||| || | |||||||</Hsp_midline>
    </Hsp>
  </Hit_hsps>
</Hit>
<Hit>
  <Hit_num>47</Hit_num>
  <Hit_id>gi|1908852540|gb|MW036293.1|</Hit_id>
  <Hit_def>Bifidobacterium sp. strain MRG-SR-352 16S ribosomal RNA gene, partial sequence</Hit_def>
  <Hit_accession>MW036293</Hit_accession>
  <Hit_len>1429</Hit_len>
  <Hit_hsps>
    <Hsp>
      <Hsp_num>1</Hsp_num>
      <Hsp_bit-score>315.974</Hsp_bit-score>
      <Hsp_score>349</Hsp_score>
      <Hsp_evalue>3.03773e-81</Hsp_evalue>
      <Hsp_query-from>1</Hsp_query-from>
      <Hsp_query-to>279</Hsp_query-to>
      <Hsp_hit-from>741</Hsp_hit-from>
      <Hsp_hit-to>463</Hsp_hit-to>
      <Hsp_query-frame>1</Hsp_query-frame>
      <Hsp_hit-frame>-1</Hsp_hit-frame>
      <Hsp_identity>236</Hsp_identity>
      <Hsp_positive>236</Hsp_positive>
      <Hsp_gaps>0</Hsp_gaps>
      <Hsp_align-len>279</Hsp_align-len>
      <Hsp_qseq>GACTACAAGGGTATCNAATCCTGTTNGCTCCCCACGCTTTCGCTCCTCAGCGTCAGTGACGGCCCAGAGACCTGCCNNCGCCATTGGTGTTCNNCCCGATATCTACACATTCCACCGTTACAACGGGAATTCCAGTCTCCCCTACCGCACTCCAGCCCCCCCGTTCCCGCCGCGCATCCACCGTTAAACGATGCCCTTTCCCCCCTGACTCCACTCACCCCCTCCGCTCCCCTTCCCCCCCATCCTTCCCGCTCATCCTTACCCCCCACCTTTTACCGC</Hsp_qseq>
      <Hsp_hseq>GACTACCAGGGTATCTAATCCTGTTCGCTCCCCACGCTTTCGCTCCTCAGCGTCAGTGACGGCCCAGAGACCTGCCTTCGCCATTGGTGTTCTTCCCGATATCTACACATTCCACCGTTACACCGGGAATTCCAGTCTCCCCTACCGCACTCAAGCCCGCCCGTACCCGGCGCGGATCCACCGTTAAGCGATGGACTTTCACACCGGACGCGACGAACCGCCTACGAGCCCTTTACGCCCAATAATTCCGGATAACGCTTGCACCCTACGTATTACCGC</Hsp_hseq>
      <Hsp_midline>|||||| |||||||| ||||||||| ||||||||||||||||||||||||||||||||||||||||||||||||||  ||||||||||||||  |||||||||||||||||||||||||||| ||||||||||||||||||||||||||||| ||||| ||||| |||| |||| |||||||||||| |||||  ||||| | || ||| | ||  ||| ||| ||  ||| || | ||| ||  |||| | | |  ||| | ||| || | |||||||</Hsp_midline>
    </Hsp>
  </Hit_hsps>
</Hit>
<Hit>
  <Hit_num>48</Hit_num>
  <Hit_id>gi|1893900893|gb|MT902946.1|</Hit_id>
  <Hit_def>Bifidobacterium adolescentis strain 4_CP_SP_10.mj 16S ribosomal RNA gene, partial sequence</Hit_def>
  <Hit_accession>MT902946</Hit_accession>
  <Hit_len>1432</Hit_len>
  <Hit_hsps>
    <Hsp>
      <Hsp_num>1</Hsp_num>
      <Hsp_bit-score>315.974</Hsp_bit-score>
      <Hsp_score>349</Hsp_score>
      <Hsp_evalue>3.03773e-81</Hsp_evalue>
      <Hsp_query-from>1</Hsp_query-from>
      <Hsp_query-to>279</Hsp_query-to>
      <Hsp_hit-from>752</Hsp_hit-from>
      <Hsp_hit-to>474</Hsp_hit-to>
      <Hsp_query-frame>1</Hsp_query-frame>
      <Hsp_hit-frame>-1</Hsp_hit-frame>
      <Hsp_identity>236</Hsp_identity>
      <Hsp_positive>236</Hsp_positive>
      <Hsp_gaps>0</Hsp_gaps>
      <Hsp_align-len>279</Hsp_align-len>
      <Hsp_qseq>GACTACAAGGGTATCNAATCCTGTTNGCTCCCCACGCTTTCGCTCCTCAGCGTCAGTGACGGCCCAGAGACCTGCCNNCGCCATTGGTGTTCNNCCCGATATCTACACATTCCACCGTTACAACGGGAATTCCAGTCTCCCCTACCGCACTCCAGCCCCCCCGTTCCCGCCGCGCATCCACCGTTAAACGATGCCCTTTCCCCCCTGACTCCACTCACCCCCTCCGCTCCCCTTCCCCCCCATCCTTCCCGCTCATCCTTACCCCCCACCTTTTACCGC</Hsp_qseq>
      <Hsp_hseq>GACTACCAGGGTATCTAATCCTGTTCGCTCCCCACGCTTTCGCTCCTCAGCGTCAGTGACGGCCCAGAGACCTGCCTTCGCCATTGGTGTTCTTCCCGATATCTACACATTCCACCGTTACACCGGGAATTCCAGTCTCCCCTACCGCACTCAAGCCCGCCCGTACCCGGCGCGGATCCACCGTTAAGCGATGGACTTTCACACCGGACGCGACGAACCGCCTACGAGCCCTTTACGCCCAATAATTCCGGATAACGCTTGCACCCTACGTATTACCGC</Hsp_hseq>
      <Hsp_midline>|||||| |||||||| ||||||||| ||||||||||||||||||||||||||||||||||||||||||||||||||  ||||||||||||||  |||||||||||||||||||||||||||| ||||||||||||||||||||||||||||| ||||| ||||| |||| |||| |||||||||||| |||||  ||||| | || ||| | ||  ||| ||| ||  ||| || | ||| ||  |||| | | |  ||| | ||| || | |||||||</Hsp_midline>
    </Hsp>
  </Hit_hsps>
</Hit>
<Hit>
  <Hit_num>49</Hit_num>
  <Hit_id>gi|1893900890|gb|MT902943.1|</Hit_id>
  <Hit_def>Bifidobacterium faecale strain 4-CP1-AT-SP-D3-35 16S ribosomal RNA gene, partial sequence</Hit_def>
  <Hit_accession>MT902943</Hit_accession>
  <Hit_len>1420</Hit_len>
  <Hit_hsps>
    <Hsp>
      <Hsp_num>1</Hsp_num>
      <Hsp_bit-score>315.974</Hsp_bit-score>
      <Hsp_score>349</Hsp_score>
      <Hsp_evalue>3.03773e-81</Hsp_evalue>
      <Hsp_query-from>1</Hsp_query-from>
      <Hsp_query-to>279</Hsp_query-to>
      <Hsp_hit-from>744</Hsp_hit-from>
      <Hsp_hit-to>466</Hsp_hit-to>
      <Hsp_query-frame>1</Hsp_query-frame>
      <Hsp_hit-frame>-1</Hsp_hit-frame>
      <Hsp_identity>236</Hsp_identity>
      <Hsp_positive>236</Hsp_positive>
      <Hsp_gaps>0</Hsp_gaps>
      <Hsp_align-len>279</Hsp_align-len>
      <Hsp_qseq>GACTACAAGGGTATCNAATCCTGTTNGCTCCCCACGCTTTCGCTCCTCAGCGTCAGTGACGGCCCAGAGACCTGCCNNCGCCATTGGTGTTCNNCCCGATATCTACACATTCCACCGTTACAACGGGAATTCCAGTCTCCCCTACCGCACTCCAGCCCCCCCGTTCCCGCCGCGCATCCACCGTTAAACGATGCCCTTTCCCCCCTGACTCCACTCACCCCCTCCGCTCCCCTTCCCCCCCATCCTTCCCGCTCATCCTTACCCCCCACCTTTTACCGC</Hsp_qseq>
      <Hsp_hseq>GACTACCAGGGTATCTAATCCTGTTCGCTCCCCACGCTTTCGCTCCTCAGCGTCAGTGACGGCCCAGAGACCTGCCTTCGCCATTGGTGTTCTTCCCGATATCTACACATTCCACCGTTACACCGGGAATTCCAGTCTCCCCTACCGCACTCAAGCCCGCCCGTACCCGGCGCGGATCCACCGTTAAGCGATGGACTTTCACACCGGACGCGACGAACCGCCTACGAGCCCTTTACGCCCAATAATTCCGGATAACGCTTGCACCCTACGTATTACCGC</Hsp_hseq>
      <Hsp_midline>|||||| |||||||| ||||||||| ||||||||||||||||||||||||||||||||||||||||||||||||||  ||||||||||||||  |||||||||||||||||||||||||||| ||||||||||||||||||||||||||||| ||||| ||||| |||| |||| |||||||||||| |||||  ||||| | || ||| | ||  ||| ||| ||  ||| || | ||| ||  |||| | | |  ||| | ||| || | |||||||</Hsp_midline>
    </Hsp>
  </Hit_hsps>
</Hit>
<Hit>
  <Hit_num>50</Hit_num>
  <Hit_id>gi|1893900886|gb|MT902939.1|</Hit_id>
  <Hit_def>Bifidobacterium adolescentis strain MNR-D2-20 16S ribosomal RNA gene, partial sequence</Hit_def>
  <Hit_accession>MT902939</Hit_accession>
  <Hit_len>1493</Hit_len>
  <Hit_hsps>
    <Hsp>
      <Hsp_num>1</Hsp_num>
      <Hsp_bit-score>315.974</Hsp_bit-score>
      <Hsp_score>349</Hsp_score>
      <Hsp_evalue>3.03773e-81</Hsp_evalue>
      <Hsp_query-from>1</Hsp_query-from>
      <Hsp_query-to>279</Hsp_query-to>
      <Hsp_hit-from>771</Hsp_hit-from>
      <Hsp_hit-to>493</Hsp_hit-to>
      <Hsp_query-frame>1</Hsp_query-frame>
      <Hsp_hit-frame>-1</Hsp_hit-frame>
      <Hsp_identity>236</Hsp_identity>
      <Hsp_positive>236</Hsp_positive>
      <Hsp_gaps>0</Hsp_gaps>
      <Hsp_align-len>279</Hsp_align-len>
      <Hsp_qseq>GACTACAAGGGTATCNAATCCTGTTNGCTCCCCACGCTTTCGCTCCTCAGCGTCAGTGACGGCCCAGAGACCTGCCNNCGCCATTGGTGTTCNNCCCGATATCTACACATTCCACCGTTACAACGGGAATTCCAGTCTCCCCTACCGCACTCCAGCCCCCCCGTTCCCGCCGCGCATCCACCGTTAAACGATGCCCTTTCCCCCCTGACTCCACTCACCCCCTCCGCTCCCCTTCCCCCCCATCCTTCCCGCTCATCCTTACCCCCCACCTTTTACCGC</Hsp_qseq>
      <Hsp_hseq>GACTACCAGGGTATCTAATCCTGTTCGCTCCCCACGCTTTCGCTCCTCAGCGTCAGTGACGGCCCAGAGACCTGCCTTCGCCATTGGTGTTCTTCCCGATATCTACACATTCCACCGTTACACCGGGAATTCCAGTCTCCCCTACCGCACTCAAGCCCGCCCGTACCCGGCGCGGATCCACCGTTAAGCGATGGACTTTCACACCGGACGCGACGAACCGCCTACGAGCCCTTTACGCCCAATAATTCCGGATAACGCTTGCACCCTACGTATTACCGC</Hsp_hseq>
      <Hsp_midline>|||||| |||||||| ||||||||| ||||||||||||||||||||||||||||||||||||||||||||||||||  ||||||||||||||  |||||||||||||||||||||||||||| ||||||||||||||||||||||||||||| ||||| ||||| |||| |||| |||||||||||| |||||  ||||| | || ||| | ||  ||| ||| ||  ||| || | ||| ||  |||| | | |  ||| | ||| || | |||||||</Hsp_midline>
    </Hsp>
  </Hit_hsps>
</Hit>
</Iteration_hits>
  <Iteration_stat>
    <Statistics>
      <Statistics_db-num>86584084</Statistics_db-num>
      <Statistics_db-len>888082006011</Statistics_db-len>
      <Statistics_hsp-len>0</Statistics_hsp-len>
      <Statistics_eff-space>0</Statistics_eff-space>
      <Statistics_kappa>0.41</Statistics_kappa>
      <Statistics_lambda>0.625</Statistics_lambda>
      <Statistics_entropy>0.78</Statistics_entropy>
    </Statistics>
  </Iteration_stat>
</Iteration>
</BlastOutput_iterations>
</BlastOutput>
